INFO:     Started server process [220903]
INFO:     Waiting for application startup.
INFO:     Application startup complete.
INFO:     Uvicorn running on http://0.0.0.0:18001 (Press CTRL+C to quit)
INFO:main:client connected : Address(host='210.96.144.144', port=55268)
INFO:     ('210.96.144.144', 55268) - "WebSocket /ws" [accepted]
INFO:     connection open
INFO:application:Received message from client: ppg_data(user_id='01JS4H9F14TFCF0MX0A8K0R75Y', session_id='01JSHSCS3KFZ6QESR6H51G6QR9', ppg_value=191847, time='2025-04-24T01:58:50.581717+09:00')
INFO:mapping_table:새 매핑 생성: 01JS4H9F14TFCF0MX0A8K0R75Y -> 2000
INFO:main:변환된 user_id : 2000
INFO:application:Received message from client: ppg_data(user_id='01JS4H9F14TFCF0MX0A8K0R75Y', session_id='01JSHSCS3KFZ6QESR6H51G6QR9', ppg_value=191858, time='2025-04-24T01:58:50.583711+09:00')
INFO:application:Received message from client: ppg_data(user_id='01JS4H9F14TFCF0MX0A8K0R75Y', session_id='01JSHSCS3KFZ6QESR6H51G6QR9', ppg_value=191907, time='2025-04-24T01:58:50.585901+09:00')
INFO:application:Received message from client: ppg_data(user_id='01JS4H9F14TFCF0MX0A8K0R75Y', session_id='01JSHSCS3KFZ6QESR6H51G6QR9', ppg_value=191949, time='2025-04-24T01:58:50.587697+09:00')
INFO:application:Received message from client: ppg_data(user_id='01JS4H9F14TFCF0MX0A8K0R75Y', session_id='01JSHSCS3KFZ6QESR6H51G6QR9', ppg_value=191964, time='2025-04-24T01:58:50.589395+09:00')
INFO:application:Received message from client: ppg_data(user_id='01JS4H9F14TFCF0MX0A8K0R75Y', session_id='01JSHSCS3KFZ6QESR6H51G6QR9', ppg_value=191988, time='2025-04-24T01:58:50.591471+09:00')
INFO:application:Received message from client: ppg_data(user_id='01JS4H9F14TFCF0MX0A8K0R75Y', session_id='01JSHSCS3KFZ6QESR6H51G6QR9', ppg_value=192009, time='2025-04-24T01:58:50.593647+09:00')
INFO:application:Received message from client: ppg_data(user_id='01JS4H9F14TFCF0MX0A8K0R75Y', session_id='01JSHSCS3KFZ6QESR6H51G6QR9', ppg_value=192049, time='2025-04-24T01:58:50.597439+09:00')
INFO:application:Received message from client: ppg_data(user_id='01JS4H9F14TFCF0MX0A8K0R75Y', session_id='01JSHSCS3KFZ6QESR6H51G6QR9', ppg_value=192086, time='2025-04-24T01:58:50.600498+09:00')
INFO:application:Received message from client: ppg_data(user_id='01JS4H9F14TFCF0MX0A8K0R75Y', session_id='01JSHSCS3KFZ6QESR6H51G6QR9', ppg_value=-31355, time='2025-04-24T01:58:50.601970+09:00')
INFO:application:Received message from client: ppg_data(user_id='01JS4H9F14TFCF0MX0A8K0R75Y', session_id='01JSHSCS3KFZ6QESR6H51G6QR9', ppg_value=-31368, time='2025-04-24T01:58:50.603390+09:00')
INFO:application:Received message from client: ppg_data(user_id='01JS4H9F14TFCF0MX0A8K0R75Y', session_id='01JSHSCS3KFZ6QESR6H51G6QR9', ppg_value=-31384, time='2025-04-24T01:58:50.604633+09:00')
INFO:application:Received message from client: ppg_data(user_id='01JS4H9F14TFCF0MX0A8K0R75Y', session_id='01JSHSCS3KFZ6QESR6H51G6QR9', ppg_value=-31476, time='2025-04-24T01:58:50.605826+09:00')
INFO:application:Received message from client: ppg_data(user_id='01JS4H9F14TFCF0MX0A8K0R75Y', session_id='01JSHSCS3KFZ6QESR6H51G6QR9', ppg_value=-31549, time='2025-04-24T01:58:50.607084+09:00')
INFO:application:Received message from client: ppg_data(user_id='01JS4H9F14TFCF0MX0A8K0R75Y', session_id='01JSHSCS3KFZ6QESR6H51G6QR9', ppg_value=8836, time='2025-04-24T01:58:50.608383+09:00')
INFO:application:Received message from client: ppg_data(user_id='01JS4H9F14TFCF0MX0A8K0R75Y', session_id='01JSHSCS3KFZ6QESR6H51G6QR9', ppg_value=8909, time='2025-04-24T01:58:50.609671+09:00')
INFO:application:Received message from client: ppg_data(user_id='01JS4H9F14TFCF0MX0A8K0R75Y', session_id='01JSHSCS3KFZ6QESR6H51G6QR9', ppg_value=8991, time='2025-04-24T01:58:50.616908+09:00')
INFO:application:Received message from client: ppg_data(user_id='01JS4H9F14TFCF0MX0A8K0R75Y', session_id='01JSHSCS3KFZ6QESR6H51G6QR9', ppg_value=9058, time='2025-04-24T01:58:50.618812+09:00')
INFO:application:Received message from client: ppg_data(user_id='01JS4H9F14TFCF0MX0A8K0R75Y', session_id='01JSHSCS3KFZ6QESR6H51G6QR9', ppg_value=9109, time='2025-04-24T01:58:50.621065+09:00')
INFO:application:Received message from client: ppg_data(user_id='01JS4H9F14TFCF0MX0A8K0R75Y', session_id='01JSHSCS3KFZ6QESR6H51G6QR9', ppg_value=-16850, time='2025-04-24T01:58:50.623537+09:00')
INFO:application:Received message from client: ppg_data(user_id='01JS4H9F14TFCF0MX0A8K0R75Y', session_id='01JSHSCS3KFZ6QESR6H51G6QR9', ppg_value=-16688, time='2025-04-24T01:58:50.625765+09:00')
INFO:application:Received message from client: ppg_data(user_id='01JS4H9F14TFCF0MX0A8K0R75Y', session_id='01JSHSCS3KFZ6QESR6H51G6QR9', ppg_value=-15875, time='2025-04-24T01:58:50.628426+09:00')
INFO:application:Received message from client: ppg_data(user_id='01JS4H9F14TFCF0MX0A8K0R75Y', session_id='01JSHSCS3KFZ6QESR6H51G6QR9', ppg_value=-14086, time='2025-04-24T01:58:50.630077+09:00')
INFO:application:Received message from client: ppg_data(user_id='01JS4H9F14TFCF0MX0A8K0R75Y', session_id='01JSHSCS3KFZ6QESR6H51G6QR9', ppg_value=-11772, time='2025-04-24T01:58:50.632562+09:00')
INFO:application:Received message from client: ppg_data(user_id='01JS4H9F14TFCF0MX0A8K0R75Y', session_id='01JSHSCS3KFZ6QESR6H51G6QR9', ppg_value=8933, time='2025-04-24T01:58:50.634347+09:00')
INFO:application:Received message from client: ppg_data(user_id='01JS4H9F14TFCF0MX0A8K0R75Y', session_id='01JSHSCS3KFZ6QESR6H51G6QR9', ppg_value=10558, time='2025-04-24T01:58:50.636002+09:00')
INFO:application:Received message from client: ppg_data(user_id='01JS4H9F14TFCF0MX0A8K0R75Y', session_id='01JSHSCS3KFZ6QESR6H51G6QR9', ppg_value=11451, time='2025-04-24T01:58:50.637477+09:00')
INFO:application:Received message from client: ppg_data(user_id='01JS4H9F14TFCF0MX0A8K0R75Y', session_id='01JSHSCS3KFZ6QESR6H51G6QR9', ppg_value=12226, time='2025-04-24T01:58:50.638694+09:00')
INFO:application:Received message from client: ppg_data(user_id='01JS4H9F14TFCF0MX0A8K0R75Y', session_id='01JSHSCS3KFZ6QESR6H51G6QR9', ppg_value=14236, time='2025-04-24T01:58:50.640005+09:00')
INFO:application:Received message from client: ppg_data(user_id='01JS4H9F14TFCF0MX0A8K0R75Y', session_id='01JSHSCS3KFZ6QESR6H51G6QR9', ppg_value=16467, time='2025-04-24T01:58:50.641312+09:00')
INFO:application:Received message from client: ppg_data(user_id='01JS4H9F14TFCF0MX0A8K0R75Y', session_id='01JSHSCS3KFZ6QESR6H51G6QR9', ppg_value=17838, time='2025-04-24T01:58:50.642694+09:00')
INFO:application:Received message from client: ppg_data(user_id='01JS4H9F14TFCF0MX0A8K0R75Y', session_id='01JSHSCS3KFZ6QESR6H51G6QR9', ppg_value=23277, time='2025-04-24T01:58:50.644140+09:00')
INFO:application:Received message from client: ppg_data(user_id='01JS4H9F14TFCF0MX0A8K0R75Y', session_id='01JSHSCS3KFZ6QESR6H51G6QR9', ppg_value=40670, time='2025-04-24T01:58:50.645436+09:00')
INFO:application:Received message from client: ppg_data(user_id='01JS4H9F14TFCF0MX0A8K0R75Y', session_id='01JSHSCS3KFZ6QESR6H51G6QR9', ppg_value=47881, time='2025-04-24T01:58:50.647044+09:00')
INFO:application:Received message from client: ppg_data(user_id='01JS4H9F14TFCF0MX0A8K0R75Y', session_id='01JSHSCS3KFZ6QESR6H51G6QR9', ppg_value=24561, time='2025-04-24T01:58:50.648625+09:00')
INFO:application:Received message from client: ppg_data(user_id='01JS4H9F14TFCF0MX0A8K0R75Y', session_id='01JSHSCS3KFZ6QESR6H51G6QR9', ppg_value=-729, time='2025-04-24T01:58:50.649898+09:00')
INFO:application:Received message from client: ppg_data(user_id='01JS4H9F14TFCF0MX0A8K0R75Y', session_id='01JSHSCS3KFZ6QESR6H51G6QR9', ppg_value=-18213, time='2025-04-24T01:58:50.651221+09:00')
INFO:application:Received message from client: ppg_data(user_id='01JS4H9F14TFCF0MX0A8K0R75Y', session_id='01JSHSCS3KFZ6QESR6H51G6QR9', ppg_value=-26950, time='2025-04-24T01:58:50.652565+09:00')
INFO:application:Received message from client: ppg_data(user_id='01JS4H9F14TFCF0MX0A8K0R75Y', session_id='01JSHSCS3KFZ6QESR6H51G6QR9', ppg_value=-27964, time='2025-04-24T01:58:50.653855+09:00')
INFO:application:Received message from client: ppg_data(user_id='01JS4H9F14TFCF0MX0A8K0R75Y', session_id='01JSHSCS3KFZ6QESR6H51G6QR9', ppg_value=-25725, time='2025-04-24T01:58:50.655141+09:00')
INFO:application:Received message from client: ppg_data(user_id='01JS4H9F14TFCF0MX0A8K0R75Y', session_id='01JSHSCS3KFZ6QESR6H51G6QR9', ppg_value=-22112, time='2025-04-24T01:58:50.656506+09:00')
INFO:application:Received message from client: ppg_data(user_id='01JS4H9F14TFCF0MX0A8K0R75Y', session_id='01JSHSCS3KFZ6QESR6H51G6QR9', ppg_value=-19720, time='2025-04-24T01:58:50.657765+09:00')
INFO:application:Received message from client: ppg_data(user_id='01JS4H9F14TFCF0MX0A8K0R75Y', session_id='01JSHSCS3KFZ6QESR6H51G6QR9', ppg_value=-17497, time='2025-04-24T01:58:50.659087+09:00')
INFO:application:Received message from client: ppg_data(user_id='01JS4H9F14TFCF0MX0A8K0R75Y', session_id='01JSHSCS3KFZ6QESR6H51G6QR9', ppg_value=-10279, time='2025-04-24T01:58:50.660340+09:00')
INFO:application:Received message from client: ppg_data(user_id='01JS4H9F14TFCF0MX0A8K0R75Y', session_id='01JSHSCS3KFZ6QESR6H51G6QR9', ppg_value=-8001, time='2025-04-24T01:58:50.661582+09:00')
INFO:application:Received message from client: ppg_data(user_id='01JS4H9F14TFCF0MX0A8K0R75Y', session_id='01JSHSCS3KFZ6QESR6H51G6QR9', ppg_value=-3989, time='2025-04-24T01:58:50.662796+09:00')
INFO:application:Received message from client: ppg_data(user_id='01JS4H9F14TFCF0MX0A8K0R75Y', session_id='01JSHSCS3KFZ6QESR6H51G6QR9', ppg_value=-820, time='2025-04-24T01:58:50.664222+09:00')
INFO:application:Received message from client: ppg_data(user_id='01JS4H9F14TFCF0MX0A8K0R75Y', session_id='01JSHSCS3KFZ6QESR6H51G6QR9', ppg_value=4179, time='2025-04-24T01:58:50.665455+09:00')
INFO:application:Received message from client: ppg_data(user_id='01JS4H9F14TFCF0MX0A8K0R75Y', session_id='01JSHSCS3KFZ6QESR6H51G6QR9', ppg_value=4517, time='2025-04-24T01:58:50.666694+09:00')
INFO:application:Received message from client: ppg_data(user_id='01JS4H9F14TFCF0MX0A8K0R75Y', session_id='01JSHSCS3KFZ6QESR6H51G6QR9', ppg_value=3445, time='2025-04-24T01:58:50.668065+09:00')
INFO:application:Received message from client: ppg_data(user_id='01JS4H9F14TFCF0MX0A8K0R75Y', session_id='01JSHSCS3KFZ6QESR6H51G6QR9', ppg_value=3076, time='2025-04-24T01:58:50.668485+09:00')
INFO:application:Received message from client: ppg_data(user_id='01JS4H9F14TFCF0MX0A8K0R75Y', session_id='01JSHSCS3KFZ6QESR6H51G6QR9', ppg_value=5406, time='2025-04-24T01:58:50.668877+09:00')
INFO:application:Received message from client: ppg_data(user_id='01JS4H9F14TFCF0MX0A8K0R75Y', session_id='01JSHSCS3KFZ6QESR6H51G6QR9', ppg_value=7811, time='2025-04-24T01:58:50.669285+09:00')
INFO:application:Received message from client: ppg_data(user_id='01JS4H9F14TFCF0MX0A8K0R75Y', session_id='01JSHSCS3KFZ6QESR6H51G6QR9', ppg_value=11125, time='2025-04-24T01:58:50.669706+09:00')
INFO:application:Received message from client: ppg_data(user_id='01JS4H9F14TFCF0MX0A8K0R75Y', session_id='01JSHSCS3KFZ6QESR6H51G6QR9', ppg_value=13631, time='2025-04-24T01:58:50.670129+09:00')
INFO:application:Received message from client: ppg_data(user_id='01JS4H9F14TFCF0MX0A8K0R75Y', session_id='01JSHSCS3KFZ6QESR6H51G6QR9', ppg_value=15615, time='2025-04-24T01:58:50.671184+09:00')
INFO:application:Received message from client: ppg_data(user_id='01JS4H9F14TFCF0MX0A8K0R75Y', session_id='01JSHSCS3KFZ6QESR6H51G6QR9', ppg_value=17615, time='2025-04-24T01:58:50.671667+09:00')
INFO:application:Received message from client: ppg_data(user_id='01JS4H9F14TFCF0MX0A8K0R75Y', session_id='01JSHSCS3KFZ6QESR6H51G6QR9', ppg_value=19630, time='2025-04-24T01:58:50.672084+09:00')
INFO:application:Received message from client: ppg_data(user_id='01JS4H9F14TFCF0MX0A8K0R75Y', session_id='01JSHSCS3KFZ6QESR6H51G6QR9', ppg_value=21954, time='2025-04-24T01:58:50.672617+09:00')
INFO:application:Received message from client: ppg_data(user_id='01JS4H9F14TFCF0MX0A8K0R75Y', session_id='01JSHSCS3KFZ6QESR6H51G6QR9', ppg_value=22826, time='2025-04-24T01:58:50.673001+09:00')
INFO:application:Received message from client: ppg_data(user_id='01JS4H9F14TFCF0MX0A8K0R75Y', session_id='01JSHSCS3KFZ6QESR6H51G6QR9', ppg_value=23116, time='2025-04-24T01:58:50.673368+09:00')
INFO:application:Received message from client: ppg_data(user_id='01JS4H9F14TFCF0MX0A8K0R75Y', session_id='01JSHSCS3KFZ6QESR6H51G6QR9', ppg_value=23355, time='2025-04-24T01:58:50.673777+09:00')
INFO:application:Received message from client: ppg_data(user_id='01JS4H9F14TFCF0MX0A8K0R75Y', session_id='01JSHSCS3KFZ6QESR6H51G6QR9', ppg_value=23425, time='2025-04-24T01:58:50.674171+09:00')
INFO:application:Received message from client: ppg_data(user_id='01JS4H9F14TFCF0MX0A8K0R75Y', session_id='01JSHSCS3KFZ6QESR6H51G6QR9', ppg_value=23589, time='2025-04-24T01:58:50.674560+09:00')
INFO:application:Received message from client: ppg_data(user_id='01JS4H9F14TFCF0MX0A8K0R75Y', session_id='01JSHSCS3KFZ6QESR6H51G6QR9', ppg_value=24238, time='2025-04-24T01:58:50.675042+09:00')
INFO:application:Received message from client: ppg_data(user_id='01JS4H9F14TFCF0MX0A8K0R75Y', session_id='01JSHSCS3KFZ6QESR6H51G6QR9', ppg_value=24720, time='2025-04-24T01:58:50.675459+09:00')
INFO:application:Received message from client: ppg_data(user_id='01JS4H9F14TFCF0MX0A8K0R75Y', session_id='01JSHSCS3KFZ6QESR6H51G6QR9', ppg_value=25336, time='2025-04-24T01:58:50.675863+09:00')
INFO:application:Received message from client: ppg_data(user_id='01JS4H9F14TFCF0MX0A8K0R75Y', session_id='01JSHSCS3KFZ6QESR6H51G6QR9', ppg_value=25633, time='2025-04-24T01:58:50.676295+09:00')
INFO:application:Received message from client: ppg_data(user_id='01JS4H9F14TFCF0MX0A8K0R75Y', session_id='01JSHSCS3KFZ6QESR6H51G6QR9', ppg_value=25849, time='2025-04-24T01:58:50.676690+09:00')
INFO:application:Received message from client: ppg_data(user_id='01JS4H9F14TFCF0MX0A8K0R75Y', session_id='01JSHSCS3KFZ6QESR6H51G6QR9', ppg_value=26282, time='2025-04-24T01:58:50.677085+09:00')
INFO:application:Received message from client: ppg_data(user_id='01JS4H9F14TFCF0MX0A8K0R75Y', session_id='01JSHSCS3KFZ6QESR6H51G6QR9', ppg_value=26593, time='2025-04-24T01:58:50.677509+09:00')
INFO:application:Received message from client: ppg_data(user_id='01JS4H9F14TFCF0MX0A8K0R75Y', session_id='01JSHSCS3KFZ6QESR6H51G6QR9', ppg_value=26799, time='2025-04-24T01:58:50.677932+09:00')
INFO:application:Received message from client: ppg_data(user_id='01JS4H9F14TFCF0MX0A8K0R75Y', session_id='01JSHSCS3KFZ6QESR6H51G6QR9', ppg_value=26916, time='2025-04-24T01:58:50.678329+09:00')
INFO:application:Received message from client: ppg_data(user_id='01JS4H9F14TFCF0MX0A8K0R75Y', session_id='01JSHSCS3KFZ6QESR6H51G6QR9', ppg_value=27075, time='2025-04-24T01:58:50.678708+09:00')
INFO:application:Received message from client: ppg_data(user_id='01JS4H9F14TFCF0MX0A8K0R75Y', session_id='01JSHSCS3KFZ6QESR6H51G6QR9', ppg_value=27173, time='2025-04-24T01:58:50.679250+09:00')
INFO:application:Received message from client: ppg_data(user_id='01JS4H9F14TFCF0MX0A8K0R75Y', session_id='01JSHSCS3KFZ6QESR6H51G6QR9', ppg_value=27516, time='2025-04-24T01:58:50.679965+09:00')
INFO:application:Received message from client: ppg_data(user_id='01JS4H9F14TFCF0MX0A8K0R75Y', session_id='01JSHSCS3KFZ6QESR6H51G6QR9', ppg_value=27840, time='2025-04-24T01:58:50.680460+09:00')
INFO:application:Received message from client: ppg_data(user_id='01JS4H9F14TFCF0MX0A8K0R75Y', session_id='01JSHSCS3KFZ6QESR6H51G6QR9', ppg_value=28093, time='2025-04-24T01:58:50.680906+09:00')
INFO:application:Received message from client: ppg_data(user_id='01JS4H9F14TFCF0MX0A8K0R75Y', session_id='01JSHSCS3KFZ6QESR6H51G6QR9', ppg_value=28417, time='2025-04-24T01:58:50.681342+09:00')
INFO:application:Received message from client: ppg_data(user_id='01JS4H9F14TFCF0MX0A8K0R75Y', session_id='01JSHSCS3KFZ6QESR6H51G6QR9', ppg_value=28981, time='2025-04-24T01:58:50.681745+09:00')
INFO:application:Received message from client: ppg_data(user_id='01JS4H9F14TFCF0MX0A8K0R75Y', session_id='01JSHSCS3KFZ6QESR6H51G6QR9', ppg_value=29994, time='2025-04-24T01:58:50.682130+09:00')
INFO:application:Received message from client: ppg_data(user_id='01JS4H9F14TFCF0MX0A8K0R75Y', session_id='01JSHSCS3KFZ6QESR6H51G6QR9', ppg_value=30618, time='2025-04-24T01:58:50.682509+09:00')
INFO:application:Received message from client: ppg_data(user_id='01JS4H9F14TFCF0MX0A8K0R75Y', session_id='01JSHSCS3KFZ6QESR6H51G6QR9', ppg_value=30745, time='2025-04-24T01:58:50.682897+09:00')
INFO:application:Received message from client: ppg_data(user_id='01JS4H9F14TFCF0MX0A8K0R75Y', session_id='01JSHSCS3KFZ6QESR6H51G6QR9', ppg_value=30548, time='2025-04-24T01:58:50.683421+09:00')
INFO:application:Received message from client: ppg_data(user_id='01JS4H9F14TFCF0MX0A8K0R75Y', session_id='01JSHSCS3KFZ6QESR6H51G6QR9', ppg_value=30471, time='2025-04-24T01:58:50.683832+09:00')
INFO:application:Received message from client: ppg_data(user_id='01JS4H9F14TFCF0MX0A8K0R75Y', session_id='01JSHSCS3KFZ6QESR6H51G6QR9', ppg_value=30282, time='2025-04-24T01:58:50.684248+09:00')
INFO:application:Received message from client: ppg_data(user_id='01JS4H9F14TFCF0MX0A8K0R75Y', session_id='01JSHSCS3KFZ6QESR6H51G6QR9', ppg_value=30248, time='2025-04-24T01:58:50.684656+09:00')
INFO:application:Received message from client: ppg_data(user_id='01JS4H9F14TFCF0MX0A8K0R75Y', session_id='01JSHSCS3KFZ6QESR6H51G6QR9', ppg_value=30530, time='2025-04-24T01:58:50.685039+09:00')
INFO:application:Received message from client: ppg_data(user_id='01JS4H9F14TFCF0MX0A8K0R75Y', session_id='01JSHSCS3KFZ6QESR6H51G6QR9', ppg_value=30778, time='2025-04-24T01:58:50.685430+09:00')
INFO:application:Received message from client: ppg_data(user_id='01JS4H9F14TFCF0MX0A8K0R75Y', session_id='01JSHSCS3KFZ6QESR6H51G6QR9', ppg_value=31325, time='2025-04-24T01:58:50.685863+09:00')
INFO:application:Received message from client: ppg_data(user_id='01JS4H9F14TFCF0MX0A8K0R75Y', session_id='01JSHSCS3KFZ6QESR6H51G6QR9', ppg_value=31610, time='2025-04-24T01:58:50.686256+09:00')
INFO:application:Received message from client: ppg_data(user_id='01JS4H9F14TFCF0MX0A8K0R75Y', session_id='01JSHSCS3KFZ6QESR6H51G6QR9', ppg_value=32167, time='2025-04-24T01:58:50.686640+09:00')
INFO:application:Received message from client: ppg_data(user_id='01JS4H9F14TFCF0MX0A8K0R75Y', session_id='01JSHSCS3KFZ6QESR6H51G6QR9', ppg_value=32819, time='2025-04-24T01:58:50.687110+09:00')
INFO:application:Received message from client: ppg_data(user_id='01JS4H9F14TFCF0MX0A8K0R75Y', session_id='01JSHSCS3KFZ6QESR6H51G6QR9', ppg_value=33632, time='2025-04-24T01:58:50.687523+09:00')
INFO:application:Received message from client: ppg_data(user_id='01JS4H9F14TFCF0MX0A8K0R75Y', session_id='01JSHSCS3KFZ6QESR6H51G6QR9', ppg_value=34036, time='2025-04-24T01:58:50.687936+09:00')
INFO:application:Received message from client: ppg_data(user_id='01JS4H9F14TFCF0MX0A8K0R75Y', session_id='01JSHSCS3KFZ6QESR6H51G6QR9', ppg_value=34416, time='2025-04-24T01:58:50.688341+09:00')
INFO:application:Received message from client: ppg_data(user_id='01JS4H9F14TFCF0MX0A8K0R75Y', session_id='01JSHSCS3KFZ6QESR6H51G6QR9', ppg_value=34728, time='2025-04-24T01:58:50.688762+09:00')
INFO:application:Received message from client: ppg_data(user_id='01JS4H9F14TFCF0MX0A8K0R75Y', session_id='01JSHSCS3KFZ6QESR6H51G6QR9', ppg_value=35035, time='2025-04-24T01:58:50.689153+09:00')
INFO:application:Received message from client: ppg_data(user_id='01JS4H9F14TFCF0MX0A8K0R75Y', session_id='01JSHSCS3KFZ6QESR6H51G6QR9', ppg_value=35084, time='2025-04-24T01:58:50.689541+09:00')
INFO:application:Received message from client: ppg_data(user_id='01JS4H9F14TFCF0MX0A8K0R75Y', session_id='01JSHSCS3KFZ6QESR6H51G6QR9', ppg_value=35084, time='2025-04-24T01:58:50.689924+09:00')
INFO:main:변환된 user_id : 01JS4H9F14TFCF0MX0A8K0R75Y
INFO:application:Received message from client: ppg_data(user_id='01JS4H9F14TFCF0MX0A8K0R75Y', session_id='01JSHSCS3KFZ6QESR6H51G6QR9', ppg_value=35373, time='2025-04-24T01:58:50.690322+09:00')
INFO:application:Received message from client: ppg_data(user_id='01JS4H9F14TFCF0MX0A8K0R75Y', session_id='01JSHSCS3KFZ6QESR6H51G6QR9', ppg_value=35636, time='2025-04-24T01:58:50.690697+09:00')
INFO:application:Received message from client: ppg_data(user_id='01JS4H9F14TFCF0MX0A8K0R75Y', session_id='01JSHSCS3KFZ6QESR6H51G6QR9', ppg_value=35679, time='2025-04-24T01:58:50.691125+09:00')
INFO:application:Received message from client: ppg_data(user_id='01JS4H9F14TFCF0MX0A8K0R75Y', session_id='01JSHSCS3KFZ6QESR6H51G6QR9', ppg_value=36103, time='2025-04-24T01:58:50.691522+09:00')
INFO:application:Received message from client: ppg_data(user_id='01JS4H9F14TFCF0MX0A8K0R75Y', session_id='01JSHSCS3KFZ6QESR6H51G6QR9', ppg_value=36529, time='2025-04-24T01:58:50.691929+09:00')
INFO:application:Received message from client: ppg_data(user_id='01JS4H9F14TFCF0MX0A8K0R75Y', session_id='01JSHSCS3KFZ6QESR6H51G6QR9', ppg_value=36413, time='2025-04-24T01:58:50.692350+09:00')
INFO:application:Received message from client: ppg_data(user_id='01JS4H9F14TFCF0MX0A8K0R75Y', session_id='01JSHSCS3KFZ6QESR6H51G6QR9', ppg_value=35978, time='2025-04-24T01:58:50.692735+09:00')
INFO:application:Received message from client: ppg_data(user_id='01JS4H9F14TFCF0MX0A8K0R75Y', session_id='01JSHSCS3KFZ6QESR6H51G6QR9', ppg_value=35609, time='2025-04-24T01:58:50.693116+09:00')
INFO:application:Received message from client: ppg_data(user_id='01JS4H9F14TFCF0MX0A8K0R75Y', session_id='01JSHSCS3KFZ6QESR6H51G6QR9', ppg_value=35218, time='2025-04-24T01:58:50.693491+09:00')
INFO:application:Received message from client: ppg_data(user_id='01JS4H9F14TFCF0MX0A8K0R75Y', session_id='01JSHSCS3KFZ6QESR6H51G6QR9', ppg_value=34843, time='2025-04-24T01:58:50.693931+09:00')
INFO:application:Received message from client: ppg_data(user_id='01JS4H9F14TFCF0MX0A8K0R75Y', session_id='01JSHSCS3KFZ6QESR6H51G6QR9', ppg_value=34774, time='2025-04-24T01:58:50.694326+09:00')
INFO:application:Received message from client: ppg_data(user_id='01JS4H9F14TFCF0MX0A8K0R75Y', session_id='01JSHSCS3KFZ6QESR6H51G6QR9', ppg_value=34643, time='2025-04-24T01:58:50.694725+09:00')
INFO:application:Received message from client: ppg_data(user_id='01JS4H9F14TFCF0MX0A8K0R75Y', session_id='01JSHSCS3KFZ6QESR6H51G6QR9', ppg_value=34582, time='2025-04-24T01:58:50.695203+09:00')
INFO:application:Received message from client: ppg_data(user_id='01JS4H9F14TFCF0MX0A8K0R75Y', session_id='01JSHSCS3KFZ6QESR6H51G6QR9', ppg_value=34661, time='2025-04-24T01:58:50.695750+09:00')
INFO:application:Received message from client: ppg_data(user_id='01JS4H9F14TFCF0MX0A8K0R75Y', session_id='01JSHSCS3KFZ6QESR6H51G6QR9', ppg_value=34613, time='2025-04-24T01:58:50.696220+09:00')
INFO:application:Received message from client: ppg_data(user_id='01JS4H9F14TFCF0MX0A8K0R75Y', session_id='01JSHSCS3KFZ6QESR6H51G6QR9', ppg_value=34803, time='2025-04-24T01:58:50.696627+09:00')
INFO:application:Received message from client: ppg_data(user_id='01JS4H9F14TFCF0MX0A8K0R75Y', session_id='01JSHSCS3KFZ6QESR6H51G6QR9', ppg_value=34890, time='2025-04-24T01:58:50.697021+09:00')
INFO:application:Received message from client: ppg_data(user_id='01JS4H9F14TFCF0MX0A8K0R75Y', session_id='01JSHSCS3KFZ6QESR6H51G6QR9', ppg_value=35095, time='2025-04-24T01:58:50.697452+09:00')
INFO:application:Received message from client: ppg_data(user_id='01JS4H9F14TFCF0MX0A8K0R75Y', session_id='01JSHSCS3KFZ6QESR6H51G6QR9', ppg_value=35179, time='2025-04-24T01:58:50.697837+09:00')
INFO:application:Received message from client: ppg_data(user_id='01JS4H9F14TFCF0MX0A8K0R75Y', session_id='01JSHSCS3KFZ6QESR6H51G6QR9', ppg_value=35536, time='2025-04-24T01:58:50.698217+09:00')
INFO:application:Received message from client: ppg_data(user_id='01JS4H9F14TFCF0MX0A8K0R75Y', session_id='01JSHSCS3KFZ6QESR6H51G6QR9', ppg_value=35852, time='2025-04-24T01:58:50.698601+09:00')
INFO:application:Received message from client: ppg_data(user_id='01JS4H9F14TFCF0MX0A8K0R75Y', session_id='01JSHSCS3KFZ6QESR6H51G6QR9', ppg_value=36142, time='2025-04-24T01:58:50.699106+09:00')
INFO:application:Received message from client: ppg_data(user_id='01JS4H9F14TFCF0MX0A8K0R75Y', session_id='01JSHSCS3KFZ6QESR6H51G6QR9', ppg_value=36307, time='2025-04-24T01:58:50.699509+09:00')
INFO:application:Received message from client: ppg_data(user_id='01JS4H9F14TFCF0MX0A8K0R75Y', session_id='01JSHSCS3KFZ6QESR6H51G6QR9', ppg_value=36573, time='2025-04-24T01:58:50.699897+09:00')
INFO:application:Received message from client: ppg_data(user_id='01JS4H9F14TFCF0MX0A8K0R75Y', session_id='01JSHSCS3KFZ6QESR6H51G6QR9', ppg_value=37269, time='2025-04-24T01:58:50.700288+09:00')
INFO:application:Received message from client: ppg_data(user_id='01JS4H9F14TFCF0MX0A8K0R75Y', session_id='01JSHSCS3KFZ6QESR6H51G6QR9', ppg_value=36982, time='2025-04-24T01:58:50.700720+09:00')
INFO:application:Received message from client: ppg_data(user_id='01JS4H9F14TFCF0MX0A8K0R75Y', session_id='01JSHSCS3KFZ6QESR6H51G6QR9', ppg_value=36350, time='2025-04-24T01:58:50.701158+09:00')
INFO:application:Received message from client: ppg_data(user_id='01JS4H9F14TFCF0MX0A8K0R75Y', session_id='01JSHSCS3KFZ6QESR6H51G6QR9', ppg_value=35543, time='2025-04-24T01:58:50.701550+09:00')
INFO:application:Received message from client: ppg_data(user_id='01JS4H9F14TFCF0MX0A8K0R75Y', session_id='01JSHSCS3KFZ6QESR6H51G6QR9', ppg_value=34835, time='2025-04-24T01:58:50.701979+09:00')
INFO:application:Received message from client: ppg_data(user_id='01JS4H9F14TFCF0MX0A8K0R75Y', session_id='01JSHSCS3KFZ6QESR6H51G6QR9', ppg_value=34207, time='2025-04-24T01:58:50.702376+09:00')
INFO:application:Received message from client: ppg_data(user_id='01JS4H9F14TFCF0MX0A8K0R75Y', session_id='01JSHSCS3KFZ6QESR6H51G6QR9', ppg_value=33885, time='2025-04-24T01:58:50.702828+09:00')
INFO:application:Received message from client: ppg_data(user_id='01JS4H9F14TFCF0MX0A8K0R75Y', session_id='01JSHSCS3KFZ6QESR6H51G6QR9', ppg_value=33783, time='2025-04-24T01:58:50.703270+09:00')
INFO:application:Received message from client: ppg_data(user_id='01JS4H9F14TFCF0MX0A8K0R75Y', session_id='01JSHSCS3KFZ6QESR6H51G6QR9', ppg_value=33604, time='2025-04-24T01:58:50.703665+09:00')
INFO:application:Received message from client: ppg_data(user_id='01JS4H9F14TFCF0MX0A8K0R75Y', session_id='01JSHSCS3KFZ6QESR6H51G6QR9', ppg_value=33331, time='2025-04-24T01:58:50.704057+09:00')
INFO:application:Received message from client: ppg_data(user_id='01JS4H9F14TFCF0MX0A8K0R75Y', session_id='01JSHSCS3KFZ6QESR6H51G6QR9', ppg_value=33029, time='2025-04-24T01:58:50.704503+09:00')
INFO:application:Received message from client: ppg_data(user_id='01JS4H9F14TFCF0MX0A8K0R75Y', session_id='01JSHSCS3KFZ6QESR6H51G6QR9', ppg_value=33007, time='2025-04-24T01:58:50.704893+09:00')
INFO:application:Received message from client: ppg_data(user_id='01JS4H9F14TFCF0MX0A8K0R75Y', session_id='01JSHSCS3KFZ6QESR6H51G6QR9', ppg_value=32957, time='2025-04-24T01:58:50.705283+09:00')
INFO:application:Received message from client: ppg_data(user_id='01JS4H9F14TFCF0MX0A8K0R75Y', session_id='01JSHSCS3KFZ6QESR6H51G6QR9', ppg_value=33035, time='2025-04-24T01:58:50.705726+09:00')
INFO:application:Received message from client: ppg_data(user_id='01JS4H9F14TFCF0MX0A8K0R75Y', session_id='01JSHSCS3KFZ6QESR6H51G6QR9', ppg_value=33035, time='2025-04-24T01:58:50.706135+09:00')
INFO:application:Received message from client: ppg_data(user_id='01JS4H9F14TFCF0MX0A8K0R75Y', session_id='01JSHSCS3KFZ6QESR6H51G6QR9', ppg_value=33244, time='2025-04-24T01:58:50.706518+09:00')
INFO:application:Received message from client: ppg_data(user_id='01JS4H9F14TFCF0MX0A8K0R75Y', session_id='01JSHSCS3KFZ6QESR6H51G6QR9', ppg_value=33413, time='2025-04-24T01:58:50.706970+09:00')
INFO:application:Received message from client: ppg_data(user_id='01JS4H9F14TFCF0MX0A8K0R75Y', session_id='01JSHSCS3KFZ6QESR6H51G6QR9', ppg_value=33508, time='2025-04-24T01:58:50.707462+09:00')
INFO:application:Received message from client: ppg_data(user_id='01JS4H9F14TFCF0MX0A8K0R75Y', session_id='01JSHSCS3KFZ6QESR6H51G6QR9', ppg_value=33746, time='2025-04-24T01:58:50.707866+09:00')
INFO:application:Received message from client: ppg_data(user_id='01JS4H9F14TFCF0MX0A8K0R75Y', session_id='01JSHSCS3KFZ6QESR6H51G6QR9', ppg_value=34075, time='2025-04-24T01:58:50.708234+09:00')
INFO:application:Received message from client: ppg_data(user_id='01JS4H9F14TFCF0MX0A8K0R75Y', session_id='01JSHSCS3KFZ6QESR6H51G6QR9', ppg_value=34675, time='2025-04-24T01:58:50.708618+09:00')
INFO:application:Received message from client: ppg_data(user_id='01JS4H9F14TFCF0MX0A8K0R75Y', session_id='01JSHSCS3KFZ6QESR6H51G6QR9', ppg_value=34263, time='2025-04-24T01:58:50.709001+09:00')
INFO:application:Received message from client: ppg_data(user_id='01JS4H9F14TFCF0MX0A8K0R75Y', session_id='01JSHSCS3KFZ6QESR6H51G6QR9', ppg_value=33194, time='2025-04-24T01:58:50.709400+09:00')
INFO:application:Received message from client: ppg_data(user_id='01JS4H9F14TFCF0MX0A8K0R75Y', session_id='01JSHSCS3KFZ6QESR6H51G6QR9', ppg_value=32256, time='2025-04-24T01:58:50.709787+09:00')
INFO:application:Received message from client: ppg_data(user_id='01JS4H9F14TFCF0MX0A8K0R75Y', session_id='01JSHSCS3KFZ6QESR6H51G6QR9', ppg_value=31192, time='2025-04-24T01:58:50.710174+09:00')
INFO:application:Received message from client: ppg_data(user_id='01JS4H9F14TFCF0MX0A8K0R75Y', session_id='01JSHSCS3KFZ6QESR6H51G6QR9', ppg_value=30281, time='2025-04-24T01:58:50.710551+09:00')
INFO:application:Received message from client: ppg_data(user_id='01JS4H9F14TFCF0MX0A8K0R75Y', session_id='01JSHSCS3KFZ6QESR6H51G6QR9', ppg_value=29703, time='2025-04-24T01:58:50.710990+09:00')
INFO:application:Received message from client: ppg_data(user_id='01JS4H9F14TFCF0MX0A8K0R75Y', session_id='01JSHSCS3KFZ6QESR6H51G6QR9', ppg_value=29549, time='2025-04-24T01:58:50.711449+09:00')
INFO:application:Received message from client: ppg_data(user_id='01JS4H9F14TFCF0MX0A8K0R75Y', session_id='01JSHSCS3KFZ6QESR6H51G6QR9', ppg_value=29470, time='2025-04-24T01:58:50.712043+09:00')
INFO:application:Received message from client: ppg_data(user_id='01JS4H9F14TFCF0MX0A8K0R75Y', session_id='01JSHSCS3KFZ6QESR6H51G6QR9', ppg_value=29505, time='2025-04-24T01:58:50.712488+09:00')
INFO:application:Received message from client: ppg_data(user_id='01JS4H9F14TFCF0MX0A8K0R75Y', session_id='01JSHSCS3KFZ6QESR6H51G6QR9', ppg_value=29679, time='2025-04-24T01:58:50.712909+09:00')
INFO:application:Received message from client: ppg_data(user_id='01JS4H9F14TFCF0MX0A8K0R75Y', session_id='01JSHSCS3KFZ6QESR6H51G6QR9', ppg_value=29965, time='2025-04-24T01:58:50.713307+09:00')
INFO:application:Received message from client: ppg_data(user_id='01JS4H9F14TFCF0MX0A8K0R75Y', session_id='01JSHSCS3KFZ6QESR6H51G6QR9', ppg_value=30221, time='2025-04-24T01:58:50.713881+09:00')
INFO:application:Received message from client: ppg_data(user_id='01JS4H9F14TFCF0MX0A8K0R75Y', session_id='01JSHSCS3KFZ6QESR6H51G6QR9', ppg_value=30563, time='2025-04-24T01:58:50.714376+09:00')
INFO:application:Received message from client: ppg_data(user_id='01JS4H9F14TFCF0MX0A8K0R75Y', session_id='01JSHSCS3KFZ6QESR6H51G6QR9', ppg_value=30932, time='2025-04-24T01:58:50.714767+09:00')
INFO:application:Received message from client: ppg_data(user_id='01JS4H9F14TFCF0MX0A8K0R75Y', session_id='01JSHSCS3KFZ6QESR6H51G6QR9', ppg_value=31662, time='2025-04-24T01:58:50.715191+09:00')
INFO:application:Received message from client: ppg_data(user_id='01JS4H9F14TFCF0MX0A8K0R75Y', session_id='01JSHSCS3KFZ6QESR6H51G6QR9', ppg_value=32366, time='2025-04-24T01:58:50.715563+09:00')
INFO:application:Received message from client: ppg_data(user_id='01JS4H9F14TFCF0MX0A8K0R75Y', session_id='01JSHSCS3KFZ6QESR6H51G6QR9', ppg_value=32919, time='2025-04-24T01:58:50.715982+09:00')
INFO:application:Received message from client: ppg_data(user_id='01JS4H9F14TFCF0MX0A8K0R75Y', session_id='01JSHSCS3KFZ6QESR6H51G6QR9', ppg_value=33394, time='2025-04-24T01:58:50.716364+09:00')
INFO:application:Received message from client: ppg_data(user_id='01JS4H9F14TFCF0MX0A8K0R75Y', session_id='01JSHSCS3KFZ6QESR6H51G6QR9', ppg_value=33934, time='2025-04-24T01:58:50.716756+09:00')
INFO:application:Received message from client: ppg_data(user_id='01JS4H9F14TFCF0MX0A8K0R75Y', session_id='01JSHSCS3KFZ6QESR6H51G6QR9', ppg_value=33687, time='2025-04-24T01:58:50.717157+09:00')
INFO:application:Received message from client: ppg_data(user_id='01JS4H9F14TFCF0MX0A8K0R75Y', session_id='01JSHSCS3KFZ6QESR6H51G6QR9', ppg_value=32498, time='2025-04-24T01:58:50.717502+09:00')
INFO:application:Received message from client: ppg_data(user_id='01JS4H9F14TFCF0MX0A8K0R75Y', session_id='01JSHSCS3KFZ6QESR6H51G6QR9', ppg_value=31227, time='2025-04-24T01:58:50.717871+09:00')
INFO:application:Received message from client: ppg_data(user_id='01JS4H9F14TFCF0MX0A8K0R75Y', session_id='01JSHSCS3KFZ6QESR6H51G6QR9', ppg_value=30058, time='2025-04-24T01:58:50.718239+09:00')
INFO:application:Received message from client: ppg_data(user_id='01JS4H9F14TFCF0MX0A8K0R75Y', session_id='01JSHSCS3KFZ6QESR6H51G6QR9', ppg_value=28999, time='2025-04-24T01:58:50.718597+09:00')
INFO:application:Received message from client: ppg_data(user_id='01JS4H9F14TFCF0MX0A8K0R75Y', session_id='01JSHSCS3KFZ6QESR6H51G6QR9', ppg_value=28621, time='2025-04-24T01:58:50.719024+09:00')
INFO:application:Received message from client: ppg_data(user_id='01JS4H9F14TFCF0MX0A8K0R75Y', session_id='01JSHSCS3KFZ6QESR6H51G6QR9', ppg_value=28684, time='2025-04-24T01:58:50.719394+09:00')
INFO:application:Received message from client: ppg_data(user_id='01JS4H9F14TFCF0MX0A8K0R75Y', session_id='01JSHSCS3KFZ6QESR6H51G6QR9', ppg_value=28732, time='2025-04-24T01:58:50.719772+09:00')
INFO:application:Received message from client: ppg_data(user_id='01JS4H9F14TFCF0MX0A8K0R75Y', session_id='01JSHSCS3KFZ6QESR6H51G6QR9', ppg_value=28750, time='2025-04-24T01:58:50.720140+09:00')
INFO:application:Received message from client: ppg_data(user_id='01JS4H9F14TFCF0MX0A8K0R75Y', session_id='01JSHSCS3KFZ6QESR6H51G6QR9', ppg_value=28883, time='2025-04-24T01:58:50.720501+09:00')
INFO:application:Received message from client: ppg_data(user_id='01JS4H9F14TFCF0MX0A8K0R75Y', session_id='01JSHSCS3KFZ6QESR6H51G6QR9', ppg_value=29030, time='2025-04-24T01:58:50.720862+09:00')
INFO:application:Received message from client: ppg_data(user_id='01JS4H9F14TFCF0MX0A8K0R75Y', session_id='01JSHSCS3KFZ6QESR6H51G6QR9', ppg_value=29557, time='2025-04-24T01:58:50.721248+09:00')
INFO:application:Received message from client: ppg_data(user_id='01JS4H9F14TFCF0MX0A8K0R75Y', session_id='01JSHSCS3KFZ6QESR6H51G6QR9', ppg_value=30118, time='2025-04-24T01:58:50.721662+09:00')
INFO:application:Received message from client: ppg_data(user_id='01JS4H9F14TFCF0MX0A8K0R75Y', session_id='01JSHSCS3KFZ6QESR6H51G6QR9', ppg_value=30724, time='2025-04-24T01:58:50.722031+09:00')
INFO:application:Received message from client: ppg_data(user_id='01JS4H9F14TFCF0MX0A8K0R75Y', session_id='01JSHSCS3KFZ6QESR6H51G6QR9', ppg_value=31306, time='2025-04-24T01:58:50.722403+09:00')
INFO:application:Received message from client: ppg_data(user_id='01JS4H9F14TFCF0MX0A8K0R75Y', session_id='01JSHSCS3KFZ6QESR6H51G6QR9', ppg_value=31918, time='2025-04-24T01:58:50.723137+09:00')
INFO:application:Received message from client: ppg_data(user_id='01JS4H9F14TFCF0MX0A8K0R75Y', session_id='01JSHSCS3KFZ6QESR6H51G6QR9', ppg_value=32465, time='2025-04-24T01:58:50.724587+09:00')
INFO:application:Received message from client: ppg_data(user_id='01JS4H9F14TFCF0MX0A8K0R75Y', session_id='01JSHSCS3KFZ6QESR6H51G6QR9', ppg_value=32950, time='2025-04-24T01:58:50.725413+09:00')
INFO:application:Received message from client: ppg_data(user_id='01JS4H9F14TFCF0MX0A8K0R75Y', session_id='01JSHSCS3KFZ6QESR6H51G6QR9', ppg_value=33356, time='2025-04-24T01:58:50.726831+09:00')
INFO:application:Received message from client: ppg_data(user_id='01JS4H9F14TFCF0MX0A8K0R75Y', session_id='01JSHSCS3KFZ6QESR6H51G6QR9', ppg_value=33888, time='2025-04-24T01:58:50.727298+09:00')
INFO:application:Received message from client: ppg_data(user_id='01JS4H9F14TFCF0MX0A8K0R75Y', session_id='01JSHSCS3KFZ6QESR6H51G6QR9', ppg_value=33459, time='2025-04-24T01:58:50.727786+09:00')
INFO:application:Received message from client: ppg_data(user_id='01JS4H9F14TFCF0MX0A8K0R75Y', session_id='01JSHSCS3KFZ6QESR6H51G6QR9', ppg_value=32009, time='2025-04-24T01:58:50.728191+09:00')
INFO:application:Received message from client: ppg_data(user_id='01JS4H9F14TFCF0MX0A8K0R75Y', session_id='01JSHSCS3KFZ6QESR6H51G6QR9', ppg_value=30739, time='2025-04-24T01:58:50.728665+09:00')
INFO:application:Received message from client: ppg_data(user_id='01JS4H9F14TFCF0MX0A8K0R75Y', session_id='01JSHSCS3KFZ6QESR6H51G6QR9', ppg_value=29653, time='2025-04-24T01:58:50.729033+09:00')
INFO:application:Received message from client: ppg_data(user_id='01JS4H9F14TFCF0MX0A8K0R75Y', session_id='01JSHSCS3KFZ6QESR6H51G6QR9', ppg_value=28673, time='2025-04-24T01:58:50.729381+09:00')
INFO:application:Received message from client: ppg_data(user_id='01JS4H9F14TFCF0MX0A8K0R75Y', session_id='01JSHSCS3KFZ6QESR6H51G6QR9', ppg_value=28266, time='2025-04-24T01:58:50.729725+09:00')
INFO:application:Received message from client: ppg_data(user_id='01JS4H9F14TFCF0MX0A8K0R75Y', session_id='01JSHSCS3KFZ6QESR6H51G6QR9', ppg_value=28363, time='2025-04-24T01:58:50.730272+09:00')
INFO:application:Received message from client: ppg_data(user_id='01JS4H9F14TFCF0MX0A8K0R75Y', session_id='01JSHSCS3KFZ6QESR6H51G6QR9', ppg_value=28434, time='2025-04-24T01:58:50.730690+09:00')
INFO:application:Received message from client: ppg_data(user_id='01JS4H9F14TFCF0MX0A8K0R75Y', session_id='01JSHSCS3KFZ6QESR6H51G6QR9', ppg_value=28277, time='2025-04-24T01:58:50.731200+09:00')
INFO:application:Received message from client: ppg_data(user_id='01JS4H9F14TFCF0MX0A8K0R75Y', session_id='01JSHSCS3KFZ6QESR6H51G6QR9', ppg_value=28464, time='2025-04-24T01:58:50.731608+09:00')
INFO:application:Received message from client: ppg_data(user_id='01JS4H9F14TFCF0MX0A8K0R75Y', session_id='01JSHSCS3KFZ6QESR6H51G6QR9', ppg_value=28627, time='2025-04-24T01:58:50.732002+09:00')
INFO:application:Received message from client: ppg_data(user_id='01JS4H9F14TFCF0MX0A8K0R75Y', session_id='01JSHSCS3KFZ6QESR6H51G6QR9', ppg_value=28778, time='2025-04-24T01:58:50.732513+09:00')
INFO:application:Received message from client: ppg_data(user_id='01JS4H9F14TFCF0MX0A8K0R75Y', session_id='01JSHSCS3KFZ6QESR6H51G6QR9', ppg_value=29320, time='2025-04-24T01:58:50.733079+09:00')
INFO:application:Received message from client: ppg_data(user_id='01JS4H9F14TFCF0MX0A8K0R75Y', session_id='01JSHSCS3KFZ6QESR6H51G6QR9', ppg_value=29846, time='2025-04-24T01:58:50.733561+09:00')
INFO:application:Received message from client: ppg_data(user_id='01JS4H9F14TFCF0MX0A8K0R75Y', session_id='01JSHSCS3KFZ6QESR6H51G6QR9', ppg_value=30243, time='2025-04-24T01:58:50.733972+09:00')
INFO:application:Received message from client: ppg_data(user_id='01JS4H9F14TFCF0MX0A8K0R75Y', session_id='01JSHSCS3KFZ6QESR6H51G6QR9', ppg_value=30703, time='2025-04-24T01:58:50.734362+09:00')
INFO:application:eyJhbGciOiJIUzI1NiIsInR5cCI6IkpXVCJ9.eyJ1c2VyX2lkIjoiMDFKUzRIOUYxNFRGQ0YwTVgwQThLMFI3NVkiLCJyb2xlIjoiVVNFUiIsImV4cCI6MTc0NTQ0OTEzMH0.OEfp1tLENE76nMFXFKwEVuundjxIc8nHq8woJnKrUzI
INFO:application:user : 01JS4H9F14TFCF0MX0A8K0R75Y gpu 로그인 완료
INFO:application:Received message from client: ppg_data(user_id='01JS4H9F14TFCF0MX0A8K0R75Y', session_id='01JSHSCS3KFZ6QESR6H51G6QR9', ppg_value=31182, time='2025-04-24T01:58:58.590228+09:00')
INFO:application:Received message from client: ppg_data(user_id='01JS4H9F14TFCF0MX0A8K0R75Y', session_id='01JSHSCS3KFZ6QESR6H51G6QR9', ppg_value=31544, time='2025-04-24T01:58:58.592530+09:00')
INFO:application:Received message from client: ppg_data(user_id='01JS4H9F14TFCF0MX0A8K0R75Y', session_id='01JSHSCS3KFZ6QESR6H51G6QR9', ppg_value=32040, time='2025-04-24T01:58:58.594136+09:00')
INFO:application:Received message from client: ppg_data(user_id='01JS4H9F14TFCF0MX0A8K0R75Y', session_id='01JSHSCS3KFZ6QESR6H51G6QR9', ppg_value=32010, time='2025-04-24T01:58:58.595728+09:00')
INFO:application:Received message from client: ppg_data(user_id='01JS4H9F14TFCF0MX0A8K0R75Y', session_id='01JSHSCS3KFZ6QESR6H51G6QR9', ppg_value=30681, time='2025-04-24T01:58:58.597082+09:00')
INFO:application:Received message from client: ppg_data(user_id='01JS4H9F14TFCF0MX0A8K0R75Y', session_id='01JSHSCS3KFZ6QESR6H51G6QR9', ppg_value=29209, time='2025-04-24T01:58:58.598377+09:00')
INFO:application:Received message from client: ppg_data(user_id='01JS4H9F14TFCF0MX0A8K0R75Y', session_id='01JSHSCS3KFZ6QESR6H51G6QR9', ppg_value=27905, time='2025-04-24T01:58:58.600140+09:00')
INFO:application:Received message from client: ppg_data(user_id='01JS4H9F14TFCF0MX0A8K0R75Y', session_id='01JSHSCS3KFZ6QESR6H51G6QR9', ppg_value=26848, time='2025-04-24T01:58:58.601546+09:00')
INFO:application:Received message from client: ppg_data(user_id='01JS4H9F14TFCF0MX0A8K0R75Y', session_id='01JSHSCS3KFZ6QESR6H51G6QR9', ppg_value=26338, time='2025-04-24T01:58:58.603142+09:00')
INFO:application:Received message from client: ppg_data(user_id='01JS4H9F14TFCF0MX0A8K0R75Y', session_id='01JSHSCS3KFZ6QESR6H51G6QR9', ppg_value=26503, time='2025-04-24T01:58:58.605761+09:00')
INFO:application:Received message from client: ppg_data(user_id='01JS4H9F14TFCF0MX0A8K0R75Y', session_id='01JSHSCS3KFZ6QESR6H51G6QR9', ppg_value=26679, time='2025-04-24T01:58:58.609208+09:00')
INFO:application:Received message from client: ppg_data(user_id='01JS4H9F14TFCF0MX0A8K0R75Y', session_id='01JSHSCS3KFZ6QESR6H51G6QR9', ppg_value=26871, time='2025-04-24T01:58:58.616562+09:00')
INFO:application:Received message from client: ppg_data(user_id='01JS4H9F14TFCF0MX0A8K0R75Y', session_id='01JSHSCS3KFZ6QESR6H51G6QR9', ppg_value=26716, time='2025-04-24T01:58:58.618429+09:00')
INFO:application:Received message from client: ppg_data(user_id='01JS4H9F14TFCF0MX0A8K0R75Y', session_id='01JSHSCS3KFZ6QESR6H51G6QR9', ppg_value=26882, time='2025-04-24T01:58:58.620819+09:00')
INFO:application:Received message from client: ppg_data(user_id='01JS4H9F14TFCF0MX0A8K0R75Y', session_id='01JSHSCS3KFZ6QESR6H51G6QR9', ppg_value=27307, time='2025-04-24T01:58:58.622866+09:00')
INFO:application:Received message from client: ppg_data(user_id='01JS4H9F14TFCF0MX0A8K0R75Y', session_id='01JSHSCS3KFZ6QESR6H51G6QR9', ppg_value=27807, time='2025-04-24T01:58:58.625527+09:00')
INFO:application:Received message from client: ppg_data(user_id='01JS4H9F14TFCF0MX0A8K0R75Y', session_id='01JSHSCS3KFZ6QESR6H51G6QR9', ppg_value=28279, time='2025-04-24T01:58:58.627398+09:00')
INFO:application:Received message from client: ppg_data(user_id='01JS4H9F14TFCF0MX0A8K0R75Y', session_id='01JSHSCS3KFZ6QESR6H51G6QR9', ppg_value=28776, time='2025-04-24T01:58:58.628951+09:00')
INFO:application:Received message from client: ppg_data(user_id='01JS4H9F14TFCF0MX0A8K0R75Y', session_id='01JSHSCS3KFZ6QESR6H51G6QR9', ppg_value=29322, time='2025-04-24T01:58:58.630521+09:00')
INFO:application:Received message from client: ppg_data(user_id='01JS4H9F14TFCF0MX0A8K0R75Y', session_id='01JSHSCS3KFZ6QESR6H51G6QR9', ppg_value=29598, time='2025-04-24T01:58:58.632573+09:00')
INFO:application:Received message from client: ppg_data(user_id='01JS4H9F14TFCF0MX0A8K0R75Y', session_id='01JSHSCS3KFZ6QESR6H51G6QR9', ppg_value=29961, time='2025-04-24T01:58:58.634064+09:00')
INFO:application:Received message from client: ppg_data(user_id='01JS4H9F14TFCF0MX0A8K0R75Y', session_id='01JSHSCS3KFZ6QESR6H51G6QR9', ppg_value=30223, time='2025-04-24T01:58:58.635391+09:00')
INFO:application:Received message from client: ppg_data(user_id='01JS4H9F14TFCF0MX0A8K0R75Y', session_id='01JSHSCS3KFZ6QESR6H51G6QR9', ppg_value=30668, time='2025-04-24T01:58:58.636667+09:00')
INFO:application:Received message from client: ppg_data(user_id='01JS4H9F14TFCF0MX0A8K0R75Y', session_id='01JSHSCS3KFZ6QESR6H51G6QR9', ppg_value=29942, time='2025-04-24T01:58:58.637905+09:00')
INFO:application:Received message from client: ppg_data(user_id='01JS4H9F14TFCF0MX0A8K0R75Y', session_id='01JSHSCS3KFZ6QESR6H51G6QR9', ppg_value=28138, time='2025-04-24T01:58:58.639225+09:00')
INFO:application:Received message from client: ppg_data(user_id='01JS4H9F14TFCF0MX0A8K0R75Y', session_id='01JSHSCS3KFZ6QESR6H51G6QR9', ppg_value=26372, time='2025-04-24T01:58:58.640429+09:00')
INFO:application:Received message from client: ppg_data(user_id='01JS4H9F14TFCF0MX0A8K0R75Y', session_id='01JSHSCS3KFZ6QESR6H51G6QR9', ppg_value=25110, time='2025-04-24T01:58:58.641629+09:00')
INFO:application:Received message from client: ppg_data(user_id='01JS4H9F14TFCF0MX0A8K0R75Y', session_id='01JSHSCS3KFZ6QESR6H51G6QR9', ppg_value=24177, time='2025-04-24T01:58:58.642847+09:00')
INFO:application:Received message from client: ppg_data(user_id='01JS4H9F14TFCF0MX0A8K0R75Y', session_id='01JSHSCS3KFZ6QESR6H51G6QR9', ppg_value=23575, time='2025-04-24T01:58:58.644229+09:00')
INFO:application:Received message from client: ppg_data(user_id='01JS4H9F14TFCF0MX0A8K0R75Y', session_id='01JSHSCS3KFZ6QESR6H51G6QR9', ppg_value=23720, time='2025-04-24T01:58:58.645453+09:00')
INFO:application:Received message from client: ppg_data(user_id='01JS4H9F14TFCF0MX0A8K0R75Y', session_id='01JSHSCS3KFZ6QESR6H51G6QR9', ppg_value=23883, time='2025-04-24T01:58:58.646819+09:00')
INFO:application:Received message from client: ppg_data(user_id='01JS4H9F14TFCF0MX0A8K0R75Y', session_id='01JSHSCS3KFZ6QESR6H51G6QR9', ppg_value=23995, time='2025-04-24T01:58:58.648182+09:00')
INFO:application:Received message from client: ppg_data(user_id='01JS4H9F14TFCF0MX0A8K0R75Y', session_id='01JSHSCS3KFZ6QESR6H51G6QR9', ppg_value=23996, time='2025-04-24T01:58:58.649375+09:00')
INFO:application:Received message from client: ppg_data(user_id='01JS4H9F14TFCF0MX0A8K0R75Y', session_id='01JSHSCS3KFZ6QESR6H51G6QR9', ppg_value=24173, time='2025-04-24T01:58:58.650654+09:00')
INFO:application:Received message from client: ppg_data(user_id='01JS4H9F14TFCF0MX0A8K0R75Y', session_id='01JSHSCS3KFZ6QESR6H51G6QR9', ppg_value=24384, time='2025-04-24T01:58:58.651975+09:00')
INFO:application:Received message from client: ppg_data(user_id='01JS4H9F14TFCF0MX0A8K0R75Y', session_id='01JSHSCS3KFZ6QESR6H51G6QR9', ppg_value=24856, time='2025-04-24T01:58:58.653411+09:00')
INFO:application:Received message from client: ppg_data(user_id='01JS4H9F14TFCF0MX0A8K0R75Y', session_id='01JSHSCS3KFZ6QESR6H51G6QR9', ppg_value=25366, time='2025-04-24T01:58:58.653848+09:00')
INFO:application:Received message from client: ppg_data(user_id='01JS4H9F14TFCF0MX0A8K0R75Y', session_id='01JSHSCS3KFZ6QESR6H51G6QR9', ppg_value=25710, time='2025-04-24T01:58:58.654295+09:00')
INFO:application:Received message from client: ppg_data(user_id='01JS4H9F14TFCF0MX0A8K0R75Y', session_id='01JSHSCS3KFZ6QESR6H51G6QR9', ppg_value=26213, time='2025-04-24T01:58:58.654708+09:00')
INFO:application:Received message from client: ppg_data(user_id='01JS4H9F14TFCF0MX0A8K0R75Y', session_id='01JSHSCS3KFZ6QESR6H51G6QR9', ppg_value=26696, time='2025-04-24T01:58:58.655166+09:00')
INFO:application:Received message from client: ppg_data(user_id='01JS4H9F14TFCF0MX0A8K0R75Y', session_id='01JSHSCS3KFZ6QESR6H51G6QR9', ppg_value=27430, time='2025-04-24T01:58:58.655625+09:00')
INFO:application:Received message from client: ppg_data(user_id='01JS4H9F14TFCF0MX0A8K0R75Y', session_id='01JSHSCS3KFZ6QESR6H51G6QR9', ppg_value=27854, time='2025-04-24T01:58:58.656058+09:00')
INFO:application:Received message from client: ppg_data(user_id='01JS4H9F14TFCF0MX0A8K0R75Y', session_id='01JSHSCS3KFZ6QESR6H51G6QR9', ppg_value=28390, time='2025-04-24T01:58:58.656478+09:00')
INFO:application:Received message from client: ppg_data(user_id='01JS4H9F14TFCF0MX0A8K0R75Y', session_id='01JSHSCS3KFZ6QESR6H51G6QR9', ppg_value=28931, time='2025-04-24T01:58:58.656866+09:00')
INFO:application:Received message from client: ppg_data(user_id='01JS4H9F14TFCF0MX0A8K0R75Y', session_id='01JSHSCS3KFZ6QESR6H51G6QR9', ppg_value=29461, time='2025-04-24T01:58:58.657260+09:00')
INFO:application:Received message from client: ppg_data(user_id='01JS4H9F14TFCF0MX0A8K0R75Y', session_id='01JSHSCS3KFZ6QESR6H51G6QR9', ppg_value=30063, time='2025-04-24T01:58:58.657698+09:00')
INFO:application:Received message from client: ppg_data(user_id='01JS4H9F14TFCF0MX0A8K0R75Y', session_id='01JSHSCS3KFZ6QESR6H51G6QR9', ppg_value=28897, time='2025-04-24T01:58:58.658106+09:00')
INFO:application:Received message from client: ppg_data(user_id='01JS4H9F14TFCF0MX0A8K0R75Y', session_id='01JSHSCS3KFZ6QESR6H51G6QR9', ppg_value=27205, time='2025-04-24T01:58:58.659140+09:00')
INFO:application:Received message from client: ppg_data(user_id='01JS4H9F14TFCF0MX0A8K0R75Y', session_id='01JSHSCS3KFZ6QESR6H51G6QR9', ppg_value=25765, time='2025-04-24T01:58:58.659620+09:00')
INFO:application:Received message from client: ppg_data(user_id='01JS4H9F14TFCF0MX0A8K0R75Y', session_id='01JSHSCS3KFZ6QESR6H51G6QR9', ppg_value=24615, time='2025-04-24T01:58:58.660007+09:00')
INFO:application:Received message from client: ppg_data(user_id='01JS4H9F14TFCF0MX0A8K0R75Y', session_id='01JSHSCS3KFZ6QESR6H51G6QR9', ppg_value=23743, time='2025-04-24T01:58:58.660379+09:00')
INFO:application:Received message from client: ppg_data(user_id='01JS4H9F14TFCF0MX0A8K0R75Y', session_id='01JSHSCS3KFZ6QESR6H51G6QR9', ppg_value=23648, time='2025-04-24T01:58:58.660779+09:00')
INFO:application:Received message from client: ppg_data(user_id='01JS4H9F14TFCF0MX0A8K0R75Y', session_id='01JSHSCS3KFZ6QESR6H51G6QR9', ppg_value=23917, time='2025-04-24T01:58:58.661136+09:00')
INFO:application:Received message from client: ppg_data(user_id='01JS4H9F14TFCF0MX0A8K0R75Y', session_id='01JSHSCS3KFZ6QESR6H51G6QR9', ppg_value=24222, time='2025-04-24T01:58:58.661534+09:00')
INFO:application:Received message from client: ppg_data(user_id='01JS4H9F14TFCF0MX0A8K0R75Y', session_id='01JSHSCS3KFZ6QESR6H51G6QR9', ppg_value=24165, time='2025-04-24T01:58:58.661934+09:00')
INFO:application:Received message from client: ppg_data(user_id='01JS4H9F14TFCF0MX0A8K0R75Y', session_id='01JSHSCS3KFZ6QESR6H51G6QR9', ppg_value=24341, time='2025-04-24T01:58:58.662327+09:00')
INFO:application:Received message from client: ppg_data(user_id='01JS4H9F14TFCF0MX0A8K0R75Y', session_id='01JSHSCS3KFZ6QESR6H51G6QR9', ppg_value=24754, time='2025-04-24T01:58:58.662723+09:00')
INFO:application:Received message from client: ppg_data(user_id='01JS4H9F14TFCF0MX0A8K0R75Y', session_id='01JSHSCS3KFZ6QESR6H51G6QR9', ppg_value=25204, time='2025-04-24T01:58:58.663193+09:00')
INFO:application:Received message from client: ppg_data(user_id='01JS4H9F14TFCF0MX0A8K0R75Y', session_id='01JSHSCS3KFZ6QESR6H51G6QR9', ppg_value=25452, time='2025-04-24T01:58:58.663640+09:00')
INFO:application:Received message from client: ppg_data(user_id='01JS4H9F14TFCF0MX0A8K0R75Y', session_id='01JSHSCS3KFZ6QESR6H51G6QR9', ppg_value=25907, time='2025-04-24T01:58:58.664109+09:00')
INFO:application:Received message from client: ppg_data(user_id='01JS4H9F14TFCF0MX0A8K0R75Y', session_id='01JSHSCS3KFZ6QESR6H51G6QR9', ppg_value=26151, time='2025-04-24T01:58:58.664528+09:00')
INFO:application:Received message from client: ppg_data(user_id='01JS4H9F14TFCF0MX0A8K0R75Y', session_id='01JSHSCS3KFZ6QESR6H51G6QR9', ppg_value=26474, time='2025-04-24T01:58:58.664939+09:00')
INFO:application:Received message from client: ppg_data(user_id='01JS4H9F14TFCF0MX0A8K0R75Y', session_id='01JSHSCS3KFZ6QESR6H51G6QR9', ppg_value=27294, time='2025-04-24T01:58:58.665331+09:00')
INFO:application:Received message from client: ppg_data(user_id='01JS4H9F14TFCF0MX0A8K0R75Y', session_id='01JSHSCS3KFZ6QESR6H51G6QR9', ppg_value=28140, time='2025-04-24T01:58:58.665715+09:00')
INFO:application:Received message from client: ppg_data(user_id='01JS4H9F14TFCF0MX0A8K0R75Y', session_id='01JSHSCS3KFZ6QESR6H51G6QR9', ppg_value=28935, time='2025-04-24T01:58:58.666080+09:00')
INFO:application:Received message from client: ppg_data(user_id='01JS4H9F14TFCF0MX0A8K0R75Y', session_id='01JSHSCS3KFZ6QESR6H51G6QR9', ppg_value=23586, time='2025-04-24T01:58:58.666449+09:00')
INFO:application:Received message from client: ppg_data(user_id='01JS4H9F14TFCF0MX0A8K0R75Y', session_id='01JSHSCS3KFZ6QESR6H51G6QR9', ppg_value=27257, time='2025-04-24T01:58:58.666891+09:00')
INFO:application:Received message from client: ppg_data(user_id='01JS4H9F14TFCF0MX0A8K0R75Y', session_id='01JSHSCS3KFZ6QESR6H51G6QR9', ppg_value=26812, time='2025-04-24T01:58:58.667361+09:00')
INFO:application:Received message from client: ppg_data(user_id='01JS4H9F14TFCF0MX0A8K0R75Y', session_id='01JSHSCS3KFZ6QESR6H51G6QR9', ppg_value=29533, time='2025-04-24T01:58:58.668355+09:00')
INFO:application:Received message from client: ppg_data(user_id='01JS4H9F14TFCF0MX0A8K0R75Y', session_id='01JSHSCS3KFZ6QESR6H51G6QR9', ppg_value=29809, time='2025-04-24T01:58:58.668797+09:00')
INFO:application:Received message from client: ppg_data(user_id='01JS4H9F14TFCF0MX0A8K0R75Y', session_id='01JSHSCS3KFZ6QESR6H51G6QR9', ppg_value=27500, time='2025-04-24T01:58:58.669229+09:00')
INFO:application:Received message from client: ppg_data(user_id='01JS4H9F14TFCF0MX0A8K0R75Y', session_id='01JSHSCS3KFZ6QESR6H51G6QR9', ppg_value=27225, time='2025-04-24T01:58:58.669667+09:00')
INFO:application:Received message from client: ppg_data(user_id='01JS4H9F14TFCF0MX0A8K0R75Y', session_id='01JSHSCS3KFZ6QESR6H51G6QR9', ppg_value=30167, time='2025-04-24T01:58:58.670636+09:00')
INFO:application:Received message from client: ppg_data(user_id='01JS4H9F14TFCF0MX0A8K0R75Y', session_id='01JSHSCS3KFZ6QESR6H51G6QR9', ppg_value=35002, time='2025-04-24T01:58:58.671230+09:00')
INFO:application:Received message from client: ppg_data(user_id='01JS4H9F14TFCF0MX0A8K0R75Y', session_id='01JSHSCS3KFZ6QESR6H51G6QR9', ppg_value=28855, time='2025-04-24T01:58:58.671703+09:00')
INFO:application:Received message from client: ppg_data(user_id='01JS4H9F14TFCF0MX0A8K0R75Y', session_id='01JSHSCS3KFZ6QESR6H51G6QR9', ppg_value=9553, time='2025-04-24T01:58:58.672290+09:00')
INFO:application:Received message from client: ppg_data(user_id='01JS4H9F14TFCF0MX0A8K0R75Y', session_id='01JSHSCS3KFZ6QESR6H51G6QR9', ppg_value=-8957, time='2025-04-24T01:58:58.673185+09:00')
INFO:application:Received message from client: ppg_data(user_id='01JS4H9F14TFCF0MX0A8K0R75Y', session_id='01JSHSCS3KFZ6QESR6H51G6QR9', ppg_value=-22920, time='2025-04-24T01:58:58.673663+09:00')
INFO:application:Received message from client: ppg_data(user_id='01JS4H9F14TFCF0MX0A8K0R75Y', session_id='01JSHSCS3KFZ6QESR6H51G6QR9', ppg_value=-31870, time='2025-04-24T01:58:58.674240+09:00')
INFO:application:Received message from client: ppg_data(user_id='01JS4H9F14TFCF0MX0A8K0R75Y', session_id='01JSHSCS3KFZ6QESR6H51G6QR9', ppg_value=-41305, time='2025-04-24T01:58:58.674632+09:00')
INFO:application:Received message from client: ppg_data(user_id='01JS4H9F14TFCF0MX0A8K0R75Y', session_id='01JSHSCS3KFZ6QESR6H51G6QR9', ppg_value=-52146, time='2025-04-24T01:58:58.675157+09:00')
INFO:application:Received message from client: ppg_data(user_id='01JS4H9F14TFCF0MX0A8K0R75Y', session_id='01JSHSCS3KFZ6QESR6H51G6QR9', ppg_value=-59738, time='2025-04-24T01:58:58.675605+09:00')
INFO:application:Received message from client: ppg_data(user_id='01JS4H9F14TFCF0MX0A8K0R75Y', session_id='01JSHSCS3KFZ6QESR6H51G6QR9', ppg_value=-60509, time='2025-04-24T01:58:58.675958+09:00')
INFO:application:Received message from client: ppg_data(user_id='01JS4H9F14TFCF0MX0A8K0R75Y', session_id='01JSHSCS3KFZ6QESR6H51G6QR9', ppg_value=-61035, time='2025-04-24T01:58:58.676296+09:00')
INFO:application:Received message from client: ppg_data(user_id='01JS4H9F14TFCF0MX0A8K0R75Y', session_id='01JSHSCS3KFZ6QESR6H51G6QR9', ppg_value=-55534, time='2025-04-24T01:58:58.676690+09:00')
INFO:application:Received message from client: ppg_data(user_id='01JS4H9F14TFCF0MX0A8K0R75Y', session_id='01JSHSCS3KFZ6QESR6H51G6QR9', ppg_value=-41600, time='2025-04-24T01:58:58.677252+09:00')
INFO:application:Received message from client: ppg_data(user_id='01JS4H9F14TFCF0MX0A8K0R75Y', session_id='01JSHSCS3KFZ6QESR6H51G6QR9', ppg_value=-27166, time='2025-04-24T01:58:58.677835+09:00')
INFO:application:Received message from client: ppg_data(user_id='01JS4H9F14TFCF0MX0A8K0R75Y', session_id='01JSHSCS3KFZ6QESR6H51G6QR9', ppg_value=-20931, time='2025-04-24T01:58:58.678339+09:00')
INFO:application:Received message from client: ppg_data(user_id='01JS4H9F14TFCF0MX0A8K0R75Y', session_id='01JSHSCS3KFZ6QESR6H51G6QR9', ppg_value=-19129, time='2025-04-24T01:58:58.678773+09:00')
INFO:application:Received message from client: ppg_data(user_id='01JS4H9F14TFCF0MX0A8K0R75Y', session_id='01JSHSCS3KFZ6QESR6H51G6QR9', ppg_value=-15874, time='2025-04-24T01:58:58.679235+09:00')
INFO:application:Received message from client: ppg_data(user_id='01JS4H9F14TFCF0MX0A8K0R75Y', session_id='01JSHSCS3KFZ6QESR6H51G6QR9', ppg_value=-16340, time='2025-04-24T01:58:58.679648+09:00')
INFO:application:Received message from client: ppg_data(user_id='01JS4H9F14TFCF0MX0A8K0R75Y', session_id='01JSHSCS3KFZ6QESR6H51G6QR9', ppg_value=-16720, time='2025-04-24T01:58:58.680191+09:00')
INFO:application:Received message from client: ppg_data(user_id='01JS4H9F14TFCF0MX0A8K0R75Y', session_id='01JSHSCS3KFZ6QESR6H51G6QR9', ppg_value=-14063, time='2025-04-24T01:58:58.680626+09:00')
INFO:application:Received message from client: ppg_data(user_id='01JS4H9F14TFCF0MX0A8K0R75Y', session_id='01JSHSCS3KFZ6QESR6H51G6QR9', ppg_value=-14094, time='2025-04-24T01:58:58.681073+09:00')
INFO:application:Received message from client: ppg_data(user_id='01JS4H9F14TFCF0MX0A8K0R75Y', session_id='01JSHSCS3KFZ6QESR6H51G6QR9', ppg_value=-12528, time='2025-04-24T01:58:58.681498+09:00')
INFO:application:Received message from client: ppg_data(user_id='01JS4H9F14TFCF0MX0A8K0R75Y', session_id='01JSHSCS3KFZ6QESR6H51G6QR9', ppg_value=-16115, time='2025-04-24T01:58:58.681880+09:00')
INFO:application:Received message from client: ppg_data(user_id='01JS4H9F14TFCF0MX0A8K0R75Y', session_id='01JSHSCS3KFZ6QESR6H51G6QR9', ppg_value=-16780, time='2025-04-24T01:58:58.682475+09:00')
INFO:application:Received message from client: ppg_data(user_id='01JS4H9F14TFCF0MX0A8K0R75Y', session_id='01JSHSCS3KFZ6QESR6H51G6QR9', ppg_value=-16710, time='2025-04-24T01:58:58.683165+09:00')
INFO:application:Received message from client: ppg_data(user_id='01JS4H9F14TFCF0MX0A8K0R75Y', session_id='01JSHSCS3KFZ6QESR6H51G6QR9', ppg_value=-19928, time='2025-04-24T01:58:58.683722+09:00')
INFO:application:Received message from client: ppg_data(user_id='01JS4H9F14TFCF0MX0A8K0R75Y', session_id='01JSHSCS3KFZ6QESR6H51G6QR9', ppg_value=-14683, time='2025-04-24T01:58:58.684137+09:00')
INFO:application:Received message from client: ppg_data(user_id='01JS4H9F14TFCF0MX0A8K0R75Y', session_id='01JSHSCS3KFZ6QESR6H51G6QR9', ppg_value=-6661, time='2025-04-24T01:58:58.684532+09:00')
INFO:application:Received message from client: ppg_data(user_id='01JS4H9F14TFCF0MX0A8K0R75Y', session_id='01JSHSCS3KFZ6QESR6H51G6QR9', ppg_value=-5652, time='2025-04-24T01:58:58.684916+09:00')
INFO:application:Received message from client: ppg_data(user_id='01JS4H9F14TFCF0MX0A8K0R75Y', session_id='01JSHSCS3KFZ6QESR6H51G6QR9', ppg_value=-9275, time='2025-04-24T01:58:58.685325+09:00')
INFO:application:Received message from client: ppg_data(user_id='01JS4H9F14TFCF0MX0A8K0R75Y', session_id='01JSHSCS3KFZ6QESR6H51G6QR9', ppg_value=-13966, time='2025-04-24T01:58:58.685817+09:00')
INFO:application:Received message from client: ppg_data(user_id='01JS4H9F14TFCF0MX0A8K0R75Y', session_id='01JSHSCS3KFZ6QESR6H51G6QR9', ppg_value=-11270, time='2025-04-24T01:58:58.686239+09:00')
INFO:application:Received message from client: ppg_data(user_id='01JS4H9F14TFCF0MX0A8K0R75Y', session_id='01JSHSCS3KFZ6QESR6H51G6QR9', ppg_value=-13117, time='2025-04-24T01:58:58.686631+09:00')
INFO:application:Received message from client: ppg_data(user_id='01JS4H9F14TFCF0MX0A8K0R75Y', session_id='01JSHSCS3KFZ6QESR6H51G6QR9', ppg_value=-14837, time='2025-04-24T01:58:58.687062+09:00')
INFO:application:Received message from client: ppg_data(user_id='01JS4H9F14TFCF0MX0A8K0R75Y', session_id='01JSHSCS3KFZ6QESR6H51G6QR9', ppg_value=-14715, time='2025-04-24T01:58:58.687623+09:00')
INFO:application:Received message from client: ppg_data(user_id='01JS4H9F14TFCF0MX0A8K0R75Y', session_id='01JSHSCS3KFZ6QESR6H51G6QR9', ppg_value=-13862, time='2025-04-24T01:58:58.688120+09:00')
INFO:application:Received message from client: ppg_data(user_id='01JS4H9F14TFCF0MX0A8K0R75Y', session_id='01JSHSCS3KFZ6QESR6H51G6QR9', ppg_value=-15010, time='2025-04-24T01:58:58.688488+09:00')
INFO:application:Received message from client: ppg_data(user_id='01JS4H9F14TFCF0MX0A8K0R75Y', session_id='01JSHSCS3KFZ6QESR6H51G6QR9', ppg_value=-13141, time='2025-04-24T01:58:58.688916+09:00')
INFO:application:Received message from client: ppg_data(user_id='01JS4H9F14TFCF0MX0A8K0R75Y', session_id='01JSHSCS3KFZ6QESR6H51G6QR9', ppg_value=-12555, time='2025-04-24T01:58:58.689299+09:00')
INFO:application:Received message from client: ppg_data(user_id='01JS4H9F14TFCF0MX0A8K0R75Y', session_id='01JSHSCS3KFZ6QESR6H51G6QR9', ppg_value=-13617, time='2025-04-24T01:58:58.689836+09:00')
INFO:application:Received message from client: ppg_data(user_id='01JS4H9F14TFCF0MX0A8K0R75Y', session_id='01JSHSCS3KFZ6QESR6H51G6QR9', ppg_value=-14038, time='2025-04-24T01:58:58.690233+09:00')
INFO:application:Received message from client: ppg_data(user_id='01JS4H9F14TFCF0MX0A8K0R75Y', session_id='01JSHSCS3KFZ6QESR6H51G6QR9', ppg_value=-15732, time='2025-04-24T01:58:58.690630+09:00')
INFO:application:Received message from client: ppg_data(user_id='01JS4H9F14TFCF0MX0A8K0R75Y', session_id='01JSHSCS3KFZ6QESR6H51G6QR9', ppg_value=-15602, time='2025-04-24T01:58:58.691100+09:00')
INFO:application:Received message from client: ppg_data(user_id='01JS4H9F14TFCF0MX0A8K0R75Y', session_id='01JSHSCS3KFZ6QESR6H51G6QR9', ppg_value=-9497, time='2025-04-24T01:58:58.691514+09:00')
INFO:application:Received message from client: ppg_data(user_id='01JS4H9F14TFCF0MX0A8K0R75Y', session_id='01JSHSCS3KFZ6QESR6H51G6QR9', ppg_value=-622, time='2025-04-24T01:58:58.691894+09:00')
INFO:application:Received message from client: ppg_data(user_id='01JS4H9F14TFCF0MX0A8K0R75Y', session_id='01JSHSCS3KFZ6QESR6H51G6QR9', ppg_value=4743, time='2025-04-24T01:58:58.692547+09:00')
INFO:application:Received message from client: ppg_data(user_id='01JS4H9F14TFCF0MX0A8K0R75Y', session_id='01JSHSCS3KFZ6QESR6H51G6QR9', ppg_value=8922, time='2025-04-24T01:58:58.693838+09:00')
INFO:application:Received message from client: ppg_data(user_id='01JS4H9F14TFCF0MX0A8K0R75Y', session_id='01JSHSCS3KFZ6QESR6H51G6QR9', ppg_value=13393, time='2025-04-24T01:58:58.695177+09:00')
INFO:application:Received message from client: ppg_data(user_id='01JS4H9F14TFCF0MX0A8K0R75Y', session_id='01JSHSCS3KFZ6QESR6H51G6QR9', ppg_value=17270, time='2025-04-24T01:58:58.696427+09:00')
INFO:application:Received message from client: ppg_data(user_id='01JS4H9F14TFCF0MX0A8K0R75Y', session_id='01JSHSCS3KFZ6QESR6H51G6QR9', ppg_value=20466, time='2025-04-24T01:58:58.696978+09:00')
INFO:application:Received message from client: ppg_data(user_id='01JS4H9F14TFCF0MX0A8K0R75Y', session_id='01JSHSCS3KFZ6QESR6H51G6QR9', ppg_value=20965, time='2025-04-24T01:58:58.697402+09:00')
INFO:application:Received message from client: ppg_data(user_id='01JS4H9F14TFCF0MX0A8K0R75Y', session_id='01JSHSCS3KFZ6QESR6H51G6QR9', ppg_value=19781, time='2025-04-24T01:58:58.697793+09:00')
INFO:application:Received message from client: ppg_data(user_id='01JS4H9F14TFCF0MX0A8K0R75Y', session_id='01JSHSCS3KFZ6QESR6H51G6QR9', ppg_value=16603, time='2025-04-24T01:58:58.698188+09:00')
INFO:application:Received message from client: ppg_data(user_id='01JS4H9F14TFCF0MX0A8K0R75Y', session_id='01JSHSCS3KFZ6QESR6H51G6QR9', ppg_value=13013, time='2025-04-24T01:58:58.698570+09:00')
INFO:application:Received message from client: ppg_data(user_id='01JS4H9F14TFCF0MX0A8K0R75Y', session_id='01JSHSCS3KFZ6QESR6H51G6QR9', ppg_value=11130, time='2025-04-24T01:58:58.699019+09:00')
INFO:application:Received message from client: ppg_data(user_id='01JS4H9F14TFCF0MX0A8K0R75Y', session_id='01JSHSCS3KFZ6QESR6H51G6QR9', ppg_value=10028, time='2025-04-24T01:58:58.699417+09:00')
INFO:application:Received message from client: ppg_data(user_id='01JS4H9F14TFCF0MX0A8K0R75Y', session_id='01JSHSCS3KFZ6QESR6H51G6QR9', ppg_value=9613, time='2025-04-24T01:58:58.699821+09:00')
INFO:application:Received message from client: ppg_data(user_id='01JS4H9F14TFCF0MX0A8K0R75Y', session_id='01JSHSCS3KFZ6QESR6H51G6QR9', ppg_value=10877, time='2025-04-24T01:58:58.700215+09:00')
INFO:application:Received message from client: ppg_data(user_id='01JS4H9F14TFCF0MX0A8K0R75Y', session_id='01JSHSCS3KFZ6QESR6H51G6QR9', ppg_value=13477, time='2025-04-24T01:58:58.700688+09:00')
INFO:application:Received message from client: ppg_data(user_id='01JS4H9F14TFCF0MX0A8K0R75Y', session_id='01JSHSCS3KFZ6QESR6H51G6QR9', ppg_value=16132, time='2025-04-24T01:58:58.701134+09:00')
INFO:application:Received message from client: ppg_data(user_id='01JS4H9F14TFCF0MX0A8K0R75Y', session_id='01JSHSCS3KFZ6QESR6H51G6QR9', ppg_value=17991, time='2025-04-24T01:58:58.701532+09:00')
INFO:application:Received message from client: ppg_data(user_id='01JS4H9F14TFCF0MX0A8K0R75Y', session_id='01JSHSCS3KFZ6QESR6H51G6QR9', ppg_value=20884, time='2025-04-24T01:58:58.701914+09:00')
INFO:application:Received message from client: ppg_data(user_id='01JS4H9F14TFCF0MX0A8K0R75Y', session_id='01JSHSCS3KFZ6QESR6H51G6QR9', ppg_value=23195, time='2025-04-24T01:58:58.702328+09:00')
INFO:application:Received message from client: ppg_data(user_id='01JS4H9F14TFCF0MX0A8K0R75Y', session_id='01JSHSCS3KFZ6QESR6H51G6QR9', ppg_value=23848, time='2025-04-24T01:58:58.702712+09:00')
INFO:application:Received message from client: ppg_data(user_id='01JS4H9F14TFCF0MX0A8K0R75Y', session_id='01JSHSCS3KFZ6QESR6H51G6QR9', ppg_value=24245, time='2025-04-24T01:58:58.703156+09:00')
INFO:application:Received message from client: ppg_data(user_id='01JS4H9F14TFCF0MX0A8K0R75Y', session_id='01JSHSCS3KFZ6QESR6H51G6QR9', ppg_value=26142, time='2025-04-24T01:58:58.703544+09:00')
INFO:application:Received message from client: ppg_data(user_id='01JS4H9F14TFCF0MX0A8K0R75Y', session_id='01JSHSCS3KFZ6QESR6H51G6QR9', ppg_value=27327, time='2025-04-24T01:58:58.703915+09:00')
INFO:application:Received message from client: ppg_data(user_id='01JS4H9F14TFCF0MX0A8K0R75Y', session_id='01JSHSCS3KFZ6QESR6H51G6QR9', ppg_value=30337, time='2025-04-24T01:58:58.704297+09:00')
INFO:application:Received message from client: ppg_data(user_id='01JS4H9F14TFCF0MX0A8K0R75Y', session_id='01JSHSCS3KFZ6QESR6H51G6QR9', ppg_value=31141, time='2025-04-24T01:58:58.704698+09:00')
INFO:application:Received message from client: ppg_data(user_id='01JS4H9F14TFCF0MX0A8K0R75Y', session_id='01JSHSCS3KFZ6QESR6H51G6QR9', ppg_value=30950, time='2025-04-24T01:58:58.705101+09:00')
INFO:application:Received message from client: ppg_data(user_id='01JS4H9F14TFCF0MX0A8K0R75Y', session_id='01JSHSCS3KFZ6QESR6H51G6QR9', ppg_value=30394, time='2025-04-24T01:58:58.705568+09:00')
INFO:application:Received message from client: ppg_data(user_id='01JS4H9F14TFCF0MX0A8K0R75Y', session_id='01JSHSCS3KFZ6QESR6H51G6QR9', ppg_value=30040, time='2025-04-24T01:58:58.705956+09:00')
INFO:application:Received message from client: ppg_data(user_id='01JS4H9F14TFCF0MX0A8K0R75Y', session_id='01JSHSCS3KFZ6QESR6H51G6QR9', ppg_value=29507, time='2025-04-24T01:58:58.706364+09:00')
INFO:application:Received message from client: ppg_data(user_id='01JS4H9F14TFCF0MX0A8K0R75Y', session_id='01JSHSCS3KFZ6QESR6H51G6QR9', ppg_value=28672, time='2025-04-24T01:58:58.706787+09:00')
INFO:application:Received message from client: ppg_data(user_id='01JS4H9F14TFCF0MX0A8K0R75Y', session_id='01JSHSCS3KFZ6QESR6H51G6QR9', ppg_value=28000, time='2025-04-24T01:58:58.707218+09:00')
INFO:application:Received message from client: ppg_data(user_id='01JS4H9F14TFCF0MX0A8K0R75Y', session_id='01JSHSCS3KFZ6QESR6H51G6QR9', ppg_value=27236, time='2025-04-24T01:58:58.707609+09:00')
INFO:application:Received message from client: ppg_data(user_id='01JS4H9F14TFCF0MX0A8K0R75Y', session_id='01JSHSCS3KFZ6QESR6H51G6QR9', ppg_value=26401, time='2025-04-24T01:58:58.708011+09:00')
INFO:application:Received message from client: ppg_data(user_id='01JS4H9F14TFCF0MX0A8K0R75Y', session_id='01JSHSCS3KFZ6QESR6H51G6QR9', ppg_value=25954, time='2025-04-24T01:58:58.708405+09:00')
INFO:application:Received message from client: ppg_data(user_id='01JS4H9F14TFCF0MX0A8K0R75Y', session_id='01JSHSCS3KFZ6QESR6H51G6QR9', ppg_value=25704, time='2025-04-24T01:58:58.708786+09:00')
INFO:application:Received message from client: ppg_data(user_id='01JS4H9F14TFCF0MX0A8K0R75Y', session_id='01JSHSCS3KFZ6QESR6H51G6QR9', ppg_value=25664, time='2025-04-24T01:58:58.709165+09:00')
INFO:application:Received message from client: ppg_data(user_id='01JS4H9F14TFCF0MX0A8K0R75Y', session_id='01JSHSCS3KFZ6QESR6H51G6QR9', ppg_value=25946, time='2025-04-24T01:58:58.709556+09:00')
INFO:application:Received message from client: ppg_data(user_id='01JS4H9F14TFCF0MX0A8K0R75Y', session_id='01JSHSCS3KFZ6QESR6H51G6QR9', ppg_value=26567, time='2025-04-24T01:58:58.709948+09:00')
INFO:application:Received message from client: ppg_data(user_id='01JS4H9F14TFCF0MX0A8K0R75Y', session_id='01JSHSCS3KFZ6QESR6H51G6QR9', ppg_value=27062, time='2025-04-24T01:58:58.710333+09:00')
INFO:application:Received message from client: ppg_data(user_id='01JS4H9F14TFCF0MX0A8K0R75Y', session_id='01JSHSCS3KFZ6QESR6H51G6QR9', ppg_value=27662, time='2025-04-24T01:58:58.710690+09:00')
INFO:application:Received message from client: ppg_data(user_id='01JS4H9F14TFCF0MX0A8K0R75Y', session_id='01JSHSCS3KFZ6QESR6H51G6QR9', ppg_value=28423, time='2025-04-24T01:58:58.715153+09:00')
INFO:application:Received message from client: ppg_data(user_id='01JS4H9F14TFCF0MX0A8K0R75Y', session_id='01JSHSCS3KFZ6QESR6H51G6QR9', ppg_value=29101, time='2025-04-24T01:58:58.715597+09:00')
INFO:application:Received message from client: ppg_data(user_id='01JS4H9F14TFCF0MX0A8K0R75Y', session_id='01JSHSCS3KFZ6QESR6H51G6QR9', ppg_value=29606, time='2025-04-24T01:58:58.715995+09:00')
INFO:application:Received message from client: ppg_data(user_id='01JS4H9F14TFCF0MX0A8K0R75Y', session_id='01JSHSCS3KFZ6QESR6H51G6QR9', ppg_value=30221, time='2025-04-24T01:58:58.716389+09:00')
INFO:application:Received message from client: ppg_data(user_id='01JS4H9F14TFCF0MX0A8K0R75Y', session_id='01JSHSCS3KFZ6QESR6H51G6QR9', ppg_value=30721, time='2025-04-24T01:58:58.716764+09:00')
INFO:application:Received message from client: ppg_data(user_id='01JS4H9F14TFCF0MX0A8K0R75Y', session_id='01JSHSCS3KFZ6QESR6H51G6QR9', ppg_value=31028, time='2025-04-24T01:58:58.717137+09:00')
INFO:application:Received message from client: ppg_data(user_id='01JS4H9F14TFCF0MX0A8K0R75Y', session_id='01JSHSCS3KFZ6QESR6H51G6QR9', ppg_value=31532, time='2025-04-24T01:58:58.717518+09:00')
INFO:application:Received message from client: ppg_data(user_id='01JS4H9F14TFCF0MX0A8K0R75Y', session_id='01JSHSCS3KFZ6QESR6H51G6QR9', ppg_value=32188, time='2025-04-24T01:58:58.717854+09:00')
INFO:application:Received message from client: ppg_data(user_id='01JS4H9F14TFCF0MX0A8K0R75Y', session_id='01JSHSCS3KFZ6QESR6H51G6QR9', ppg_value=31958, time='2025-04-24T01:58:58.718241+09:00')
INFO:application:Received message from client: ppg_data(user_id='01JS4H9F14TFCF0MX0A8K0R75Y', session_id='01JSHSCS3KFZ6QESR6H51G6QR9', ppg_value=31467, time='2025-04-24T01:58:58.718624+09:00')
INFO:application:Received message from client: ppg_data(user_id='01JS4H9F14TFCF0MX0A8K0R75Y', session_id='01JSHSCS3KFZ6QESR6H51G6QR9', ppg_value=31037, time='2025-04-24T01:58:58.719023+09:00')
INFO:application:Received message from client: ppg_data(user_id='01JS4H9F14TFCF0MX0A8K0R75Y', session_id='01JSHSCS3KFZ6QESR6H51G6QR9', ppg_value=30451, time='2025-04-24T01:58:58.719421+09:00')
INFO:application:Received message from client: ppg_data(user_id='01JS4H9F14TFCF0MX0A8K0R75Y', session_id='01JSHSCS3KFZ6QESR6H51G6QR9', ppg_value=29712, time='2025-04-24T01:58:58.719800+09:00')
INFO:application:Received message from client: ppg_data(user_id='01JS4H9F14TFCF0MX0A8K0R75Y', session_id='01JSHSCS3KFZ6QESR6H51G6QR9', ppg_value=29414, time='2025-04-24T01:58:58.720185+09:00')
INFO:application:Received message from client: ppg_data(user_id='01JS4H9F14TFCF0MX0A8K0R75Y', session_id='01JSHSCS3KFZ6QESR6H51G6QR9', ppg_value=29406, time='2025-04-24T01:58:58.720571+09:00')
INFO:application:Received message from client: ppg_data(user_id='01JS4H9F14TFCF0MX0A8K0R75Y', session_id='01JSHSCS3KFZ6QESR6H51G6QR9', ppg_value=29420, time='2025-04-24T01:58:58.720967+09:00')
INFO:application:Received message from client: ppg_data(user_id='01JS4H9F14TFCF0MX0A8K0R75Y', session_id='01JSHSCS3KFZ6QESR6H51G6QR9', ppg_value=29439, time='2025-04-24T01:58:58.721349+09:00')
INFO:application:Received message from client: ppg_data(user_id='01JS4H9F14TFCF0MX0A8K0R75Y', session_id='01JSHSCS3KFZ6QESR6H51G6QR9', ppg_value=29565, time='2025-04-24T01:58:58.721725+09:00')
INFO:application:Received message from client: ppg_data(user_id='01JS4H9F14TFCF0MX0A8K0R75Y', session_id='01JSHSCS3KFZ6QESR6H51G6QR9', ppg_value=29767, time='2025-04-24T01:58:58.722124+09:00')
INFO:application:Received message from client: ppg_data(user_id='01JS4H9F14TFCF0MX0A8K0R75Y', session_id='01JSHSCS3KFZ6QESR6H51G6QR9', ppg_value=30091, time='2025-04-24T01:58:58.722500+09:00')
INFO:application:Received message from client: ppg_data(user_id='01JS4H9F14TFCF0MX0A8K0R75Y', session_id='01JSHSCS3KFZ6QESR6H51G6QR9', ppg_value=30463, time='2025-04-24T01:58:58.722897+09:00')
INFO:application:Received message from client: ppg_data(user_id='01JS4H9F14TFCF0MX0A8K0R75Y', session_id='01JSHSCS3KFZ6QESR6H51G6QR9', ppg_value=30809, time='2025-04-24T01:58:58.723356+09:00')
INFO:application:Received message from client: ppg_data(user_id='01JS4H9F14TFCF0MX0A8K0R75Y', session_id='01JSHSCS3KFZ6QESR6H51G6QR9', ppg_value=31087, time='2025-04-24T01:58:58.723883+09:00')
INFO:application:Received message from client: ppg_data(user_id='01JS4H9F14TFCF0MX0A8K0R75Y', session_id='01JSHSCS3KFZ6QESR6H51G6QR9', ppg_value=31227, time='2025-04-24T01:58:58.724280+09:00')
INFO:application:Received message from client: ppg_data(user_id='01JS4H9F14TFCF0MX0A8K0R75Y', session_id='01JSHSCS3KFZ6QESR6H51G6QR9', ppg_value=31698, time='2025-04-24T01:58:58.724683+09:00')
INFO:application:Received message from client: ppg_data(user_id='01JS4H9F14TFCF0MX0A8K0R75Y', session_id='01JSHSCS3KFZ6QESR6H51G6QR9', ppg_value=32125, time='2025-04-24T01:58:58.725244+09:00')
INFO:application:Received message from client: ppg_data(user_id='01JS4H9F14TFCF0MX0A8K0R75Y', session_id='01JSHSCS3KFZ6QESR6H51G6QR9', ppg_value=32496, time='2025-04-24T01:58:58.725683+09:00')
INFO:application:Received message from client: ppg_data(user_id='01JS4H9F14TFCF0MX0A8K0R75Y', session_id='01JSHSCS3KFZ6QESR6H51G6QR9', ppg_value=32797, time='2025-04-24T01:58:58.726125+09:00')
INFO:application:Received message from client: ppg_data(user_id='01JS4H9F14TFCF0MX0A8K0R75Y', session_id='01JSHSCS3KFZ6QESR6H51G6QR9', ppg_value=33244, time='2025-04-24T01:58:58.726513+09:00')
INFO:application:Received message from client: ppg_data(user_id='01JS4H9F14TFCF0MX0A8K0R75Y', session_id='01JSHSCS3KFZ6QESR6H51G6QR9', ppg_value=33498, time='2025-04-24T01:58:58.727018+09:00')
INFO:application:Received message from client: ppg_data(user_id='01JS4H9F14TFCF0MX0A8K0R75Y', session_id='01JSHSCS3KFZ6QESR6H51G6QR9', ppg_value=32799, time='2025-04-24T01:58:58.727407+09:00')
INFO:application:Received message from client: ppg_data(user_id='01JS4H9F14TFCF0MX0A8K0R75Y', session_id='01JSHSCS3KFZ6QESR6H51G6QR9', ppg_value=31707, time='2025-04-24T01:58:58.727768+09:00')
INFO:application:Received message from client: ppg_data(user_id='01JS4H9F14TFCF0MX0A8K0R75Y', session_id='01JSHSCS3KFZ6QESR6H51G6QR9', ppg_value=30494, time='2025-04-24T01:58:58.728169+09:00')
INFO:application:Received message from client: ppg_data(user_id='01JS4H9F14TFCF0MX0A8K0R75Y', session_id='01JSHSCS3KFZ6QESR6H51G6QR9', ppg_value=29292, time='2025-04-24T01:58:58.728786+09:00')
INFO:application:Received message from client: ppg_data(user_id='01JS4H9F14TFCF0MX0A8K0R75Y', session_id='01JSHSCS3KFZ6QESR6H51G6QR9', ppg_value=28277, time='2025-04-24T01:58:58.729207+09:00')
INFO:application:Received message from client: ppg_data(user_id='01JS4H9F14TFCF0MX0A8K0R75Y', session_id='01JSHSCS3KFZ6QESR6H51G6QR9', ppg_value=27636, time='2025-04-24T01:58:58.729626+09:00')
INFO:application:Received message from client: ppg_data(user_id='01JS4H9F14TFCF0MX0A8K0R75Y', session_id='01JSHSCS3KFZ6QESR6H51G6QR9', ppg_value=27502, time='2025-04-24T01:58:58.730026+09:00')
INFO:application:Received message from client: ppg_data(user_id='01JS4H9F14TFCF0MX0A8K0R75Y', session_id='01JSHSCS3KFZ6QESR6H51G6QR9', ppg_value=27282, time='2025-04-24T01:58:58.730403+09:00')
INFO:application:Received message from client: ppg_data(user_id='01JS4H9F14TFCF0MX0A8K0R75Y', session_id='01JSHSCS3KFZ6QESR6H51G6QR9', ppg_value=27130, time='2025-04-24T01:58:58.730844+09:00')
INFO:application:Received message from client: ppg_data(user_id='01JS4H9F14TFCF0MX0A8K0R75Y', session_id='01JSHSCS3KFZ6QESR6H51G6QR9', ppg_value=26985, time='2025-04-24T01:58:58.731311+09:00')
INFO:application:Received message from client: ppg_data(user_id='01JS4H9F14TFCF0MX0A8K0R75Y', session_id='01JSHSCS3KFZ6QESR6H51G6QR9', ppg_value=27056, time='2025-04-24T01:58:58.731685+09:00')
INFO:application:Received message from client: ppg_data(user_id='01JS4H9F14TFCF0MX0A8K0R75Y', session_id='01JSHSCS3KFZ6QESR6H51G6QR9', ppg_value=27164, time='2025-04-24T01:58:58.732261+09:00')
INFO:application:Received message from client: ppg_data(user_id='01JS4H9F14TFCF0MX0A8K0R75Y', session_id='01JSHSCS3KFZ6QESR6H51G6QR9', ppg_value=27372, time='2025-04-24T01:58:58.732658+09:00')
INFO:application:Received message from client: ppg_data(user_id='01JS4H9F14TFCF0MX0A8K0R75Y', session_id='01JSHSCS3KFZ6QESR6H51G6QR9', ppg_value=27809, time='2025-04-24T01:59:06.580412+09:00')
INFO:application:Received message from client: ppg_data(user_id='01JS4H9F14TFCF0MX0A8K0R75Y', session_id='01JSHSCS3KFZ6QESR6H51G6QR9', ppg_value=28179, time='2025-04-24T01:59:06.581899+09:00')
INFO:application:Received message from client: ppg_data(user_id='01JS4H9F14TFCF0MX0A8K0R75Y', session_id='01JSHSCS3KFZ6QESR6H51G6QR9', ppg_value=28654, time='2025-04-24T01:59:06.583539+09:00')
INFO:application:Received message from client: ppg_data(user_id='01JS4H9F14TFCF0MX0A8K0R75Y', session_id='01JSHSCS3KFZ6QESR6H51G6QR9', ppg_value=29244, time='2025-04-24T01:59:06.586438+09:00')
INFO:application:Received message from client: ppg_data(user_id='01JS4H9F14TFCF0MX0A8K0R75Y', session_id='01JSHSCS3KFZ6QESR6H51G6QR9', ppg_value=29800, time='2025-04-24T01:59:06.590829+09:00')
INFO:application:Received message from client: ppg_data(user_id='01JS4H9F14TFCF0MX0A8K0R75Y', session_id='01JSHSCS3KFZ6QESR6H51G6QR9', ppg_value=30343, time='2025-04-24T01:59:06.595099+09:00')
INFO:application:Received message from client: ppg_data(user_id='01JS4H9F14TFCF0MX0A8K0R75Y', session_id='01JSHSCS3KFZ6QESR6H51G6QR9', ppg_value=30820, time='2025-04-24T01:59:06.597439+09:00')
INFO:application:Received message from client: ppg_data(user_id='01JS4H9F14TFCF0MX0A8K0R75Y', session_id='01JSHSCS3KFZ6QESR6H51G6QR9', ppg_value=31328, time='2025-04-24T01:59:06.599227+09:00')
INFO:application:Received message from client: ppg_data(user_id='01JS4H9F14TFCF0MX0A8K0R75Y', session_id='01JSHSCS3KFZ6QESR6H51G6QR9', ppg_value=31969, time='2025-04-24T01:59:06.601886+09:00')
INFO:application:Received message from client: ppg_data(user_id='01JS4H9F14TFCF0MX0A8K0R75Y', session_id='01JSHSCS3KFZ6QESR6H51G6QR9', ppg_value=32190, time='2025-04-24T01:59:06.603373+09:00')
INFO:application:Received message from client: ppg_data(user_id='01JS4H9F14TFCF0MX0A8K0R75Y', session_id='01JSHSCS3KFZ6QESR6H51G6QR9', ppg_value=31290, time='2025-04-24T01:59:06.604677+09:00')
INFO:application:Received message from client: ppg_data(user_id='01JS4H9F14TFCF0MX0A8K0R75Y', session_id='01JSHSCS3KFZ6QESR6H51G6QR9', ppg_value=29951, time='2025-04-24T01:59:06.605924+09:00')
INFO:application:Received message from client: ppg_data(user_id='01JS4H9F14TFCF0MX0A8K0R75Y', session_id='01JSHSCS3KFZ6QESR6H51G6QR9', ppg_value=28695, time='2025-04-24T01:59:06.607277+09:00')
INFO:application:Received message from client: ppg_data(user_id='01JS4H9F14TFCF0MX0A8K0R75Y', session_id='01JSHSCS3KFZ6QESR6H51G6QR9', ppg_value=27370, time='2025-04-24T01:59:06.608537+09:00')
INFO:application:Received message from client: ppg_data(user_id='01JS4H9F14TFCF0MX0A8K0R75Y', session_id='01JSHSCS3KFZ6QESR6H51G6QR9', ppg_value=26152, time='2025-04-24T01:59:06.609727+09:00')
INFO:application:Received message from client: ppg_data(user_id='01JS4H9F14TFCF0MX0A8K0R75Y', session_id='01JSHSCS3KFZ6QESR6H51G6QR9', ppg_value=25468, time='2025-04-24T01:59:06.611056+09:00')
INFO:application:Received message from client: ppg_data(user_id='01JS4H9F14TFCF0MX0A8K0R75Y', session_id='01JSHSCS3KFZ6QESR6H51G6QR9', ppg_value=25127, time='2025-04-24T01:59:06.612249+09:00')
INFO:application:Received message from client: ppg_data(user_id='01JS4H9F14TFCF0MX0A8K0R75Y', session_id='01JSHSCS3KFZ6QESR6H51G6QR9', ppg_value=25026, time='2025-04-24T01:59:06.613766+09:00')
INFO:application:Received message from client: ppg_data(user_id='01JS4H9F14TFCF0MX0A8K0R75Y', session_id='01JSHSCS3KFZ6QESR6H51G6QR9', ppg_value=24867, time='2025-04-24T01:59:06.615179+09:00')
INFO:application:Received message from client: ppg_data(user_id='01JS4H9F14TFCF0MX0A8K0R75Y', session_id='01JSHSCS3KFZ6QESR6H51G6QR9', ppg_value=24814, time='2025-04-24T01:59:06.616448+09:00')
INFO:application:Received message from client: ppg_data(user_id='01JS4H9F14TFCF0MX0A8K0R75Y', session_id='01JSHSCS3KFZ6QESR6H51G6QR9', ppg_value=25027, time='2025-04-24T01:59:06.617747+09:00')
INFO:application:Received message from client: ppg_data(user_id='01JS4H9F14TFCF0MX0A8K0R75Y', session_id='01JSHSCS3KFZ6QESR6H51G6QR9', ppg_value=25404, time='2025-04-24T01:59:06.619339+09:00')
INFO:application:Received message from client: ppg_data(user_id='01JS4H9F14TFCF0MX0A8K0R75Y', session_id='01JSHSCS3KFZ6QESR6H51G6QR9', ppg_value=25941, time='2025-04-24T01:59:06.620944+09:00')
INFO:application:Received message from client: ppg_data(user_id='01JS4H9F14TFCF0MX0A8K0R75Y', session_id='01JSHSCS3KFZ6QESR6H51G6QR9', ppg_value=26412, time='2025-04-24T01:59:06.622160+09:00')
INFO:application:Received message from client: ppg_data(user_id='01JS4H9F14TFCF0MX0A8K0R75Y', session_id='01JSHSCS3KFZ6QESR6H51G6QR9', ppg_value=26990, time='2025-04-24T01:59:06.623528+09:00')
INFO:application:Received message from client: ppg_data(user_id='01JS4H9F14TFCF0MX0A8K0R75Y', session_id='01JSHSCS3KFZ6QESR6H51G6QR9', ppg_value=27505, time='2025-04-24T01:59:06.624940+09:00')
INFO:application:Received message from client: ppg_data(user_id='01JS4H9F14TFCF0MX0A8K0R75Y', session_id='01JSHSCS3KFZ6QESR6H51G6QR9', ppg_value=28017, time='2025-04-24T01:59:06.626468+09:00')
INFO:application:Received message from client: ppg_data(user_id='01JS4H9F14TFCF0MX0A8K0R75Y', session_id='01JSHSCS3KFZ6QESR6H51G6QR9', ppg_value=28472, time='2025-04-24T01:59:06.627838+09:00')
INFO:application:Received message from client: ppg_data(user_id='01JS4H9F14TFCF0MX0A8K0R75Y', session_id='01JSHSCS3KFZ6QESR6H51G6QR9', ppg_value=28998, time='2025-04-24T01:59:06.629912+09:00')
INFO:application:Received message from client: ppg_data(user_id='01JS4H9F14TFCF0MX0A8K0R75Y', session_id='01JSHSCS3KFZ6QESR6H51G6QR9', ppg_value=29422, time='2025-04-24T01:59:06.630446+09:00')
INFO:application:Received message from client: ppg_data(user_id='01JS4H9F14TFCF0MX0A8K0R75Y', session_id='01JSHSCS3KFZ6QESR6H51G6QR9', ppg_value=30010, time='2025-04-24T01:59:06.630888+09:00')
INFO:application:Received message from client: ppg_data(user_id='01JS4H9F14TFCF0MX0A8K0R75Y', session_id='01JSHSCS3KFZ6QESR6H51G6QR9', ppg_value=30559, time='2025-04-24T01:59:06.631380+09:00')
INFO:application:Received message from client: ppg_data(user_id='01JS4H9F14TFCF0MX0A8K0R75Y', session_id='01JSHSCS3KFZ6QESR6H51G6QR9', ppg_value=30360, time='2025-04-24T01:59:06.631802+09:00')
INFO:application:Received message from client: ppg_data(user_id='01JS4H9F14TFCF0MX0A8K0R75Y', session_id='01JSHSCS3KFZ6QESR6H51G6QR9', ppg_value=28454, time='2025-04-24T01:59:06.632196+09:00')
INFO:application:Received message from client: ppg_data(user_id='01JS4H9F14TFCF0MX0A8K0R75Y', session_id='01JSHSCS3KFZ6QESR6H51G6QR9', ppg_value=26455, time='2025-04-24T01:59:06.632563+09:00')
INFO:application:Received message from client: ppg_data(user_id='01JS4H9F14TFCF0MX0A8K0R75Y', session_id='01JSHSCS3KFZ6QESR6H51G6QR9', ppg_value=24406, time='2025-04-24T01:59:06.632972+09:00')
INFO:application:Received message from client: ppg_data(user_id='01JS4H9F14TFCF0MX0A8K0R75Y', session_id='01JSHSCS3KFZ6QESR6H51G6QR9', ppg_value=22582, time='2025-04-24T01:59:06.633377+09:00')
INFO:application:Received message from client: ppg_data(user_id='01JS4H9F14TFCF0MX0A8K0R75Y', session_id='01JSHSCS3KFZ6QESR6H51G6QR9', ppg_value=20904, time='2025-04-24T01:59:06.633880+09:00')
INFO:application:Received message from client: ppg_data(user_id='01JS4H9F14TFCF0MX0A8K0R75Y', session_id='01JSHSCS3KFZ6QESR6H51G6QR9', ppg_value=19983, time='2025-04-24T01:59:06.634276+09:00')
INFO:application:Received message from client: ppg_data(user_id='01JS4H9F14TFCF0MX0A8K0R75Y', session_id='01JSHSCS3KFZ6QESR6H51G6QR9', ppg_value=19580, time='2025-04-24T01:59:06.634674+09:00')
INFO:application:Received message from client: ppg_data(user_id='01JS4H9F14TFCF0MX0A8K0R75Y', session_id='01JSHSCS3KFZ6QESR6H51G6QR9', ppg_value=19174, time='2025-04-24T01:59:06.635230+09:00')
INFO:application:Received message from client: ppg_data(user_id='01JS4H9F14TFCF0MX0A8K0R75Y', session_id='01JSHSCS3KFZ6QESR6H51G6QR9', ppg_value=18791, time='2025-04-24T01:59:06.635661+09:00')
INFO:application:Received message from client: ppg_data(user_id='01JS4H9F14TFCF0MX0A8K0R75Y', session_id='01JSHSCS3KFZ6QESR6H51G6QR9', ppg_value=18582, time='2025-04-24T01:59:06.636265+09:00')
INFO:application:Received message from client: ppg_data(user_id='01JS4H9F14TFCF0MX0A8K0R75Y', session_id='01JSHSCS3KFZ6QESR6H51G6QR9', ppg_value=18562, time='2025-04-24T01:59:06.636635+09:00')
INFO:application:Received message from client: ppg_data(user_id='01JS4H9F14TFCF0MX0A8K0R75Y', session_id='01JSHSCS3KFZ6QESR6H51G6QR9', ppg_value=18740, time='2025-04-24T01:59:06.637054+09:00')
INFO:application:Received message from client: ppg_data(user_id='01JS4H9F14TFCF0MX0A8K0R75Y', session_id='01JSHSCS3KFZ6QESR6H51G6QR9', ppg_value=18961, time='2025-04-24T01:59:06.637429+09:00')
INFO:application:Received message from client: ppg_data(user_id='01JS4H9F14TFCF0MX0A8K0R75Y', session_id='01JSHSCS3KFZ6QESR6H51G6QR9', ppg_value=19321, time='2025-04-24T01:59:06.637806+09:00')
INFO:application:Received message from client: ppg_data(user_id='01JS4H9F14TFCF0MX0A8K0R75Y', session_id='01JSHSCS3KFZ6QESR6H51G6QR9', ppg_value=19752, time='2025-04-24T01:59:06.638209+09:00')
INFO:application:Received message from client: ppg_data(user_id='01JS4H9F14TFCF0MX0A8K0R75Y', session_id='01JSHSCS3KFZ6QESR6H51G6QR9', ppg_value=19931, time='2025-04-24T01:59:06.638657+09:00')
INFO:application:Received message from client: ppg_data(user_id='01JS4H9F14TFCF0MX0A8K0R75Y', session_id='01JSHSCS3KFZ6QESR6H51G6QR9', ppg_value=20338, time='2025-04-24T01:59:06.639301+09:00')
INFO:application:Received message from client: ppg_data(user_id='01JS4H9F14TFCF0MX0A8K0R75Y', session_id='01JSHSCS3KFZ6QESR6H51G6QR9', ppg_value=20914, time='2025-04-24T01:59:06.639731+09:00')
INFO:application:Received message from client: ppg_data(user_id='01JS4H9F14TFCF0MX0A8K0R75Y', session_id='01JSHSCS3KFZ6QESR6H51G6QR9', ppg_value=21342, time='2025-04-24T01:59:06.640148+09:00')
INFO:application:Received message from client: ppg_data(user_id='01JS4H9F14TFCF0MX0A8K0R75Y', session_id='01JSHSCS3KFZ6QESR6H51G6QR9', ppg_value=21855, time='2025-04-24T01:59:06.640524+09:00')
INFO:application:Received message from client: ppg_data(user_id='01JS4H9F14TFCF0MX0A8K0R75Y', session_id='01JSHSCS3KFZ6QESR6H51G6QR9', ppg_value=22371, time='2025-04-24T01:59:06.640916+09:00')
INFO:application:Received message from client: ppg_data(user_id='01JS4H9F14TFCF0MX0A8K0R75Y', session_id='01JSHSCS3KFZ6QESR6H51G6QR9', ppg_value=22908, time='2025-04-24T01:59:06.641321+09:00')
INFO:application:Received message from client: ppg_data(user_id='01JS4H9F14TFCF0MX0A8K0R75Y', session_id='01JSHSCS3KFZ6QESR6H51G6QR9', ppg_value=23466, time='2025-04-24T01:59:06.642020+09:00')
INFO:application:Received message from client: ppg_data(user_id='01JS4H9F14TFCF0MX0A8K0R75Y', session_id='01JSHSCS3KFZ6QESR6H51G6QR9', ppg_value=23848, time='2025-04-24T01:59:06.642451+09:00')
INFO:application:Received message from client: ppg_data(user_id='01JS4H9F14TFCF0MX0A8K0R75Y', session_id='01JSHSCS3KFZ6QESR6H51G6QR9', ppg_value=22669, time='2025-04-24T01:59:06.644580+09:00')
INFO:application:Received message from client: ppg_data(user_id='01JS4H9F14TFCF0MX0A8K0R75Y', session_id='01JSHSCS3KFZ6QESR6H51G6QR9', ppg_value=19895, time='2025-04-24T01:59:06.645303+09:00')
INFO:application:Received message from client: ppg_data(user_id='01JS4H9F14TFCF0MX0A8K0R75Y', session_id='01JSHSCS3KFZ6QESR6H51G6QR9', ppg_value=17371, time='2025-04-24T01:59:06.645761+09:00')
INFO:application:Received message from client: ppg_data(user_id='01JS4H9F14TFCF0MX0A8K0R75Y', session_id='01JSHSCS3KFZ6QESR6H51G6QR9', ppg_value=15015, time='2025-04-24T01:59:06.646168+09:00')
INFO:application:Received message from client: ppg_data(user_id='01JS4H9F14TFCF0MX0A8K0R75Y', session_id='01JSHSCS3KFZ6QESR6H51G6QR9', ppg_value=12399, time='2025-04-24T01:59:06.646556+09:00')
INFO:application:Received message from client: ppg_data(user_id='01JS4H9F14TFCF0MX0A8K0R75Y', session_id='01JSHSCS3KFZ6QESR6H51G6QR9', ppg_value=10046, time='2025-04-24T01:59:06.647012+09:00')
INFO:application:Received message from client: ppg_data(user_id='01JS4H9F14TFCF0MX0A8K0R75Y', session_id='01JSHSCS3KFZ6QESR6H51G6QR9', ppg_value=8548, time='2025-04-24T01:59:06.647423+09:00')
INFO:application:Received message from client: ppg_data(user_id='01JS4H9F14TFCF0MX0A8K0R75Y', session_id='01JSHSCS3KFZ6QESR6H51G6QR9', ppg_value=7487, time='2025-04-24T01:59:06.647782+09:00')
INFO:application:Received message from client: ppg_data(user_id='01JS4H9F14TFCF0MX0A8K0R75Y', session_id='01JSHSCS3KFZ6QESR6H51G6QR9', ppg_value=6542, time='2025-04-24T01:59:06.648236+09:00')
INFO:application:Received message from client: ppg_data(user_id='01JS4H9F14TFCF0MX0A8K0R75Y', session_id='01JSHSCS3KFZ6QESR6H51G6QR9', ppg_value=5727, time='2025-04-24T01:59:06.649458+09:00')
INFO:application:Received message from client: ppg_data(user_id='01JS4H9F14TFCF0MX0A8K0R75Y', session_id='01JSHSCS3KFZ6QESR6H51G6QR9', ppg_value=5219, time='2025-04-24T01:59:06.650171+09:00')
INFO:application:Received message from client: ppg_data(user_id='01JS4H9F14TFCF0MX0A8K0R75Y', session_id='01JSHSCS3KFZ6QESR6H51G6QR9', ppg_value=5101, time='2025-04-24T01:59:06.650907+09:00')
INFO:application:Received message from client: ppg_data(user_id='01JS4H9F14TFCF0MX0A8K0R75Y', session_id='01JSHSCS3KFZ6QESR6H51G6QR9', ppg_value=5246, time='2025-04-24T01:59:06.651475+09:00')
INFO:application:Received message from client: ppg_data(user_id='01JS4H9F14TFCF0MX0A8K0R75Y', session_id='01JSHSCS3KFZ6QESR6H51G6QR9', ppg_value=5411, time='2025-04-24T01:59:06.652618+09:00')
INFO:application:Received message from client: ppg_data(user_id='01JS4H9F14TFCF0MX0A8K0R75Y', session_id='01JSHSCS3KFZ6QESR6H51G6QR9', ppg_value=5770, time='2025-04-24T01:59:06.653207+09:00')
INFO:application:Received message from client: ppg_data(user_id='01JS4H9F14TFCF0MX0A8K0R75Y', session_id='01JSHSCS3KFZ6QESR6H51G6QR9', ppg_value=6253, time='2025-04-24T01:59:06.653955+09:00')
INFO:application:Received message from client: ppg_data(user_id='01JS4H9F14TFCF0MX0A8K0R75Y', session_id='01JSHSCS3KFZ6QESR6H51G6QR9', ppg_value=6731, time='2025-04-24T01:59:06.655006+09:00')
INFO:application:Received message from client: ppg_data(user_id='01JS4H9F14TFCF0MX0A8K0R75Y', session_id='01JSHSCS3KFZ6QESR6H51G6QR9', ppg_value=7284, time='2025-04-24T01:59:06.655769+09:00')
INFO:application:Received message from client: ppg_data(user_id='01JS4H9F14TFCF0MX0A8K0R75Y', session_id='01JSHSCS3KFZ6QESR6H51G6QR9', ppg_value=7937, time='2025-04-24T01:59:06.656313+09:00')
INFO:application:Received message from client: ppg_data(user_id='01JS4H9F14TFCF0MX0A8K0R75Y', session_id='01JSHSCS3KFZ6QESR6H51G6QR9', ppg_value=8599, time='2025-04-24T01:59:06.657047+09:00')
INFO:application:Received message from client: ppg_data(user_id='01JS4H9F14TFCF0MX0A8K0R75Y', session_id='01JSHSCS3KFZ6QESR6H51G6QR9', ppg_value=9265, time='2025-04-24T01:59:06.657550+09:00')
INFO:application:Received message from client: ppg_data(user_id='01JS4H9F14TFCF0MX0A8K0R75Y', session_id='01JSHSCS3KFZ6QESR6H51G6QR9', ppg_value=9983, time='2025-04-24T01:59:06.658043+09:00')
INFO:application:Received message from client: ppg_data(user_id='01JS4H9F14TFCF0MX0A8K0R75Y', session_id='01JSHSCS3KFZ6QESR6H51G6QR9', ppg_value=10773, time='2025-04-24T01:59:06.658530+09:00')
INFO:application:Received message from client: ppg_data(user_id='01JS4H9F14TFCF0MX0A8K0R75Y', session_id='01JSHSCS3KFZ6QESR6H51G6QR9', ppg_value=11602, time='2025-04-24T01:59:06.659284+09:00')
INFO:application:Received message from client: ppg_data(user_id='01JS4H9F14TFCF0MX0A8K0R75Y', session_id='01JSHSCS3KFZ6QESR6H51G6QR9', ppg_value=12443, time='2025-04-24T01:59:06.659796+09:00')
INFO:application:Received message from client: ppg_data(user_id='01JS4H9F14TFCF0MX0A8K0R75Y', session_id='01JSHSCS3KFZ6QESR6H51G6QR9', ppg_value=13262, time='2025-04-24T01:59:06.660288+09:00')
INFO:application:Received message from client: ppg_data(user_id='01JS4H9F14TFCF0MX0A8K0R75Y', session_id='01JSHSCS3KFZ6QESR6H51G6QR9', ppg_value=11978, time='2025-04-24T01:59:06.660780+09:00')
INFO:application:Received message from client: ppg_data(user_id='01JS4H9F14TFCF0MX0A8K0R75Y', session_id='01JSHSCS3KFZ6QESR6H51G6QR9', ppg_value=9527, time='2025-04-24T01:59:06.661313+09:00')
INFO:application:Received message from client: ppg_data(user_id='01JS4H9F14TFCF0MX0A8K0R75Y', session_id='01JSHSCS3KFZ6QESR6H51G6QR9', ppg_value=7404, time='2025-04-24T01:59:06.662757+09:00')
INFO:application:Received message from client: ppg_data(user_id='01JS4H9F14TFCF0MX0A8K0R75Y', session_id='01JSHSCS3KFZ6QESR6H51G6QR9', ppg_value=5183, time='2025-04-24T01:59:06.663378+09:00')
INFO:application:Received message from client: ppg_data(user_id='01JS4H9F14TFCF0MX0A8K0R75Y', session_id='01JSHSCS3KFZ6QESR6H51G6QR9', ppg_value=2764, time='2025-04-24T01:59:06.664070+09:00')
INFO:application:Received message from client: ppg_data(user_id='01JS4H9F14TFCF0MX0A8K0R75Y', session_id='01JSHSCS3KFZ6QESR6H51G6QR9', ppg_value=844, time='2025-04-24T01:59:06.664773+09:00')
INFO:application:Received message from client: ppg_data(user_id='01JS4H9F14TFCF0MX0A8K0R75Y', session_id='01JSHSCS3KFZ6QESR6H51G6QR9', ppg_value=-82, time='2025-04-24T01:59:06.665283+09:00')
INFO:application:Received message from client: ppg_data(user_id='01JS4H9F14TFCF0MX0A8K0R75Y', session_id='01JSHSCS3KFZ6QESR6H51G6QR9', ppg_value=-521, time='2025-04-24T01:59:06.665754+09:00')
INFO:application:Received message from client: ppg_data(user_id='01JS4H9F14TFCF0MX0A8K0R75Y', session_id='01JSHSCS3KFZ6QESR6H51G6QR9', ppg_value=-1022, time='2025-04-24T01:59:06.666696+09:00')
INFO:application:Received message from client: ppg_data(user_id='01JS4H9F14TFCF0MX0A8K0R75Y', session_id='01JSHSCS3KFZ6QESR6H51G6QR9', ppg_value=-1269, time='2025-04-24T01:59:06.667278+09:00')
INFO:application:Received message from client: ppg_data(user_id='01JS4H9F14TFCF0MX0A8K0R75Y', session_id='01JSHSCS3KFZ6QESR6H51G6QR9', ppg_value=-1324, time='2025-04-24T01:59:06.667758+09:00')
INFO:application:Received message from client: ppg_data(user_id='01JS4H9F14TFCF0MX0A8K0R75Y', session_id='01JSHSCS3KFZ6QESR6H51G6QR9', ppg_value=-858, time='2025-04-24T01:59:06.668275+09:00')
INFO:application:Received message from client: ppg_data(user_id='01JS4H9F14TFCF0MX0A8K0R75Y', session_id='01JSHSCS3KFZ6QESR6H51G6QR9', ppg_value=-184, time='2025-04-24T01:59:06.668708+09:00')
INFO:application:Received message from client: ppg_data(user_id='01JS4H9F14TFCF0MX0A8K0R75Y', session_id='01JSHSCS3KFZ6QESR6H51G6QR9', ppg_value=532, time='2025-04-24T01:59:06.669359+09:00')
INFO:application:Received message from client: ppg_data(user_id='01JS4H9F14TFCF0MX0A8K0R75Y', session_id='01JSHSCS3KFZ6QESR6H51G6QR9', ppg_value=1306, time='2025-04-24T01:59:06.670076+09:00')
INFO:application:Received message from client: ppg_data(user_id='01JS4H9F14TFCF0MX0A8K0R75Y', session_id='01JSHSCS3KFZ6QESR6H51G6QR9', ppg_value=2263, time='2025-04-24T01:59:06.670590+09:00')
INFO:application:Received message from client: ppg_data(user_id='01JS4H9F14TFCF0MX0A8K0R75Y', session_id='01JSHSCS3KFZ6QESR6H51G6QR9', ppg_value=3050, time='2025-04-24T01:59:06.671186+09:00')
INFO:application:Received message from client: ppg_data(user_id='01JS4H9F14TFCF0MX0A8K0R75Y', session_id='01JSHSCS3KFZ6QESR6H51G6QR9', ppg_value=3897, time='2025-04-24T01:59:06.671864+09:00')
INFO:application:Received message from client: ppg_data(user_id='01JS4H9F14TFCF0MX0A8K0R75Y', session_id='01JSHSCS3KFZ6QESR6H51G6QR9', ppg_value=4753, time='2025-04-24T01:59:06.672351+09:00')
INFO:application:Received message from client: ppg_data(user_id='01JS4H9F14TFCF0MX0A8K0R75Y', session_id='01JSHSCS3KFZ6QESR6H51G6QR9', ppg_value=5608, time='2025-04-24T01:59:06.672814+09:00')
INFO:application:Received message from client: ppg_data(user_id='01JS4H9F14TFCF0MX0A8K0R75Y', session_id='01JSHSCS3KFZ6QESR6H51G6QR9', ppg_value=6415, time='2025-04-24T01:59:06.673265+09:00')
INFO:application:Received message from client: ppg_data(user_id='01JS4H9F14TFCF0MX0A8K0R75Y', session_id='01JSHSCS3KFZ6QESR6H51G6QR9', ppg_value=7314, time='2025-04-24T01:59:06.673899+09:00')
INFO:application:Received message from client: ppg_data(user_id='01JS4H9F14TFCF0MX0A8K0R75Y', session_id='01JSHSCS3KFZ6QESR6H51G6QR9', ppg_value=8076, time='2025-04-24T01:59:06.674556+09:00')
INFO:application:Received message from client: ppg_data(user_id='01JS4H9F14TFCF0MX0A8K0R75Y', session_id='01JSHSCS3KFZ6QESR6H51G6QR9', ppg_value=8829, time='2025-04-24T01:59:06.675171+09:00')
INFO:application:Received message from client: ppg_data(user_id='01JS4H9F14TFCF0MX0A8K0R75Y', session_id='01JSHSCS3KFZ6QESR6H51G6QR9', ppg_value=9654, time='2025-04-24T01:59:06.675823+09:00')
INFO:application:Received message from client: ppg_data(user_id='01JS4H9F14TFCF0MX0A8K0R75Y', session_id='01JSHSCS3KFZ6QESR6H51G6QR9', ppg_value=10505, time='2025-04-24T01:59:06.676272+09:00')
INFO:application:Received message from client: ppg_data(user_id='01JS4H9F14TFCF0MX0A8K0R75Y', session_id='01JSHSCS3KFZ6QESR6H51G6QR9', ppg_value=10826, time='2025-04-24T01:59:06.676687+09:00')
INFO:application:Received message from client: ppg_data(user_id='01JS4H9F14TFCF0MX0A8K0R75Y', session_id='01JSHSCS3KFZ6QESR6H51G6QR9', ppg_value=8983, time='2025-04-24T01:59:06.677298+09:00')
INFO:application:Received message from client: ppg_data(user_id='01JS4H9F14TFCF0MX0A8K0R75Y', session_id='01JSHSCS3KFZ6QESR6H51G6QR9', ppg_value=6487, time='2025-04-24T01:59:06.677710+09:00')
INFO:application:Received message from client: ppg_data(user_id='01JS4H9F14TFCF0MX0A8K0R75Y', session_id='01JSHSCS3KFZ6QESR6H51G6QR9', ppg_value=4472, time='2025-04-24T01:59:06.678279+09:00')
INFO:application:Received message from client: ppg_data(user_id='01JS4H9F14TFCF0MX0A8K0R75Y', session_id='01JSHSCS3KFZ6QESR6H51G6QR9', ppg_value=2209, time='2025-04-24T01:59:06.679068+09:00')
INFO:application:Received message from client: ppg_data(user_id='01JS4H9F14TFCF0MX0A8K0R75Y', session_id='01JSHSCS3KFZ6QESR6H51G6QR9', ppg_value=68, time='2025-04-24T01:59:06.680648+09:00')
INFO:application:Received message from client: ppg_data(user_id='01JS4H9F14TFCF0MX0A8K0R75Y', session_id='01JSHSCS3KFZ6QESR6H51G6QR9', ppg_value=-1696, time='2025-04-24T01:59:06.681135+09:00')
INFO:application:Received message from client: ppg_data(user_id='01JS4H9F14TFCF0MX0A8K0R75Y', session_id='01JSHSCS3KFZ6QESR6H51G6QR9', ppg_value=-2453, time='2025-04-24T01:59:06.681539+09:00')
INFO:application:Received message from client: ppg_data(user_id='01JS4H9F14TFCF0MX0A8K0R75Y', session_id='01JSHSCS3KFZ6QESR6H51G6QR9', ppg_value=-2839, time='2025-04-24T01:59:06.682113+09:00')
INFO:application:Received message from client: ppg_data(user_id='01JS4H9F14TFCF0MX0A8K0R75Y', session_id='01JSHSCS3KFZ6QESR6H51G6QR9', ppg_value=-3378, time='2025-04-24T01:59:06.682526+09:00')
INFO:application:Received message from client: ppg_data(user_id='01JS4H9F14TFCF0MX0A8K0R75Y', session_id='01JSHSCS3KFZ6QESR6H51G6QR9', ppg_value=-3652, time='2025-04-24T01:59:06.682891+09:00')
INFO:application:Received message from client: ppg_data(user_id='01JS4H9F14TFCF0MX0A8K0R75Y', session_id='01JSHSCS3KFZ6QESR6H51G6QR9', ppg_value=-3528, time='2025-04-24T01:59:06.683361+09:00')
INFO:application:Received message from client: ppg_data(user_id='01JS4H9F14TFCF0MX0A8K0R75Y', session_id='01JSHSCS3KFZ6QESR6H51G6QR9', ppg_value=-3046, time='2025-04-24T01:59:06.683757+09:00')
INFO:application:Received message from client: ppg_data(user_id='01JS4H9F14TFCF0MX0A8K0R75Y', session_id='01JSHSCS3KFZ6QESR6H51G6QR9', ppg_value=-2675, time='2025-04-24T01:59:06.684167+09:00')
INFO:application:Received message from client: ppg_data(user_id='01JS4H9F14TFCF0MX0A8K0R75Y', session_id='01JSHSCS3KFZ6QESR6H51G6QR9', ppg_value=-2107, time='2025-04-24T01:59:06.684582+09:00')
INFO:application:Received message from client: ppg_data(user_id='01JS4H9F14TFCF0MX0A8K0R75Y', session_id='01JSHSCS3KFZ6QESR6H51G6QR9', ppg_value=-1365, time='2025-04-24T01:59:06.684979+09:00')
INFO:application:Received message from client: ppg_data(user_id='01JS4H9F14TFCF0MX0A8K0R75Y', session_id='01JSHSCS3KFZ6QESR6H51G6QR9', ppg_value=-522, time='2025-04-24T01:59:06.685639+09:00')
INFO:application:Received message from client: ppg_data(user_id='01JS4H9F14TFCF0MX0A8K0R75Y', session_id='01JSHSCS3KFZ6QESR6H51G6QR9', ppg_value=365, time='2025-04-24T01:59:06.686088+09:00')
INFO:application:Received message from client: ppg_data(user_id='01JS4H9F14TFCF0MX0A8K0R75Y', session_id='01JSHSCS3KFZ6QESR6H51G6QR9', ppg_value=1261, time='2025-04-24T01:59:06.686795+09:00')
INFO:application:Received message from client: ppg_data(user_id='01JS4H9F14TFCF0MX0A8K0R75Y', session_id='01JSHSCS3KFZ6QESR6H51G6QR9', ppg_value=2190, time='2025-04-24T01:59:06.688185+09:00')
INFO:application:Received message from client: ppg_data(user_id='01JS4H9F14TFCF0MX0A8K0R75Y', session_id='01JSHSCS3KFZ6QESR6H51G6QR9', ppg_value=3106, time='2025-04-24T01:59:06.689845+09:00')
INFO:application:Received message from client: ppg_data(user_id='01JS4H9F14TFCF0MX0A8K0R75Y', session_id='01JSHSCS3KFZ6QESR6H51G6QR9', ppg_value=3917, time='2025-04-24T01:59:06.690761+09:00')
INFO:application:Received message from client: ppg_data(user_id='01JS4H9F14TFCF0MX0A8K0R75Y', session_id='01JSHSCS3KFZ6QESR6H51G6QR9', ppg_value=4726, time='2025-04-24T01:59:06.691674+09:00')
INFO:application:Received message from client: ppg_data(user_id='01JS4H9F14TFCF0MX0A8K0R75Y', session_id='01JSHSCS3KFZ6QESR6H51G6QR9', ppg_value=5665, time='2025-04-24T01:59:06.692502+09:00')
INFO:application:Received message from client: ppg_data(user_id='01JS4H9F14TFCF0MX0A8K0R75Y', session_id='01JSHSCS3KFZ6QESR6H51G6QR9', ppg_value=6428, time='2025-04-24T01:59:06.693347+09:00')
INFO:application:Received message from client: ppg_data(user_id='01JS4H9F14TFCF0MX0A8K0R75Y', session_id='01JSHSCS3KFZ6QESR6H51G6QR9', ppg_value=7362, time='2025-04-24T01:59:06.694167+09:00')
INFO:application:Received message from client: ppg_data(user_id='01JS4H9F14TFCF0MX0A8K0R75Y', session_id='01JSHSCS3KFZ6QESR6H51G6QR9', ppg_value=8238, time='2025-04-24T01:59:06.695147+09:00')
INFO:application:Received message from client: ppg_data(user_id='01JS4H9F14TFCF0MX0A8K0R75Y', session_id='01JSHSCS3KFZ6QESR6H51G6QR9', ppg_value=7950, time='2025-04-24T01:59:06.695574+09:00')
INFO:application:Received message from client: ppg_data(user_id='01JS4H9F14TFCF0MX0A8K0R75Y', session_id='01JSHSCS3KFZ6QESR6H51G6QR9', ppg_value=6066, time='2025-04-24T01:59:06.695978+09:00')
INFO:application:Received message from client: ppg_data(user_id='01JS4H9F14TFCF0MX0A8K0R75Y', session_id='01JSHSCS3KFZ6QESR6H51G6QR9', ppg_value=4091, time='2025-04-24T01:59:06.696366+09:00')
INFO:application:Received message from client: ppg_data(user_id='01JS4H9F14TFCF0MX0A8K0R75Y', session_id='01JSHSCS3KFZ6QESR6H51G6QR9', ppg_value=2205, time='2025-04-24T01:59:06.696762+09:00')
INFO:application:Received message from client: ppg_data(user_id='01JS4H9F14TFCF0MX0A8K0R75Y', session_id='01JSHSCS3KFZ6QESR6H51G6QR9', ppg_value=448, time='2025-04-24T01:59:06.697321+09:00')
INFO:application:Received message from client: ppg_data(user_id='01JS4H9F14TFCF0MX0A8K0R75Y', session_id='01JSHSCS3KFZ6QESR6H51G6QR9', ppg_value=-1088, time='2025-04-24T01:59:06.697719+09:00')
INFO:application:Received message from client: ppg_data(user_id='01JS4H9F14TFCF0MX0A8K0R75Y', session_id='01JSHSCS3KFZ6QESR6H51G6QR9', ppg_value=-1964, time='2025-04-24T01:59:06.698117+09:00')
INFO:application:Received message from client: ppg_data(user_id='01JS4H9F14TFCF0MX0A8K0R75Y', session_id='01JSHSCS3KFZ6QESR6H51G6QR9', ppg_value=-2206, time='2025-04-24T01:59:06.698532+09:00')
INFO:application:Received message from client: ppg_data(user_id='01JS4H9F14TFCF0MX0A8K0R75Y', session_id='01JSHSCS3KFZ6QESR6H51G6QR9', ppg_value=-2478, time='2025-04-24T01:59:06.699107+09:00')
INFO:application:Received message from client: ppg_data(user_id='01JS4H9F14TFCF0MX0A8K0R75Y', session_id='01JSHSCS3KFZ6QESR6H51G6QR9', ppg_value=-2563, time='2025-04-24T01:59:06.699556+09:00')
INFO:application:Received message from client: ppg_data(user_id='01JS4H9F14TFCF0MX0A8K0R75Y', session_id='01JSHSCS3KFZ6QESR6H51G6QR9', ppg_value=-2516, time='2025-04-24T01:59:06.699999+09:00')
INFO:application:Received message from client: ppg_data(user_id='01JS4H9F14TFCF0MX0A8K0R75Y', session_id='01JSHSCS3KFZ6QESR6H51G6QR9', ppg_value=-2222, time='2025-04-24T01:59:06.700524+09:00')
INFO:application:Received message from client: ppg_data(user_id='01JS4H9F14TFCF0MX0A8K0R75Y', session_id='01JSHSCS3KFZ6QESR6H51G6QR9', ppg_value=-1704, time='2025-04-24T01:59:06.700948+09:00')
INFO:application:Received message from client: ppg_data(user_id='01JS4H9F14TFCF0MX0A8K0R75Y', session_id='01JSHSCS3KFZ6QESR6H51G6QR9', ppg_value=-1072, time='2025-04-24T01:59:06.701353+09:00')
INFO:application:Received message from client: ppg_data(user_id='01JS4H9F14TFCF0MX0A8K0R75Y', session_id='01JSHSCS3KFZ6QESR6H51G6QR9', ppg_value=-346, time='2025-04-24T01:59:06.701922+09:00')
INFO:application:Received message from client: ppg_data(user_id='01JS4H9F14TFCF0MX0A8K0R75Y', session_id='01JSHSCS3KFZ6QESR6H51G6QR9', ppg_value=520, time='2025-04-24T01:59:06.702300+09:00')
INFO:application:Received message from client: ppg_data(user_id='01JS4H9F14TFCF0MX0A8K0R75Y', session_id='01JSHSCS3KFZ6QESR6H51G6QR9', ppg_value=1370, time='2025-04-24T01:59:06.702850+09:00')
INFO:application:Received message from client: ppg_data(user_id='01JS4H9F14TFCF0MX0A8K0R75Y', session_id='01JSHSCS3KFZ6QESR6H51G6QR9', ppg_value=2367, time='2025-04-24T01:59:06.703327+09:00')
INFO:application:Received message from client: ppg_data(user_id='01JS4H9F14TFCF0MX0A8K0R75Y', session_id='01JSHSCS3KFZ6QESR6H51G6QR9', ppg_value=3280, time='2025-04-24T01:59:06.703703+09:00')
INFO:application:Received message from client: ppg_data(user_id='01JS4H9F14TFCF0MX0A8K0R75Y', session_id='01JSHSCS3KFZ6QESR6H51G6QR9', ppg_value=4224, time='2025-04-24T01:59:06.704074+09:00')
INFO:application:Received message from client: ppg_data(user_id='01JS4H9F14TFCF0MX0A8K0R75Y', session_id='01JSHSCS3KFZ6QESR6H51G6QR9', ppg_value=5093, time='2025-04-24T01:59:06.704525+09:00')
INFO:application:Received message from client: ppg_data(user_id='01JS4H9F14TFCF0MX0A8K0R75Y', session_id='01JSHSCS3KFZ6QESR6H51G6QR9', ppg_value=5939, time='2025-04-24T01:59:06.704917+09:00')
INFO:application:Received message from client: ppg_data(user_id='01JS4H9F14TFCF0MX0A8K0R75Y', session_id='01JSHSCS3KFZ6QESR6H51G6QR9', ppg_value=6784, time='2025-04-24T01:59:06.705295+09:00')
INFO:application:Received message from client: ppg_data(user_id='01JS4H9F14TFCF0MX0A8K0R75Y', session_id='01JSHSCS3KFZ6QESR6H51G6QR9', ppg_value=7610, time='2025-04-24T01:59:06.705671+09:00')
INFO:application:Received message from client: ppg_data(user_id='01JS4H9F14TFCF0MX0A8K0R75Y', session_id='01JSHSCS3KFZ6QESR6H51G6QR9', ppg_value=8414, time='2025-04-24T01:59:06.706062+09:00')
INFO:application:Received message from client: ppg_data(user_id='01JS4H9F14TFCF0MX0A8K0R75Y', session_id='01JSHSCS3KFZ6QESR6H51G6QR9', ppg_value=9315, time='2025-04-24T01:59:06.706465+09:00')
INFO:application:Received message from client: ppg_data(user_id='01JS4H9F14TFCF0MX0A8K0R75Y', session_id='01JSHSCS3KFZ6QESR6H51G6QR9', ppg_value=9896, time='2025-04-24T01:59:06.706836+09:00')
INFO:application:Received message from client: ppg_data(user_id='01JS4H9F14TFCF0MX0A8K0R75Y', session_id='01JSHSCS3KFZ6QESR6H51G6QR9', ppg_value=8338, time='2025-04-24T01:59:06.707322+09:00')
INFO:application:Received message from client: ppg_data(user_id='01JS4H9F14TFCF0MX0A8K0R75Y', session_id='01JSHSCS3KFZ6QESR6H51G6QR9', ppg_value=6302, time='2025-04-24T01:59:06.707711+09:00')
INFO:application:Received message from client: ppg_data(user_id='01JS4H9F14TFCF0MX0A8K0R75Y', session_id='01JSHSCS3KFZ6QESR6H51G6QR9', ppg_value=4372, time='2025-04-24T01:59:06.708090+09:00')
INFO:application:Received message from client: ppg_data(user_id='01JS4H9F14TFCF0MX0A8K0R75Y', session_id='01JSHSCS3KFZ6QESR6H51G6QR9', ppg_value=2392, time='2025-04-24T01:59:06.708527+09:00')
INFO:application:Received message from client: ppg_data(user_id='01JS4H9F14TFCF0MX0A8K0R75Y', session_id='01JSHSCS3KFZ6QESR6H51G6QR9', ppg_value=529, time='2025-04-24T01:59:06.708919+09:00')
INFO:application:Received message from client: ppg_data(user_id='01JS4H9F14TFCF0MX0A8K0R75Y', session_id='01JSHSCS3KFZ6QESR6H51G6QR9', ppg_value=-968, time='2025-04-24T01:59:06.709305+09:00')
INFO:application:Received message from client: ppg_data(user_id='01JS4H9F14TFCF0MX0A8K0R75Y', session_id='01JSHSCS3KFZ6QESR6H51G6QR9', ppg_value=-1518, time='2025-04-24T01:59:06.709683+09:00')
INFO:application:Received message from client: ppg_data(user_id='01JS4H9F14TFCF0MX0A8K0R75Y', session_id='01JSHSCS3KFZ6QESR6H51G6QR9', ppg_value=-1890, time='2025-04-24T01:59:06.710069+09:00')
INFO:application:Received message from client: ppg_data(user_id='01JS4H9F14TFCF0MX0A8K0R75Y', session_id='01JSHSCS3KFZ6QESR6H51G6QR9', ppg_value=-2262, time='2025-04-24T01:59:06.710447+09:00')
INFO:application:Received message from client: ppg_data(user_id='01JS4H9F14TFCF0MX0A8K0R75Y', session_id='01JSHSCS3KFZ6QESR6H51G6QR9', ppg_value=-2639, time='2025-04-24T01:59:06.710832+09:00')
INFO:application:Received message from client: ppg_data(user_id='01JS4H9F14TFCF0MX0A8K0R75Y', session_id='01JSHSCS3KFZ6QESR6H51G6QR9', ppg_value=-2617, time='2025-04-24T01:59:06.711262+09:00')
INFO:application:Received message from client: ppg_data(user_id='01JS4H9F14TFCF0MX0A8K0R75Y', session_id='01JSHSCS3KFZ6QESR6H51G6QR9', ppg_value=-2421, time='2025-04-24T01:59:06.711660+09:00')
INFO:application:Received message from client: ppg_data(user_id='01JS4H9F14TFCF0MX0A8K0R75Y', session_id='01JSHSCS3KFZ6QESR6H51G6QR9', ppg_value=-2025, time='2025-04-24T01:59:06.712048+09:00')
INFO:application:Received message from client: ppg_data(user_id='01JS4H9F14TFCF0MX0A8K0R75Y', session_id='01JSHSCS3KFZ6QESR6H51G6QR9', ppg_value=-1430, time='2025-04-24T01:59:06.712426+09:00')
INFO:application:Received message from client: ppg_data(user_id='01JS4H9F14TFCF0MX0A8K0R75Y', session_id='01JSHSCS3KFZ6QESR6H51G6QR9', ppg_value=-874, time='2025-04-24T01:59:06.712801+09:00')
INFO:application:Received message from client: ppg_data(user_id='01JS4H9F14TFCF0MX0A8K0R75Y', session_id='01JSHSCS3KFZ6QESR6H51G6QR9', ppg_value=-104, time='2025-04-24T01:59:06.713174+09:00')
INFO:application:Received message from client: ppg_data(user_id='01JS4H9F14TFCF0MX0A8K0R75Y', session_id='01JSHSCS3KFZ6QESR6H51G6QR9', ppg_value=686, time='2025-04-24T01:59:06.713612+09:00')
INFO:application:Received message from client: ppg_data(user_id='01JS4H9F14TFCF0MX0A8K0R75Y', session_id='01JSHSCS3KFZ6QESR6H51G6QR9', ppg_value=1456, time='2025-04-24T01:59:06.714015+09:00')
INFO:application:Received message from client: ppg_data(user_id='01JS4H9F14TFCF0MX0A8K0R75Y', session_id='01JSHSCS3KFZ6QESR6H51G6QR9', ppg_value=2279, time='2025-04-24T01:59:06.714401+09:00')
INFO:application:Received message from client: ppg_data(user_id='01JS4H9F14TFCF0MX0A8K0R75Y', session_id='01JSHSCS3KFZ6QESR6H51G6QR9', ppg_value=3037, time='2025-04-24T01:59:06.714769+09:00')
INFO:application:Received message from client: ppg_data(user_id='01JS4H9F14TFCF0MX0A8K0R75Y', session_id='01JSHSCS3KFZ6QESR6H51G6QR9', ppg_value=3735, time='2025-04-24T01:59:06.719347+09:00')
INFO:application:Received message from client: ppg_data(user_id='01JS4H9F14TFCF0MX0A8K0R75Y', session_id='01JSHSCS3KFZ6QESR6H51G6QR9', ppg_value=4584, time='2025-04-24T01:59:06.719816+09:00')
INFO:application:Received message from client: ppg_data(user_id='01JS4H9F14TFCF0MX0A8K0R75Y', session_id='01JSHSCS3KFZ6QESR6H51G6QR9', ppg_value=5411, time='2025-04-24T01:59:06.720214+09:00')
INFO:application:Received message from client: ppg_data(user_id='01JS4H9F14TFCF0MX0A8K0R75Y', session_id='01JSHSCS3KFZ6QESR6H51G6QR9', ppg_value=6080, time='2025-04-24T01:59:06.721130+09:00')
INFO:application:Received message from client: ppg_data(user_id='01JS4H9F14TFCF0MX0A8K0R75Y', session_id='01JSHSCS3KFZ6QESR6H51G6QR9', ppg_value=6886, time='2025-04-24T01:59:06.721552+09:00')
INFO:application:Received message from client: ppg_data(user_id='01JS4H9F14TFCF0MX0A8K0R75Y', session_id='01JSHSCS3KFZ6QESR6H51G6QR9', ppg_value=7686, time='2025-04-24T01:59:06.721931+09:00')
INFO:application:Received message from client: ppg_data(user_id='01JS4H9F14TFCF0MX0A8K0R75Y', session_id='01JSHSCS3KFZ6QESR6H51G6QR9', ppg_value=7423, time='2025-04-24T01:59:06.722308+09:00')
INFO:application:Received message from client: ppg_data(user_id='01JS4H9F14TFCF0MX0A8K0R75Y', session_id='01JSHSCS3KFZ6QESR6H51G6QR9', ppg_value=5557, time='2025-04-24T01:59:06.723175+09:00')
INFO:application:Received message from client: ppg_data(user_id='01JS4H9F14TFCF0MX0A8K0R75Y', session_id='01JSHSCS3KFZ6QESR6H51G6QR9', ppg_value=3292, time='2025-04-24T01:59:06.724584+09:00')
INFO:application:Received message from client: ppg_data(user_id='01JS4H9F14TFCF0MX0A8K0R75Y', session_id='01JSHSCS3KFZ6QESR6H51G6QR9', ppg_value=1340, time='2025-04-24T01:59:06.725477+09:00')
INFO:application:Received message from client: ppg_data(user_id='01JS4H9F14TFCF0MX0A8K0R75Y', session_id='01JSHSCS3KFZ6QESR6H51G6QR9', ppg_value=-647, time='2025-04-24T01:59:06.726613+09:00')
INFO:application:Received message from client: ppg_data(user_id='01JS4H9F14TFCF0MX0A8K0R75Y', session_id='01JSHSCS3KFZ6QESR6H51G6QR9', ppg_value=-2217, time='2025-04-24T01:59:06.728197+09:00')
INFO:application:Received message from client: ppg_data(user_id='01JS4H9F14TFCF0MX0A8K0R75Y', session_id='01JSHSCS3KFZ6QESR6H51G6QR9', ppg_value=-3069, time='2025-04-24T01:59:06.728640+09:00')
INFO:application:Received message from client: ppg_data(user_id='01JS4H9F14TFCF0MX0A8K0R75Y', session_id='01JSHSCS3KFZ6QESR6H51G6QR9', ppg_value=-3335, time='2025-04-24T01:59:06.729061+09:00')
INFO:application:Received message from client: ppg_data(user_id='01JS4H9F14TFCF0MX0A8K0R75Y', session_id='01JSHSCS3KFZ6QESR6H51G6QR9', ppg_value=-3557, time='2025-04-24T01:59:06.729469+09:00')
INFO:application:Received message from client: ppg_data(user_id='01JS4H9F14TFCF0MX0A8K0R75Y', session_id='01JSHSCS3KFZ6QESR6H51G6QR9', ppg_value=-3884, time='2025-04-24T01:59:06.729855+09:00')
INFO:application:Received message from client: ppg_data(user_id='01JS4H9F14TFCF0MX0A8K0R75Y', session_id='01JSHSCS3KFZ6QESR6H51G6QR9', ppg_value=-4005, time='2025-04-24T01:59:06.730246+09:00')
INFO:main:client disconnected : Address(host='210.96.144.144', port=55268)
INFO:main:받은 총 데이터 개수 : 600
INFO:     connection closed
INFO:application:eyJhbGciOiJIUzI1NiIsInR5cCI6IkpXVCJ9.eyJ1c2VyX2lkIjoiMDFKUzRIOUYxNFRGQ0YwTVgwQThLMFI3NVkiLCJyb2xlIjoiVVNFUiIsImV4cCI6MTc0NTQ0OTE0OH0.l3qTXhrh0NmMoQ8O8DEEZZbtuJYALip3QAf4mRT0bMA
INFO:application:종료 시 데이터 전송 성공: 01JSHSCS3KFZ6QESR6H51G6QR9, 데이터 수: 600
INFO:application:모든 백그라운드 태스크가 정리되었습니다.
INFO:main:client connected : Address(host='210.96.144.144', port=57310)
INFO:     ('210.96.144.144', 57310) - "WebSocket /ws" [accepted]
INFO:     connection open
INFO:application:Received message from client: ppg_data(user_id='01JS4H9F14TFCF0MX0A8K0R75Y', session_id='01JSHSFY7V8MSG26Q6EP7WZ90Y', ppg_value=189844, time='2025-04-24T02:00:34.162740+09:00')
INFO:main:변환된 user_id : 2000
INFO:application:Received message from client: ppg_data(user_id='01JS4H9F14TFCF0MX0A8K0R75Y', session_id='01JSHSFY7V8MSG26Q6EP7WZ90Y', ppg_value=189886, time='2025-04-24T02:00:34.165374+09:00')
INFO:application:Received message from client: ppg_data(user_id='01JS4H9F14TFCF0MX0A8K0R75Y', session_id='01JSHSFY7V8MSG26Q6EP7WZ90Y', ppg_value=189935, time='2025-04-24T02:00:34.167114+09:00')
INFO:application:Received message from client: ppg_data(user_id='01JS4H9F14TFCF0MX0A8K0R75Y', session_id='01JSHSFY7V8MSG26Q6EP7WZ90Y', ppg_value=189961, time='2025-04-24T02:00:34.169008+09:00')
INFO:application:Received message from client: ppg_data(user_id='01JS4H9F14TFCF0MX0A8K0R75Y', session_id='01JSHSFY7V8MSG26Q6EP7WZ90Y', ppg_value=189975, time='2025-04-24T02:00:34.170768+09:00')
INFO:application:Received message from client: ppg_data(user_id='01JS4H9F14TFCF0MX0A8K0R75Y', session_id='01JSHSFY7V8MSG26Q6EP7WZ90Y', ppg_value=190076, time='2025-04-24T02:00:34.172468+09:00')
INFO:application:Received message from client: ppg_data(user_id='01JS4H9F14TFCF0MX0A8K0R75Y', session_id='01JSHSFY7V8MSG26Q6EP7WZ90Y', ppg_value=190090, time='2025-04-24T02:00:34.174123+09:00')
INFO:application:Received message from client: ppg_data(user_id='01JS4H9F14TFCF0MX0A8K0R75Y', session_id='01JSHSFY7V8MSG26Q6EP7WZ90Y', ppg_value=190014, time='2025-04-24T02:00:34.175909+09:00')
INFO:application:Received message from client: ppg_data(user_id='01JS4H9F14TFCF0MX0A8K0R75Y', session_id='01JSHSFY7V8MSG26Q6EP7WZ90Y', ppg_value=189934, time='2025-04-24T02:00:34.178770+09:00')
INFO:application:Received message from client: ppg_data(user_id='01JS4H9F14TFCF0MX0A8K0R75Y', session_id='01JSHSFY7V8MSG26Q6EP7WZ90Y', ppg_value=-29760, time='2025-04-24T02:00:34.180897+09:00')
INFO:application:Received message from client: ppg_data(user_id='01JS4H9F14TFCF0MX0A8K0R75Y', session_id='01JSHSFY7V8MSG26Q6EP7WZ90Y', ppg_value=-29833, time='2025-04-24T02:00:34.182813+09:00')
INFO:application:Received message from client: ppg_data(user_id='01JS4H9F14TFCF0MX0A8K0R75Y', session_id='01JSHSFY7V8MSG26Q6EP7WZ90Y', ppg_value=-29893, time='2025-04-24T02:00:34.185335+09:00')
INFO:application:Received message from client: ppg_data(user_id='01JS4H9F14TFCF0MX0A8K0R75Y', session_id='01JSHSFY7V8MSG26Q6EP7WZ90Y', ppg_value=-29880, time='2025-04-24T02:00:34.186990+09:00')
INFO:application:Received message from client: ppg_data(user_id='01JS4H9F14TFCF0MX0A8K0R75Y', session_id='01JSHSFY7V8MSG26Q6EP7WZ90Y', ppg_value=-29858, time='2025-04-24T02:00:34.189021+09:00')
INFO:application:Received message from client: ppg_data(user_id='01JS4H9F14TFCF0MX0A8K0R75Y', session_id='01JSHSFY7V8MSG26Q6EP7WZ90Y', ppg_value=8525, time='2025-04-24T02:00:34.190427+09:00')
INFO:application:Received message from client: ppg_data(user_id='01JS4H9F14TFCF0MX0A8K0R75Y', session_id='01JSHSFY7V8MSG26Q6EP7WZ90Y', ppg_value=8555, time='2025-04-24T02:00:34.193370+09:00')
INFO:application:eyJhbGciOiJIUzI1NiIsInR5cCI6IkpXVCJ9.eyJ1c2VyX2lkIjoiMDFKUzRIOUYxNFRGQ0YwTVgwQThLMFI3NVkiLCJyb2xlIjoiVVNFUiIsImV4cCI6MTc0NTQ0OTIzNH0.jXfKQXrsv3RUCpB-GeFfRMl3F0Imkf1ZgYltrXrwpKE
INFO:application:user : 01JS4H9F14TFCF0MX0A8K0R75Y gpu 로그인 완료
INFO:application:Received message from client: ppg_data(user_id='01JS4H9F14TFCF0MX0A8K0R75Y', session_id='01JSHSFY7V8MSG26Q6EP7WZ90Y', ppg_value=8392, time='2025-04-24T02:00:34.195689+09:00')
INFO:application:Received message from client: ppg_data(user_id='01JS4H9F14TFCF0MX0A8K0R75Y', session_id='01JSHSFY7V8MSG26Q6EP7WZ90Y', ppg_value=7698, time='2025-04-24T02:00:34.197382+09:00')
INFO:application:Received message from client: ppg_data(user_id='01JS4H9F14TFCF0MX0A8K0R75Y', session_id='01JSHSFY7V8MSG26Q6EP7WZ90Y', ppg_value=7219, time='2025-04-24T02:00:34.198734+09:00')
INFO:application:Received message from client: ppg_data(user_id='01JS4H9F14TFCF0MX0A8K0R75Y', session_id='01JSHSFY7V8MSG26Q6EP7WZ90Y', ppg_value=-23401, time='2025-04-24T02:00:34.200677+09:00')
INFO:application:Received message from client: ppg_data(user_id='01JS4H9F14TFCF0MX0A8K0R75Y', session_id='01JSHSFY7V8MSG26Q6EP7WZ90Y', ppg_value=-24768, time='2025-04-24T02:00:34.202588+09:00')
INFO:application:Received message from client: ppg_data(user_id='01JS4H9F14TFCF0MX0A8K0R75Y', session_id='01JSHSFY7V8MSG26Q6EP7WZ90Y', ppg_value=-25667, time='2025-04-24T02:00:34.204236+09:00')
INFO:application:Received message from client: ppg_data(user_id='01JS4H9F14TFCF0MX0A8K0R75Y', session_id='01JSHSFY7V8MSG26Q6EP7WZ90Y', ppg_value=-26525, time='2025-04-24T02:00:34.205472+09:00')
INFO:application:Received message from client: ppg_data(user_id='01JS4H9F14TFCF0MX0A8K0R75Y', session_id='01JSHSFY7V8MSG26Q6EP7WZ90Y', ppg_value=-27162, time='2025-04-24T02:00:34.206702+09:00')
INFO:application:Received message from client: ppg_data(user_id='01JS4H9F14TFCF0MX0A8K0R75Y', session_id='01JSHSFY7V8MSG26Q6EP7WZ90Y', ppg_value=3722, time='2025-04-24T02:00:34.208003+09:00')
INFO:application:Received message from client: ppg_data(user_id='01JS4H9F14TFCF0MX0A8K0R75Y', session_id='01JSHSFY7V8MSG26Q6EP7WZ90Y', ppg_value=2437, time='2025-04-24T02:00:34.209190+09:00')
INFO:application:Received message from client: ppg_data(user_id='01JS4H9F14TFCF0MX0A8K0R75Y', session_id='01JSHSFY7V8MSG26Q6EP7WZ90Y', ppg_value=1430, time='2025-04-24T02:00:34.210633+09:00')
INFO:application:Received message from client: ppg_data(user_id='01JS4H9F14TFCF0MX0A8K0R75Y', session_id='01JSHSFY7V8MSG26Q6EP7WZ90Y', ppg_value=158, time='2025-04-24T02:00:34.212527+09:00')
INFO:application:Received message from client: ppg_data(user_id='01JS4H9F14TFCF0MX0A8K0R75Y', session_id='01JSHSFY7V8MSG26Q6EP7WZ90Y', ppg_value=-389, time='2025-04-24T02:00:34.213835+09:00')
INFO:application:Received message from client: ppg_data(user_id='01JS4H9F14TFCF0MX0A8K0R75Y', session_id='01JSHSFY7V8MSG26Q6EP7WZ90Y', ppg_value=-524, time='2025-04-24T02:00:34.215343+09:00')
INFO:application:Received message from client: ppg_data(user_id='01JS4H9F14TFCF0MX0A8K0R75Y', session_id='01JSHSFY7V8MSG26Q6EP7WZ90Y', ppg_value=-501, time='2025-04-24T02:00:34.215829+09:00')
INFO:application:Received message from client: ppg_data(user_id='01JS4H9F14TFCF0MX0A8K0R75Y', session_id='01JSHSFY7V8MSG26Q6EP7WZ90Y', ppg_value=-206, time='2025-04-24T02:00:34.216268+09:00')
INFO:application:Received message from client: ppg_data(user_id='01JS4H9F14TFCF0MX0A8K0R75Y', session_id='01JSHSFY7V8MSG26Q6EP7WZ90Y', ppg_value=139, time='2025-04-24T02:00:34.216684+09:00')
INFO:application:Received message from client: ppg_data(user_id='01JS4H9F14TFCF0MX0A8K0R75Y', session_id='01JSHSFY7V8MSG26Q6EP7WZ90Y', ppg_value=-524, time='2025-04-24T02:00:34.217121+09:00')
INFO:application:Received message from client: ppg_data(user_id='01JS4H9F14TFCF0MX0A8K0R75Y', session_id='01JSHSFY7V8MSG26Q6EP7WZ90Y', ppg_value=-2147, time='2025-04-24T02:00:34.217520+09:00')
INFO:application:Received message from client: ppg_data(user_id='01JS4H9F14TFCF0MX0A8K0R75Y', session_id='01JSHSFY7V8MSG26Q6EP7WZ90Y', ppg_value=-3834, time='2025-04-24T02:00:34.217934+09:00')
INFO:application:Received message from client: ppg_data(user_id='01JS4H9F14TFCF0MX0A8K0R75Y', session_id='01JSHSFY7V8MSG26Q6EP7WZ90Y', ppg_value=-5239, time='2025-04-24T02:00:34.218357+09:00')
INFO:application:Received message from client: ppg_data(user_id='01JS4H9F14TFCF0MX0A8K0R75Y', session_id='01JSHSFY7V8MSG26Q6EP7WZ90Y', ppg_value=-6299, time='2025-04-24T02:00:34.218949+09:00')
INFO:application:Received message from client: ppg_data(user_id='01JS4H9F14TFCF0MX0A8K0R75Y', session_id='01JSHSFY7V8MSG26Q6EP7WZ90Y', ppg_value=-7063, time='2025-04-24T02:00:34.219371+09:00')
INFO:application:Received message from client: ppg_data(user_id='01JS4H9F14TFCF0MX0A8K0R75Y', session_id='01JSHSFY7V8MSG26Q6EP7WZ90Y', ppg_value=-7260, time='2025-04-24T02:00:34.219769+09:00')
INFO:application:Received message from client: ppg_data(user_id='01JS4H9F14TFCF0MX0A8K0R75Y', session_id='01JSHSFY7V8MSG26Q6EP7WZ90Y', ppg_value=-6382, time='2025-04-24T02:00:34.220471+09:00')
INFO:application:Received message from client: ppg_data(user_id='01JS4H9F14TFCF0MX0A8K0R75Y', session_id='01JSHSFY7V8MSG26Q6EP7WZ90Y', ppg_value=-5917, time='2025-04-24T02:00:34.220898+09:00')
INFO:application:Received message from client: ppg_data(user_id='01JS4H9F14TFCF0MX0A8K0R75Y', session_id='01JSHSFY7V8MSG26Q6EP7WZ90Y', ppg_value=-5429, time='2025-04-24T02:00:34.221361+09:00')
INFO:application:Received message from client: ppg_data(user_id='01JS4H9F14TFCF0MX0A8K0R75Y', session_id='01JSHSFY7V8MSG26Q6EP7WZ90Y', ppg_value=-4772, time='2025-04-24T02:00:34.221790+09:00')
INFO:application:Received message from client: ppg_data(user_id='01JS4H9F14TFCF0MX0A8K0R75Y', session_id='01JSHSFY7V8MSG26Q6EP7WZ90Y', ppg_value=-3933, time='2025-04-24T02:00:34.222189+09:00')
INFO:application:Received message from client: ppg_data(user_id='01JS4H9F14TFCF0MX0A8K0R75Y', session_id='01JSHSFY7V8MSG26Q6EP7WZ90Y', ppg_value=-2725, time='2025-04-24T02:00:34.222671+09:00')
INFO:application:Received message from client: ppg_data(user_id='01JS4H9F14TFCF0MX0A8K0R75Y', session_id='01JSHSFY7V8MSG26Q6EP7WZ90Y', ppg_value=-1529, time='2025-04-24T02:00:34.223134+09:00')
INFO:application:Received message from client: ppg_data(user_id='01JS4H9F14TFCF0MX0A8K0R75Y', session_id='01JSHSFY7V8MSG26Q6EP7WZ90Y', ppg_value=-1882, time='2025-04-24T02:00:34.223526+09:00')
INFO:application:Received message from client: ppg_data(user_id='01JS4H9F14TFCF0MX0A8K0R75Y', session_id='01JSHSFY7V8MSG26Q6EP7WZ90Y', ppg_value=-469, time='2025-04-24T02:00:34.223907+09:00')
INFO:application:Received message from client: ppg_data(user_id='01JS4H9F14TFCF0MX0A8K0R75Y', session_id='01JSHSFY7V8MSG26Q6EP7WZ90Y', ppg_value=2726, time='2025-04-24T02:00:34.224533+09:00')
INFO:application:Received message from client: ppg_data(user_id='01JS4H9F14TFCF0MX0A8K0R75Y', session_id='01JSHSFY7V8MSG26Q6EP7WZ90Y', ppg_value=8547, time='2025-04-24T02:00:34.224949+09:00')
INFO:application:Received message from client: ppg_data(user_id='01JS4H9F14TFCF0MX0A8K0R75Y', session_id='01JSHSFY7V8MSG26Q6EP7WZ90Y', ppg_value=12481, time='2025-04-24T02:00:34.225341+09:00')
INFO:application:Received message from client: ppg_data(user_id='01JS4H9F14TFCF0MX0A8K0R75Y', session_id='01JSHSFY7V8MSG26Q6EP7WZ90Y', ppg_value=-9951, time='2025-04-24T02:00:34.225704+09:00')
INFO:application:Received message from client: ppg_data(user_id='01JS4H9F14TFCF0MX0A8K0R75Y', session_id='01JSHSFY7V8MSG26Q6EP7WZ90Y', ppg_value=-30042, time='2025-04-24T02:00:34.226124+09:00')
INFO:application:Received message from client: ppg_data(user_id='01JS4H9F14TFCF0MX0A8K0R75Y', session_id='01JSHSFY7V8MSG26Q6EP7WZ90Y', ppg_value=-41725, time='2025-04-24T02:00:34.227119+09:00')
INFO:application:Received message from client: ppg_data(user_id='01JS4H9F14TFCF0MX0A8K0R75Y', session_id='01JSHSFY7V8MSG26Q6EP7WZ90Y', ppg_value=-49139, time='2025-04-24T02:00:34.227562+09:00')
INFO:application:Received message from client: ppg_data(user_id='01JS4H9F14TFCF0MX0A8K0R75Y', session_id='01JSHSFY7V8MSG26Q6EP7WZ90Y', ppg_value=-51777, time='2025-04-24T02:00:34.227965+09:00')
INFO:application:Received message from client: ppg_data(user_id='01JS4H9F14TFCF0MX0A8K0R75Y', session_id='01JSHSFY7V8MSG26Q6EP7WZ90Y', ppg_value=-51431, time='2025-04-24T02:00:34.228377+09:00')
INFO:application:Received message from client: ppg_data(user_id='01JS4H9F14TFCF0MX0A8K0R75Y', session_id='01JSHSFY7V8MSG26Q6EP7WZ90Y', ppg_value=-50389, time='2025-04-24T02:00:34.228787+09:00')
INFO:application:Received message from client: ppg_data(user_id='01JS4H9F14TFCF0MX0A8K0R75Y', session_id='01JSHSFY7V8MSG26Q6EP7WZ90Y', ppg_value=-47041, time='2025-04-24T02:00:34.229256+09:00')
INFO:application:Received message from client: ppg_data(user_id='01JS4H9F14TFCF0MX0A8K0R75Y', session_id='01JSHSFY7V8MSG26Q6EP7WZ90Y', ppg_value=-44414, time='2025-04-24T02:00:34.229771+09:00')
INFO:application:Received message from client: ppg_data(user_id='01JS4H9F14TFCF0MX0A8K0R75Y', session_id='01JSHSFY7V8MSG26Q6EP7WZ90Y', ppg_value=-40547, time='2025-04-24T02:00:34.230185+09:00')
INFO:application:Received message from client: ppg_data(user_id='01JS4H9F14TFCF0MX0A8K0R75Y', session_id='01JSHSFY7V8MSG26Q6EP7WZ90Y', ppg_value=-40739, time='2025-04-24T02:00:34.230581+09:00')
INFO:application:Received message from client: ppg_data(user_id='01JS4H9F14TFCF0MX0A8K0R75Y', session_id='01JSHSFY7V8MSG26Q6EP7WZ90Y', ppg_value=-39492, time='2025-04-24T02:00:34.231024+09:00')
INFO:application:Received message from client: ppg_data(user_id='01JS4H9F14TFCF0MX0A8K0R75Y', session_id='01JSHSFY7V8MSG26Q6EP7WZ90Y', ppg_value=-36853, time='2025-04-24T02:00:34.231449+09:00')
INFO:application:Received message from client: ppg_data(user_id='01JS4H9F14TFCF0MX0A8K0R75Y', session_id='01JSHSFY7V8MSG26Q6EP7WZ90Y', ppg_value=-34136, time='2025-04-24T02:00:34.231894+09:00')
INFO:application:Received message from client: ppg_data(user_id='01JS4H9F14TFCF0MX0A8K0R75Y', session_id='01JSHSFY7V8MSG26Q6EP7WZ90Y', ppg_value=-29154, time='2025-04-24T02:00:34.232293+09:00')
INFO:application:Received message from client: ppg_data(user_id='01JS4H9F14TFCF0MX0A8K0R75Y', session_id='01JSHSFY7V8MSG26Q6EP7WZ90Y', ppg_value=-27616, time='2025-04-24T02:00:34.232721+09:00')
INFO:application:Received message from client: ppg_data(user_id='01JS4H9F14TFCF0MX0A8K0R75Y', session_id='01JSHSFY7V8MSG26Q6EP7WZ90Y', ppg_value=-24817, time='2025-04-24T02:00:34.233507+09:00')
INFO:application:Received message from client: ppg_data(user_id='01JS4H9F14TFCF0MX0A8K0R75Y', session_id='01JSHSFY7V8MSG26Q6EP7WZ90Y', ppg_value=-22885, time='2025-04-24T02:00:34.234669+09:00')
INFO:application:Received message from client: ppg_data(user_id='01JS4H9F14TFCF0MX0A8K0R75Y', session_id='01JSHSFY7V8MSG26Q6EP7WZ90Y', ppg_value=-20919, time='2025-04-24T02:00:34.235186+09:00')
INFO:application:Received message from client: ppg_data(user_id='01JS4H9F14TFCF0MX0A8K0R75Y', session_id='01JSHSFY7V8MSG26Q6EP7WZ90Y', ppg_value=-18622, time='2025-04-24T02:00:34.235637+09:00')
INFO:application:Received message from client: ppg_data(user_id='01JS4H9F14TFCF0MX0A8K0R75Y', session_id='01JSHSFY7V8MSG26Q6EP7WZ90Y', ppg_value=-12937, time='2025-04-24T02:00:34.236064+09:00')
INFO:application:Received message from client: ppg_data(user_id='01JS4H9F14TFCF0MX0A8K0R75Y', session_id='01JSHSFY7V8MSG26Q6EP7WZ90Y', ppg_value=-3920, time='2025-04-24T02:00:34.236478+09:00')
INFO:application:Received message from client: ppg_data(user_id='01JS4H9F14TFCF0MX0A8K0R75Y', session_id='01JSHSFY7V8MSG26Q6EP7WZ90Y', ppg_value=4204, time='2025-04-24T02:00:34.237028+09:00')
INFO:application:Received message from client: ppg_data(user_id='01JS4H9F14TFCF0MX0A8K0R75Y', session_id='01JSHSFY7V8MSG26Q6EP7WZ90Y', ppg_value=4927, time='2025-04-24T02:00:34.237591+09:00')
INFO:application:Received message from client: ppg_data(user_id='01JS4H9F14TFCF0MX0A8K0R75Y', session_id='01JSHSFY7V8MSG26Q6EP7WZ90Y', ppg_value=4553, time='2025-04-24T02:00:34.238006+09:00')
INFO:application:Received message from client: ppg_data(user_id='01JS4H9F14TFCF0MX0A8K0R75Y', session_id='01JSHSFY7V8MSG26Q6EP7WZ90Y', ppg_value=4535, time='2025-04-24T02:00:34.238404+09:00')
INFO:application:Received message from client: ppg_data(user_id='01JS4H9F14TFCF0MX0A8K0R75Y', session_id='01JSHSFY7V8MSG26Q6EP7WZ90Y', ppg_value=4176, time='2025-04-24T02:00:34.238803+09:00')
INFO:application:Received message from client: ppg_data(user_id='01JS4H9F14TFCF0MX0A8K0R75Y', session_id='01JSHSFY7V8MSG26Q6EP7WZ90Y', ppg_value=3809, time='2025-04-24T02:00:34.239264+09:00')
INFO:application:Received message from client: ppg_data(user_id='01JS4H9F14TFCF0MX0A8K0R75Y', session_id='01JSHSFY7V8MSG26Q6EP7WZ90Y', ppg_value=3656, time='2025-04-24T02:00:34.239667+09:00')
INFO:application:Received message from client: ppg_data(user_id='01JS4H9F14TFCF0MX0A8K0R75Y', session_id='01JSHSFY7V8MSG26Q6EP7WZ90Y', ppg_value=3760, time='2025-04-24T02:00:34.240048+09:00')
INFO:application:Received message from client: ppg_data(user_id='01JS4H9F14TFCF0MX0A8K0R75Y', session_id='01JSHSFY7V8MSG26Q6EP7WZ90Y', ppg_value=4054, time='2025-04-24T02:00:34.240434+09:00')
INFO:application:Received message from client: ppg_data(user_id='01JS4H9F14TFCF0MX0A8K0R75Y', session_id='01JSHSFY7V8MSG26Q6EP7WZ90Y', ppg_value=4192, time='2025-04-24T02:00:34.240776+09:00')
INFO:application:Received message from client: ppg_data(user_id='01JS4H9F14TFCF0MX0A8K0R75Y', session_id='01JSHSFY7V8MSG26Q6EP7WZ90Y', ppg_value=5624, time='2025-04-24T02:00:34.241156+09:00')
INFO:application:Received message from client: ppg_data(user_id='01JS4H9F14TFCF0MX0A8K0R75Y', session_id='01JSHSFY7V8MSG26Q6EP7WZ90Y', ppg_value=6826, time='2025-04-24T02:00:34.241530+09:00')
INFO:application:Received message from client: ppg_data(user_id='01JS4H9F14TFCF0MX0A8K0R75Y', session_id='01JSHSFY7V8MSG26Q6EP7WZ90Y', ppg_value=7816, time='2025-04-24T02:00:34.241886+09:00')
INFO:application:Received message from client: ppg_data(user_id='01JS4H9F14TFCF0MX0A8K0R75Y', session_id='01JSHSFY7V8MSG26Q6EP7WZ90Y', ppg_value=8605, time='2025-04-24T02:00:34.242245+09:00')
INFO:application:Received message from client: ppg_data(user_id='01JS4H9F14TFCF0MX0A8K0R75Y', session_id='01JSHSFY7V8MSG26Q6EP7WZ90Y', ppg_value=9062, time='2025-04-24T02:00:34.242577+09:00')
INFO:application:Received message from client: ppg_data(user_id='01JS4H9F14TFCF0MX0A8K0R75Y', session_id='01JSHSFY7V8MSG26Q6EP7WZ90Y', ppg_value=9246, time='2025-04-24T02:00:34.242964+09:00')
INFO:application:Received message from client: ppg_data(user_id='01JS4H9F14TFCF0MX0A8K0R75Y', session_id='01JSHSFY7V8MSG26Q6EP7WZ90Y', ppg_value=9337, time='2025-04-24T02:00:34.243488+09:00')
INFO:application:Received message from client: ppg_data(user_id='01JS4H9F14TFCF0MX0A8K0R75Y', session_id='01JSHSFY7V8MSG26Q6EP7WZ90Y', ppg_value=9507, time='2025-04-24T02:00:34.243953+09:00')
INFO:application:Received message from client: ppg_data(user_id='01JS4H9F14TFCF0MX0A8K0R75Y', session_id='01JSHSFY7V8MSG26Q6EP7WZ90Y', ppg_value=9868, time='2025-04-24T02:00:34.244346+09:00')
INFO:application:Received message from client: ppg_data(user_id='01JS4H9F14TFCF0MX0A8K0R75Y', session_id='01JSHSFY7V8MSG26Q6EP7WZ90Y', ppg_value=10372, time='2025-04-24T02:00:34.244705+09:00')
INFO:application:Received message from client: ppg_data(user_id='01JS4H9F14TFCF0MX0A8K0R75Y', session_id='01JSHSFY7V8MSG26Q6EP7WZ90Y', ppg_value=10690, time='2025-04-24T02:00:34.245061+09:00')
INFO:application:Received message from client: ppg_data(user_id='01JS4H9F14TFCF0MX0A8K0R75Y', session_id='01JSHSFY7V8MSG26Q6EP7WZ90Y', ppg_value=11145, time='2025-04-24T02:00:34.245548+09:00')
INFO:application:Received message from client: ppg_data(user_id='01JS4H9F14TFCF0MX0A8K0R75Y', session_id='01JSHSFY7V8MSG26Q6EP7WZ90Y', ppg_value=11607, time='2025-04-24T02:00:34.245934+09:00')
INFO:application:Received message from client: ppg_data(user_id='01JS4H9F14TFCF0MX0A8K0R75Y', session_id='01JSHSFY7V8MSG26Q6EP7WZ90Y', ppg_value=11890, time='2025-04-24T02:00:34.246315+09:00')
INFO:application:Received message from client: ppg_data(user_id='01JS4H9F14TFCF0MX0A8K0R75Y', session_id='01JSHSFY7V8MSG26Q6EP7WZ90Y', ppg_value=12199, time='2025-04-24T02:00:34.246689+09:00')
INFO:application:Received message from client: ppg_data(user_id='01JS4H9F14TFCF0MX0A8K0R75Y', session_id='01JSHSFY7V8MSG26Q6EP7WZ90Y', ppg_value=12672, time='2025-04-24T02:00:34.247144+09:00')
INFO:main:변환된 user_id : 01JS4H9F14TFCF0MX0A8K0R75Y
INFO:application:Received message from client: ppg_data(user_id='01JS4H9F14TFCF0MX0A8K0R75Y', session_id='01JSHSFY7V8MSG26Q6EP7WZ90Y', ppg_value=13110, time='2025-04-24T02:00:34.247494+09:00')
INFO:application:Received message from client: ppg_data(user_id='01JS4H9F14TFCF0MX0A8K0R75Y', session_id='01JSHSFY7V8MSG26Q6EP7WZ90Y', ppg_value=13706, time='2025-04-24T02:00:34.247868+09:00')
INFO:application:Received message from client: ppg_data(user_id='01JS4H9F14TFCF0MX0A8K0R75Y', session_id='01JSHSFY7V8MSG26Q6EP7WZ90Y', ppg_value=14099, time='2025-04-24T02:00:34.248428+09:00')
INFO:application:Received message from client: ppg_data(user_id='01JS4H9F14TFCF0MX0A8K0R75Y', session_id='01JSHSFY7V8MSG26Q6EP7WZ90Y', ppg_value=14603, time='2025-04-24T02:00:34.248803+09:00')
INFO:application:Received message from client: ppg_data(user_id='01JS4H9F14TFCF0MX0A8K0R75Y', session_id='01JSHSFY7V8MSG26Q6EP7WZ90Y', ppg_value=14896, time='2025-04-24T02:00:34.249160+09:00')
INFO:application:Received message from client: ppg_data(user_id='01JS4H9F14TFCF0MX0A8K0R75Y', session_id='01JSHSFY7V8MSG26Q6EP7WZ90Y', ppg_value=15116, time='2025-04-24T02:00:34.249541+09:00')
INFO:application:Received message from client: ppg_data(user_id='01JS4H9F14TFCF0MX0A8K0R75Y', session_id='01JSHSFY7V8MSG26Q6EP7WZ90Y', ppg_value=15470, time='2025-04-24T02:00:34.249897+09:00')
INFO:application:Received message from client: ppg_data(user_id='01JS4H9F14TFCF0MX0A8K0R75Y', session_id='01JSHSFY7V8MSG26Q6EP7WZ90Y', ppg_value=15677, time='2025-04-24T02:00:34.250241+09:00')
INFO:application:Received message from client: ppg_data(user_id='01JS4H9F14TFCF0MX0A8K0R75Y', session_id='01JSHSFY7V8MSG26Q6EP7WZ90Y', ppg_value=16260, time='2025-04-24T02:00:34.250582+09:00')
INFO:application:Received message from client: ppg_data(user_id='01JS4H9F14TFCF0MX0A8K0R75Y', session_id='01JSHSFY7V8MSG26Q6EP7WZ90Y', ppg_value=17036, time='2025-04-24T02:00:34.250974+09:00')
INFO:application:Received message from client: ppg_data(user_id='01JS4H9F14TFCF0MX0A8K0R75Y', session_id='01JSHSFY7V8MSG26Q6EP7WZ90Y', ppg_value=17144, time='2025-04-24T02:00:34.251356+09:00')
INFO:application:Received message from client: ppg_data(user_id='01JS4H9F14TFCF0MX0A8K0R75Y', session_id='01JSHSFY7V8MSG26Q6EP7WZ90Y', ppg_value=16878, time='2025-04-24T02:00:34.251704+09:00')
INFO:application:Received message from client: ppg_data(user_id='01JS4H9F14TFCF0MX0A8K0R75Y', session_id='01JSHSFY7V8MSG26Q6EP7WZ90Y', ppg_value=16479, time='2025-04-24T02:00:34.252051+09:00')
INFO:application:Received message from client: ppg_data(user_id='01JS4H9F14TFCF0MX0A8K0R75Y', session_id='01JSHSFY7V8MSG26Q6EP7WZ90Y', ppg_value=16106, time='2025-04-24T02:00:34.252396+09:00')
INFO:application:Received message from client: ppg_data(user_id='01JS4H9F14TFCF0MX0A8K0R75Y', session_id='01JSHSFY7V8MSG26Q6EP7WZ90Y', ppg_value=15798, time='2025-04-24T02:00:34.252751+09:00')
INFO:application:Received message from client: ppg_data(user_id='01JS4H9F14TFCF0MX0A8K0R75Y', session_id='01JSHSFY7V8MSG26Q6EP7WZ90Y', ppg_value=15840, time='2025-04-24T02:00:34.253102+09:00')
INFO:application:Received message from client: ppg_data(user_id='01JS4H9F14TFCF0MX0A8K0R75Y', session_id='01JSHSFY7V8MSG26Q6EP7WZ90Y', ppg_value=16017, time='2025-04-24T02:00:34.253453+09:00')
INFO:application:Received message from client: ppg_data(user_id='01JS4H9F14TFCF0MX0A8K0R75Y', session_id='01JSHSFY7V8MSG26Q6EP7WZ90Y', ppg_value=16330, time='2025-04-24T02:00:34.253815+09:00')
INFO:application:Received message from client: ppg_data(user_id='01JS4H9F14TFCF0MX0A8K0R75Y', session_id='01JSHSFY7V8MSG26Q6EP7WZ90Y', ppg_value=16588, time='2025-04-24T02:00:34.254173+09:00')
INFO:application:Received message from client: ppg_data(user_id='01JS4H9F14TFCF0MX0A8K0R75Y', session_id='01JSHSFY7V8MSG26Q6EP7WZ90Y', ppg_value=16679, time='2025-04-24T02:00:34.254515+09:00')
INFO:application:Received message from client: ppg_data(user_id='01JS4H9F14TFCF0MX0A8K0R75Y', session_id='01JSHSFY7V8MSG26Q6EP7WZ90Y', ppg_value=16724, time='2025-04-24T02:00:34.254863+09:00')
INFO:application:Received message from client: ppg_data(user_id='01JS4H9F14TFCF0MX0A8K0R75Y', session_id='01JSHSFY7V8MSG26Q6EP7WZ90Y', ppg_value=16957, time='2025-04-24T02:00:34.255254+09:00')
INFO:application:Received message from client: ppg_data(user_id='01JS4H9F14TFCF0MX0A8K0R75Y', session_id='01JSHSFY7V8MSG26Q6EP7WZ90Y', ppg_value=17513, time='2025-04-24T02:00:34.255619+09:00')
INFO:application:Received message from client: ppg_data(user_id='01JS4H9F14TFCF0MX0A8K0R75Y', session_id='01JSHSFY7V8MSG26Q6EP7WZ90Y', ppg_value=18040, time='2025-04-24T02:00:34.256108+09:00')
INFO:application:Received message from client: ppg_data(user_id='01JS4H9F14TFCF0MX0A8K0R75Y', session_id='01JSHSFY7V8MSG26Q6EP7WZ90Y', ppg_value=18615, time='2025-04-24T02:00:34.256505+09:00')
INFO:application:Received message from client: ppg_data(user_id='01JS4H9F14TFCF0MX0A8K0R75Y', session_id='01JSHSFY7V8MSG26Q6EP7WZ90Y', ppg_value=19141, time='2025-04-24T02:00:34.256903+09:00')
INFO:application:Received message from client: ppg_data(user_id='01JS4H9F14TFCF0MX0A8K0R75Y', session_id='01JSHSFY7V8MSG26Q6EP7WZ90Y', ppg_value=19632, time='2025-04-24T02:00:34.257266+09:00')
INFO:application:Received message from client: ppg_data(user_id='01JS4H9F14TFCF0MX0A8K0R75Y', session_id='01JSHSFY7V8MSG26Q6EP7WZ90Y', ppg_value=20128, time='2025-04-24T02:00:34.257668+09:00')
INFO:application:Received message from client: ppg_data(user_id='01JS4H9F14TFCF0MX0A8K0R75Y', session_id='01JSHSFY7V8MSG26Q6EP7WZ90Y', ppg_value=20509, time='2025-04-24T02:00:34.258036+09:00')
INFO:application:Received message from client: ppg_data(user_id='01JS4H9F14TFCF0MX0A8K0R75Y', session_id='01JSHSFY7V8MSG26Q6EP7WZ90Y', ppg_value=20827, time='2025-04-24T02:00:34.258390+09:00')
INFO:application:Received message from client: ppg_data(user_id='01JS4H9F14TFCF0MX0A8K0R75Y', session_id='01JSHSFY7V8MSG26Q6EP7WZ90Y', ppg_value=21026, time='2025-04-24T02:00:34.258762+09:00')
INFO:application:Received message from client: ppg_data(user_id='01JS4H9F14TFCF0MX0A8K0R75Y', session_id='01JSHSFY7V8MSG26Q6EP7WZ90Y', ppg_value=21419, time='2025-04-24T02:00:34.259186+09:00')
INFO:application:Received message from client: ppg_data(user_id='01JS4H9F14TFCF0MX0A8K0R75Y', session_id='01JSHSFY7V8MSG26Q6EP7WZ90Y', ppg_value=22063, time='2025-04-24T02:00:34.259530+09:00')
INFO:application:Received message from client: ppg_data(user_id='01JS4H9F14TFCF0MX0A8K0R75Y', session_id='01JSHSFY7V8MSG26Q6EP7WZ90Y', ppg_value=22366, time='2025-04-24T02:00:34.259895+09:00')
INFO:application:Received message from client: ppg_data(user_id='01JS4H9F14TFCF0MX0A8K0R75Y', session_id='01JSHSFY7V8MSG26Q6EP7WZ90Y', ppg_value=21948, time='2025-04-24T02:00:34.260275+09:00')
INFO:application:Received message from client: ppg_data(user_id='01JS4H9F14TFCF0MX0A8K0R75Y', session_id='01JSHSFY7V8MSG26Q6EP7WZ90Y', ppg_value=21317, time='2025-04-24T02:00:34.260728+09:00')
INFO:application:Received message from client: ppg_data(user_id='01JS4H9F14TFCF0MX0A8K0R75Y', session_id='01JSHSFY7V8MSG26Q6EP7WZ90Y', ppg_value=20543, time='2025-04-24T02:00:34.261314+09:00')
INFO:application:Received message from client: ppg_data(user_id='01JS4H9F14TFCF0MX0A8K0R75Y', session_id='01JSHSFY7V8MSG26Q6EP7WZ90Y', ppg_value=19716, time='2025-04-24T02:00:34.261793+09:00')
INFO:application:Received message from client: ppg_data(user_id='01JS4H9F14TFCF0MX0A8K0R75Y', session_id='01JSHSFY7V8MSG26Q6EP7WZ90Y', ppg_value=19010, time='2025-04-24T02:00:34.262170+09:00')
INFO:application:Received message from client: ppg_data(user_id='01JS4H9F14TFCF0MX0A8K0R75Y', session_id='01JSHSFY7V8MSG26Q6EP7WZ90Y', ppg_value=19005, time='2025-04-24T02:00:34.262566+09:00')
INFO:application:Received message from client: ppg_data(user_id='01JS4H9F14TFCF0MX0A8K0R75Y', session_id='01JSHSFY7V8MSG26Q6EP7WZ90Y', ppg_value=19106, time='2025-04-24T02:00:34.262986+09:00')
INFO:application:Received message from client: ppg_data(user_id='01JS4H9F14TFCF0MX0A8K0R75Y', session_id='01JSHSFY7V8MSG26Q6EP7WZ90Y', ppg_value=19290, time='2025-04-24T02:00:34.263351+09:00')
INFO:application:Received message from client: ppg_data(user_id='01JS4H9F14TFCF0MX0A8K0R75Y', session_id='01JSHSFY7V8MSG26Q6EP7WZ90Y', ppg_value=19572, time='2025-04-24T02:00:34.263723+09:00')
INFO:application:Received message from client: ppg_data(user_id='01JS4H9F14TFCF0MX0A8K0R75Y', session_id='01JSHSFY7V8MSG26Q6EP7WZ90Y', ppg_value=19936, time='2025-04-24T02:00:34.264237+09:00')
INFO:application:Received message from client: ppg_data(user_id='01JS4H9F14TFCF0MX0A8K0R75Y', session_id='01JSHSFY7V8MSG26Q6EP7WZ90Y', ppg_value=20393, time='2025-04-24T02:00:34.264809+09:00')
INFO:application:Received message from client: ppg_data(user_id='01JS4H9F14TFCF0MX0A8K0R75Y', session_id='01JSHSFY7V8MSG26Q6EP7WZ90Y', ppg_value=20837, time='2025-04-24T02:00:34.265267+09:00')
INFO:application:Received message from client: ppg_data(user_id='01JS4H9F14TFCF0MX0A8K0R75Y', session_id='01JSHSFY7V8MSG26Q6EP7WZ90Y', ppg_value=21465, time='2025-04-24T02:00:34.265702+09:00')
INFO:application:Received message from client: ppg_data(user_id='01JS4H9F14TFCF0MX0A8K0R75Y', session_id='01JSHSFY7V8MSG26Q6EP7WZ90Y', ppg_value=21960, time='2025-04-24T02:00:34.266095+09:00')
INFO:application:Received message from client: ppg_data(user_id='01JS4H9F14TFCF0MX0A8K0R75Y', session_id='01JSHSFY7V8MSG26Q6EP7WZ90Y', ppg_value=22328, time='2025-04-24T02:00:34.266675+09:00')
INFO:application:Received message from client: ppg_data(user_id='01JS4H9F14TFCF0MX0A8K0R75Y', session_id='01JSHSFY7V8MSG26Q6EP7WZ90Y', ppg_value=22820, time='2025-04-24T02:00:34.267159+09:00')
INFO:application:Received message from client: ppg_data(user_id='01JS4H9F14TFCF0MX0A8K0R75Y', session_id='01JSHSFY7V8MSG26Q6EP7WZ90Y', ppg_value=23197, time='2025-04-24T02:00:34.267557+09:00')
INFO:application:Received message from client: ppg_data(user_id='01JS4H9F14TFCF0MX0A8K0R75Y', session_id='01JSHSFY7V8MSG26Q6EP7WZ90Y', ppg_value=23589, time='2025-04-24T02:00:34.267916+09:00')
INFO:application:Received message from client: ppg_data(user_id='01JS4H9F14TFCF0MX0A8K0R75Y', session_id='01JSHSFY7V8MSG26Q6EP7WZ90Y', ppg_value=24032, time='2025-04-24T02:00:34.268310+09:00')
INFO:application:Received message from client: ppg_data(user_id='01JS4H9F14TFCF0MX0A8K0R75Y', session_id='01JSHSFY7V8MSG26Q6EP7WZ90Y', ppg_value=24724, time='2025-04-24T02:00:34.268677+09:00')
INFO:application:Received message from client: ppg_data(user_id='01JS4H9F14TFCF0MX0A8K0R75Y', session_id='01JSHSFY7V8MSG26Q6EP7WZ90Y', ppg_value=25068, time='2025-04-24T02:00:34.269089+09:00')
INFO:application:Received message from client: ppg_data(user_id='01JS4H9F14TFCF0MX0A8K0R75Y', session_id='01JSHSFY7V8MSG26Q6EP7WZ90Y', ppg_value=25406, time='2025-04-24T02:00:34.269465+09:00')
INFO:application:Received message from client: ppg_data(user_id='01JS4H9F14TFCF0MX0A8K0R75Y', session_id='01JSHSFY7V8MSG26Q6EP7WZ90Y', ppg_value=25433, time='2025-04-24T02:00:34.269980+09:00')
INFO:application:Received message from client: ppg_data(user_id='01JS4H9F14TFCF0MX0A8K0R75Y', session_id='01JSHSFY7V8MSG26Q6EP7WZ90Y', ppg_value=25120, time='2025-04-24T02:00:34.270403+09:00')
INFO:application:Received message from client: ppg_data(user_id='01JS4H9F14TFCF0MX0A8K0R75Y', session_id='01JSHSFY7V8MSG26Q6EP7WZ90Y', ppg_value=23320, time='2025-04-24T02:00:34.271661+09:00')
INFO:application:Received message from client: ppg_data(user_id='01JS4H9F14TFCF0MX0A8K0R75Y', session_id='01JSHSFY7V8MSG26Q6EP7WZ90Y', ppg_value=20933, time='2025-04-24T02:00:34.273247+09:00')
INFO:application:Received message from client: ppg_data(user_id='01JS4H9F14TFCF0MX0A8K0R75Y', session_id='01JSHSFY7V8MSG26Q6EP7WZ90Y', ppg_value=18030, time='2025-04-24T02:00:34.274828+09:00')
INFO:application:Received message from client: ppg_data(user_id='01JS4H9F14TFCF0MX0A8K0R75Y', session_id='01JSHSFY7V8MSG26Q6EP7WZ90Y', ppg_value=15493, time='2025-04-24T02:00:34.275327+09:00')
INFO:application:Received message from client: ppg_data(user_id='01JS4H9F14TFCF0MX0A8K0R75Y', session_id='01JSHSFY7V8MSG26Q6EP7WZ90Y', ppg_value=13803, time='2025-04-24T02:00:34.275714+09:00')
INFO:application:Received message from client: ppg_data(user_id='01JS4H9F14TFCF0MX0A8K0R75Y', session_id='01JSHSFY7V8MSG26Q6EP7WZ90Y', ppg_value=12532, time='2025-04-24T02:00:34.276091+09:00')
INFO:application:Received message from client: ppg_data(user_id='01JS4H9F14TFCF0MX0A8K0R75Y', session_id='01JSHSFY7V8MSG26Q6EP7WZ90Y', ppg_value=12230, time='2025-04-24T02:00:34.276481+09:00')
INFO:application:Received message from client: ppg_data(user_id='01JS4H9F14TFCF0MX0A8K0R75Y', session_id='01JSHSFY7V8MSG26Q6EP7WZ90Y', ppg_value=11825, time='2025-04-24T02:00:34.276852+09:00')
INFO:application:Received message from client: ppg_data(user_id='01JS4H9F14TFCF0MX0A8K0R75Y', session_id='01JSHSFY7V8MSG26Q6EP7WZ90Y', ppg_value=11892, time='2025-04-24T02:00:34.278031+09:00')
INFO:application:Received message from client: ppg_data(user_id='01JS4H9F14TFCF0MX0A8K0R75Y', session_id='01JSHSFY7V8MSG26Q6EP7WZ90Y', ppg_value=12133, time='2025-04-24T02:00:34.279687+09:00')
INFO:application:Received message from client: ppg_data(user_id='01JS4H9F14TFCF0MX0A8K0R75Y', session_id='01JSHSFY7V8MSG26Q6EP7WZ90Y', ppg_value=12632, time='2025-04-24T02:00:34.280962+09:00')
INFO:application:Received message from client: ppg_data(user_id='01JS4H9F14TFCF0MX0A8K0R75Y', session_id='01JSHSFY7V8MSG26Q6EP7WZ90Y', ppg_value=13307, time='2025-04-24T02:00:34.281401+09:00')
INFO:application:Received message from client: ppg_data(user_id='01JS4H9F14TFCF0MX0A8K0R75Y', session_id='01JSHSFY7V8MSG26Q6EP7WZ90Y', ppg_value=14038, time='2025-04-24T02:00:34.281795+09:00')
INFO:application:Received message from client: ppg_data(user_id='01JS4H9F14TFCF0MX0A8K0R75Y', session_id='01JSHSFY7V8MSG26Q6EP7WZ90Y', ppg_value=14724, time='2025-04-24T02:00:34.282168+09:00')
INFO:application:Received message from client: ppg_data(user_id='01JS4H9F14TFCF0MX0A8K0R75Y', session_id='01JSHSFY7V8MSG26Q6EP7WZ90Y', ppg_value=15601, time='2025-04-24T02:00:34.282537+09:00')
INFO:application:Received message from client: ppg_data(user_id='01JS4H9F14TFCF0MX0A8K0R75Y', session_id='01JSHSFY7V8MSG26Q6EP7WZ90Y', ppg_value=16632, time='2025-04-24T02:00:34.283967+09:00')
INFO:application:Received message from client: ppg_data(user_id='01JS4H9F14TFCF0MX0A8K0R75Y', session_id='01JSHSFY7V8MSG26Q6EP7WZ90Y', ppg_value=17846, time='2025-04-24T02:00:34.285234+09:00')
INFO:application:Received message from client: ppg_data(user_id='01JS4H9F14TFCF0MX0A8K0R75Y', session_id='01JSHSFY7V8MSG26Q6EP7WZ90Y', ppg_value=18807, time='2025-04-24T02:00:34.285615+09:00')
INFO:application:Received message from client: ppg_data(user_id='01JS4H9F14TFCF0MX0A8K0R75Y', session_id='01JSHSFY7V8MSG26Q6EP7WZ90Y', ppg_value=19549, time='2025-04-24T02:00:34.286004+09:00')
INFO:application:Received message from client: ppg_data(user_id='01JS4H9F14TFCF0MX0A8K0R75Y', session_id='01JSHSFY7V8MSG26Q6EP7WZ90Y', ppg_value=20246, time='2025-04-24T02:00:34.286428+09:00')
INFO:application:Received message from client: ppg_data(user_id='01JS4H9F14TFCF0MX0A8K0R75Y', session_id='01JSHSFY7V8MSG26Q6EP7WZ90Y', ppg_value=21072, time='2025-04-24T02:00:34.287010+09:00')
INFO:application:Received message from client: ppg_data(user_id='01JS4H9F14TFCF0MX0A8K0R75Y', session_id='01JSHSFY7V8MSG26Q6EP7WZ90Y', ppg_value=21719, time='2025-04-24T02:00:34.287415+09:00')
INFO:application:Received message from client: ppg_data(user_id='01JS4H9F14TFCF0MX0A8K0R75Y', session_id='01JSHSFY7V8MSG26Q6EP7WZ90Y', ppg_value=22499, time='2025-04-24T02:00:34.287786+09:00')
INFO:application:Received message from client: ppg_data(user_id='01JS4H9F14TFCF0MX0A8K0R75Y', session_id='01JSHSFY7V8MSG26Q6EP7WZ90Y', ppg_value=23427, time='2025-04-24T02:00:34.288159+09:00')
INFO:application:Received message from client: ppg_data(user_id='01JS4H9F14TFCF0MX0A8K0R75Y', session_id='01JSHSFY7V8MSG26Q6EP7WZ90Y', ppg_value=24223, time='2025-04-24T02:00:34.288537+09:00')
INFO:application:Received message from client: ppg_data(user_id='01JS4H9F14TFCF0MX0A8K0R75Y', session_id='01JSHSFY7V8MSG26Q6EP7WZ90Y', ppg_value=23662, time='2025-04-24T02:00:34.288884+09:00')
INFO:application:Received message from client: ppg_data(user_id='01JS4H9F14TFCF0MX0A8K0R75Y', session_id='01JSHSFY7V8MSG26Q6EP7WZ90Y', ppg_value=22612, time='2025-04-24T02:00:34.289240+09:00')
INFO:application:Received message from client: ppg_data(user_id='01JS4H9F14TFCF0MX0A8K0R75Y', session_id='01JSHSFY7V8MSG26Q6EP7WZ90Y', ppg_value=21776, time='2025-04-24T02:00:34.289633+09:00')
INFO:application:Received message from client: ppg_data(user_id='01JS4H9F14TFCF0MX0A8K0R75Y', session_id='01JSHSFY7V8MSG26Q6EP7WZ90Y', ppg_value=20858, time='2025-04-24T02:00:34.290002+09:00')
INFO:application:Received message from client: ppg_data(user_id='01JS4H9F14TFCF0MX0A8K0R75Y', session_id='01JSHSFY7V8MSG26Q6EP7WZ90Y', ppg_value=20133, time='2025-04-24T02:00:34.290380+09:00')
INFO:application:Received message from client: ppg_data(user_id='01JS4H9F14TFCF0MX0A8K0R75Y', session_id='01JSHSFY7V8MSG26Q6EP7WZ90Y', ppg_value=19981, time='2025-04-24T02:00:34.290802+09:00')
INFO:application:Received message from client: ppg_data(user_id='01JS4H9F14TFCF0MX0A8K0R75Y', session_id='01JSHSFY7V8MSG26Q6EP7WZ90Y', ppg_value=20251, time='2025-04-24T02:00:34.291257+09:00')
INFO:application:Received message from client: ppg_data(user_id='01JS4H9F14TFCF0MX0A8K0R75Y', session_id='01JSHSFY7V8MSG26Q6EP7WZ90Y', ppg_value=20876, time='2025-04-24T02:00:34.291636+09:00')
INFO:application:Received message from client: ppg_data(user_id='01JS4H9F14TFCF0MX0A8K0R75Y', session_id='01JSHSFY7V8MSG26Q6EP7WZ90Y', ppg_value=21759, time='2025-04-24T02:00:34.292023+09:00')
INFO:application:Received message from client: ppg_data(user_id='01JS4H9F14TFCF0MX0A8K0R75Y', session_id='01JSHSFY7V8MSG26Q6EP7WZ90Y', ppg_value=22644, time='2025-04-24T02:00:34.292404+09:00')
INFO:application:Received message from client: ppg_data(user_id='01JS4H9F14TFCF0MX0A8K0R75Y', session_id='01JSHSFY7V8MSG26Q6EP7WZ90Y', ppg_value=23413, time='2025-04-24T02:00:34.292772+09:00')
INFO:application:Received message from client: ppg_data(user_id='01JS4H9F14TFCF0MX0A8K0R75Y', session_id='01JSHSFY7V8MSG26Q6EP7WZ90Y', ppg_value=24299, time='2025-04-24T02:00:34.293134+09:00')
INFO:application:Received message from client: ppg_data(user_id='01JS4H9F14TFCF0MX0A8K0R75Y', session_id='01JSHSFY7V8MSG26Q6EP7WZ90Y', ppg_value=24988, time='2025-04-24T02:00:34.293511+09:00')
INFO:application:Received message from client: ppg_data(user_id='01JS4H9F14TFCF0MX0A8K0R75Y', session_id='01JSHSFY7V8MSG26Q6EP7WZ90Y', ppg_value=25665, time='2025-04-24T02:00:34.293893+09:00')
INFO:application:Received message from client: ppg_data(user_id='01JS4H9F14TFCF0MX0A8K0R75Y', session_id='01JSHSFY7V8MSG26Q6EP7WZ90Y', ppg_value=26373, time='2025-04-24T02:00:34.294268+09:00')
INFO:application:Received message from client: ppg_data(user_id='01JS4H9F14TFCF0MX0A8K0R75Y', session_id='01JSHSFY7V8MSG26Q6EP7WZ90Y', ppg_value=27126, time='2025-04-24T02:00:34.294647+09:00')
INFO:application:Received message from client: ppg_data(user_id='01JS4H9F14TFCF0MX0A8K0R75Y', session_id='01JSHSFY7V8MSG26Q6EP7WZ90Y', ppg_value=28008, time='2025-04-24T02:00:34.295053+09:00')
INFO:main:client disconnected : Address(host='210.96.144.144', port=57310)
INFO:main:받은 총 데이터 개수 : 200
INFO:     connection closed
INFO:application:eyJhbGciOiJIUzI1NiIsInR5cCI6IkpXVCJ9.eyJ1c2VyX2lkIjoiMDFKUzRIOUYxNFRGQ0YwTVgwQThLMFI3NVkiLCJyb2xlIjoiVVNFUiIsImV4cCI6MTc0NTQ0OTIzN30.MsxkrCSbALClzzch2Pf8Uz30FXnDex97iaxiFy6Q5DE
INFO:application:종료 시 데이터 전송 성공: 01JSHSFY7V8MSG26Q6EP7WZ90Y, 데이터 수: 200
INFO:application:모든 백그라운드 태스크가 정리되었습니다.
INFO:     Shutting down
INFO:     Waiting for application shutdown.
INFO:     Application shutdown complete.
INFO:     Finished server process [220903]
